../tinyml_api/submitter_implemented.c:29:6:th_load_tensor	0	static
../tinyml_api/submitter_implemented.c:63:6:th_infer	0	static
../tinyml_api/submitter_implemented.c:69:6:th_final_initialize	8	static
../tinyml_api/submitter_implemented.c:75:6:th_pre	8	static
../tinyml_api/submitter_implemented.c:95:6:th_post	8	static
../tinyml_api/submitter_implemented.c:112:5:th_strncmp	0	static
../tinyml_api/submitter_implemented.c:116:7:th_strncpy	0	static
../tinyml_api/submitter_implemented.c:120:8:th_strnlen	0	static
../tinyml_api/submitter_implemented.c:124:7:th_strcat	0	static
../tinyml_api/submitter_implemented.c:126:7:th_strtok	0	static
../tinyml_api/submitter_implemented.c:128:5:th_atoi	0	static
../tinyml_api/submitter_implemented.c:130:7:th_memset	0	static
../tinyml_api/submitter_implemented.c:132:7:th_memcpy	0	static
../tinyml_api/submitter_implemented.c:101:6:th_command_ready	8	static
../tinyml_api/submitter_implemented.c:137:5:th_vprintf	0	static
../tinyml_api/submitter_implemented.c:140:6:th_printf	16	static
../tinyml_api/submitter_implemented.c:38:6:th_results	56	static
../tinyml_api/submitter_implemented.c:162:6:th_getchar	8	static
../tinyml_api/submitter_implemented.c:164:6:th_serialport_initialize	0	static
../tinyml_api/submitter_implemented.c:169:6:th_timestamp	0	static
../tinyml_api/submitter_implemented.c:190:6:th_timestamp_initialize	8	static
