Archive member included to satisfy reference by file (symbol)

../Middlewares/ST/AI/Lib/NetworkRuntime810_CM7_GCC.a(ai_platform.o)
                              ./X-CUBE-AI/App/network.o (ai_buffer_array_item_set_address)
../Middlewares/ST/AI/Lib/NetworkRuntime810_CM7_GCC.a(ai_platform_interface.o)
                              ./X-CUBE-AI/App/network.o (ai_platform_get_weights_map)
../Middlewares/ST/AI/Lib/NetworkRuntime810_CM7_GCC.a(core_common.o)
                              ../Middlewares/ST/AI/Lib/NetworkRuntime810_CM7_GCC.a(ai_platform_interface.o) (core_init)
../Middlewares/ST/AI/Lib/NetworkRuntime810_CM7_GCC.a(core_mem_manager.o)
                              ../Middlewares/ST/AI/Lib/NetworkRuntime810_CM7_GCC.a(ai_platform_interface.o) (core_mem_alloc)
../Middlewares/ST/AI/Lib/NetworkRuntime810_CM7_GCC.a(layers.o)
                              ../Middlewares/ST/AI/Lib/NetworkRuntime810_CM7_GCC.a(ai_platform_interface.o) (ai_check_custom_types)
../Middlewares/ST/AI/Lib/NetworkRuntime810_CM7_GCC.a(layers_conv2d_sssa8_ch.o)
                              ./X-CUBE-AI/App/network.o (forward_conv2d_sssa8_ch)
../Middlewares/ST/AI/Lib/NetworkRuntime810_CM7_GCC.a(layers_conv2d_stm32_integer.o)
                              ../Middlewares/ST/AI/Lib/NetworkRuntime810_CM7_GCC.a(layers.o) (get_conv2d_scratch_size)
../Middlewares/ST/AI/Lib/NetworkRuntime810_CM7_GCC.a(layers_dw_sssa8_ch.o)
                              ./X-CUBE-AI/App/network.o (forward_dw_3x3_ch1st_sssa8_ch)
../Middlewares/ST/AI/Lib/NetworkRuntime810_CM7_GCC.a(layers_generic_float.o)
                              ./X-CUBE-AI/App/network.o (forward_pad)
../Middlewares/ST/AI/Lib/NetworkRuntime810_CM7_GCC.a(layers_nl_stm32_integer.o)
                              ./X-CUBE-AI/App/network.o (forward_sm_integer)
../Middlewares/ST/AI/Lib/NetworkRuntime810_CM7_GCC.a(layers_pad_generic.o)
                              ../Middlewares/ST/AI/Lib/NetworkRuntime810_CM7_GCC.a(layers_generic_float.o) (forward_pad_8bit_ch1st_3x3_constant)
../Middlewares/ST/AI/Lib/NetworkRuntime810_CM7_GCC.a(layers_pool_stm32_integer.o)
                              ./X-CUBE-AI/App/network.o (forward_ap_integer_INT8)
../Middlewares/ST/AI/Lib/NetworkRuntime810_CM7_GCC.a(layers_pw_sssa8_ch.o)
                              ./X-CUBE-AI/App/network.o (forward_pw_sssa8_ch)
../Middlewares/ST/AI/Lib/NetworkRuntime810_CM7_GCC.a(forward_lite_conv2d_sssa8_ch.o)
                              ../Middlewares/ST/AI/Lib/NetworkRuntime810_CM7_GCC.a(layers_conv2d_sssa8_ch.o) (forward_lite_conv2d_dilated_sssa8_ch)
../Middlewares/ST/AI/Lib/NetworkRuntime810_CM7_GCC.a(forward_lite_dw_sssa8_ch.o)
                              ../Middlewares/ST/AI/Lib/NetworkRuntime810_CM7_GCC.a(layers_dw_sssa8_ch.o) (st_dw_sssa8_ch_Wadapt_3x3_ch1st)
../Middlewares/ST/AI/Lib/NetworkRuntime810_CM7_GCC.a(forward_lite_maxpool_is16os16.o)
                              ../Middlewares/ST/AI/Lib/NetworkRuntime810_CM7_GCC.a(layers_pool_stm32_integer.o) (forward_lite_maxpool_is16os16_scalepos)
../Middlewares/ST/AI/Lib/NetworkRuntime810_CM7_GCC.a(forward_lite_maxpool_is8os8.o)
                              ../Middlewares/ST/AI/Lib/NetworkRuntime810_CM7_GCC.a(layers_pool_stm32_integer.o) (forward_lite_maxpool_is8os8_scalepos)
../Middlewares/ST/AI/Lib/NetworkRuntime810_CM7_GCC.a(forward_lite_maxpool_iu16ou16.o)
                              ../Middlewares/ST/AI/Lib/NetworkRuntime810_CM7_GCC.a(layers_pool_stm32_integer.o) (forward_lite_maxpool_iu16ou16_scalepos)
../Middlewares/ST/AI/Lib/NetworkRuntime810_CM7_GCC.a(forward_lite_maxpool_iu8ou8.o)
                              ../Middlewares/ST/AI/Lib/NetworkRuntime810_CM7_GCC.a(layers_pool_stm32_integer.o) (forward_lite_maxpool_iu8ou8_scalepos)
../Middlewares/ST/AI/Lib/NetworkRuntime810_CM7_GCC.a(forward_lite_pw_sssa8_ch.o)
                              ../Middlewares/ST/AI/Lib/NetworkRuntime810_CM7_GCC.a(layers_pw_sssa8_ch.o) (forward_lite_pw_sssa8_ch)
../Middlewares/ST/AI/Lib/NetworkRuntime810_CM7_GCC.a(lite_generic_float.o)
                              ../Middlewares/ST/AI/Lib/NetworkRuntime810_CM7_GCC.a(layers_generic_float.o) (forward_lite_topK_axis_0_if32of32)
../Middlewares/ST/AI/Lib/NetworkRuntime810_CM7_GCC.a(lite_nl_generic_integer.o)
                              ../Middlewares/ST/AI/Lib/NetworkRuntime810_CM7_GCC.a(layers_nl_stm32_integer.o) (forward_lite_nl_softmax_is8os8)
../Middlewares/ST/AI/Lib/NetworkRuntime810_CM7_GCC.a(forward_lite_pad_generic.o)
                              ../Middlewares/ST/AI/Lib/NetworkRuntime810_CM7_GCC.a(layers_pad_generic.o) (forward_lite_pad_8bit_ch1st_3x3_constant)
../Middlewares/ST/AI/Lib/NetworkRuntime810_CM7_GCC.a(st_convolve_reference.o)
                              ../Middlewares/ST/AI/Lib/NetworkRuntime810_CM7_GCC.a(layers_conv2d_stm32_integer.o) (align_factor)
../Middlewares/ST/AI/Lib/NetworkRuntime810_CM7_GCC.a(st_sssa8_ch_convolve.o)
[...]
Memory Configuration

Name             Origin             Length             Attributes
ITCMRAM          0x00000000         0x00010000         xrw
FLASH            0x08000000         0x00200000         xr
DTCMRAM1         0x20000000         0x00010000         xrw
DTCMRAM2         0x20010000         0x00010000         xrw
RAM              0x24000000         0x00100000         xrw
RAM_CD           0x30000000         0x00020000         xrw
RAM_SRD          0x38000000         0x00008000         xrw
DTCMRAM          0x00000000         0xffffffff
*default*        0x00000000         0xffffffff

Linker script and memory map

LOAD /opt/st/stm32cubeide_1.15.1/plugins/com.st.stm32cube.ide.mcu.externaltools.gnu-tools-for-stm32.12.3.rel1.linux64_1.0.100.202403111256/tools/bin/../lib/gcc/arm-none-eabi/12.3.1/thumb/v7e-m+dp/hard/crti.o
LOAD /opt/st/stm32cubeide_1.15.1/plugins/com.st.stm32cube.ide.mcu.externaltools.gnu-tools-for-stm32.12.3.rel1.linux64_1.0.100.202403111256/tools/bin/../lib/gcc/arm-none-eabi/12.3.1/thumb/v7e-m+dp/hard/crtbegin.o
LOAD /opt/st/stm32cubeide_1.15.1/plugins/com.st.stm32cube.ide.mcu.externaltools.gnu-tools-for-stm32.12.3.rel1.linux64_1.0.100.202403111256/tools/bin/../lib/gcc/arm-none-eabi/12.3.1/../../../../arm-none-eabi/lib/thumb/v7e-m+dp/hard/crt0.o
LOAD ./Core/Src/main.o
LOAD ./Core/Src/stm32h7xx_hal_msp.o
LOAD ./Core/Src/stm32h7xx_it.o
LOAD ./Core/Src/syscalls.o
LOAD ./Core/Src/sysmem.o
LOAD ./Core/Src/system_stm32h7xx.o
LOAD ./Core/Startup/startup_stm32h7a3zitxq.o
LOAD ./Drivers/STM32H7xx_HAL_Driver/Src/stm32h7xx_hal.o
LOAD ./Drivers/STM32H7xx_HAL_Driver/Src/stm32h7xx_hal_cortex.o
LOAD ./Drivers/STM32H7xx_HAL_Driver/Src/stm32h7xx_hal_crc.o
LOAD ./Drivers/STM32H7xx_HAL_Driver/Src/stm32h7xx_hal_crc_ex.o
LOAD ./Drivers/STM32H7xx_HAL_Driver/Src/stm32h7xx_hal_dma.o
LOAD ./Drivers/STM32H7xx_HAL_Driver/Src/stm32h7xx_hal_dma_ex.o
LOAD ./Drivers/STM32H7xx_HAL_Driver/Src/stm32h7xx_hal_exti.o
LOAD ./Drivers/STM32H7xx_HAL_Driver/Src/stm32h7xx_hal_flash.o
LOAD ./Drivers/STM32H7xx_HAL_Driver/Src/stm32h7xx_hal_flash_ex.o
LOAD ./Drivers/STM32H7xx_HAL_Driver/Src/stm32h7xx_hal_gpio.o
LOAD ./Drivers/STM32H7xx_HAL_Driver/Src/stm32h7xx_hal_hsem.o
LOAD ./Drivers/STM32H7xx_HAL_Driver/Src/stm32h7xx_hal_i2c.o
LOAD ./Drivers/STM32H7xx_HAL_Driver/Src/stm32h7xx_hal_i2c_ex.o
LOAD ./Drivers/STM32H7xx_HAL_Driver/Src/stm32h7xx_hal_mdma.o
LOAD ./Drivers/STM32H7xx_HAL_Driver/Src/stm32h7xx_hal_pwr.o
LOAD ./Drivers/STM32H7xx_HAL_Driver/Src/stm32h7xx_hal_pwr_ex.o
LOAD ./Drivers/STM32H7xx_HAL_Driver/Src/stm32h7xx_hal_rcc.o
LOAD ./Drivers/STM32H7xx_HAL_Driver/Src/stm32h7xx_hal_rcc_ex.o
LOAD ./Drivers/STM32H7xx_HAL_Driver/Src/stm32h7xx_hal_tim.o
LOAD ./Drivers/STM32H7xx_HAL_Driver/Src/stm32h7xx_hal_tim_ex.o
LOAD ./Drivers/STM32H7xx_HAL_Driver/Src/stm32h7xx_hal_uart.o
LOAD ./Drivers/STM32H7xx_HAL_Driver/Src/stm32h7xx_hal_uart_ex.o
LOAD ./X-CUBE-AI/App/network.o
LOAD ./X-CUBE-AI/App/network_data.o
LOAD ./X-CUBE-AI/App/network_data_params.o
LOAD ../Middlewares/ST/AI/Lib/NetworkRuntime810_CM7_GCC.a
START GROUP
LOAD /opt/st/stm32cubeide_1.15.1/plugins/com.st.stm32cube.ide.mcu.externaltools.gnu-tools-for-stm32.12.3.rel1.linux64_1.0.100.202403111256/tools/bin/../lib/gcc/arm-none-eabi/12.3.1/../../../../arm-none-eabi/lib/thumb/v7e-m+dp/hard/libc_nano.a
LOAD /opt/st/stm32cubeide_1.15.1/plugins/com.st.stm32cube.ide.mcu.externaltools.gnu-tools-for-stm32.12.3.rel1.linux64_1.0.100.202403111256/tools/bin/../lib/gcc/arm-none-eabi/12.3.1/../../../../arm-none-eabi/lib/thumb/v7e-m+dp/hard/libm.a
END GROUP
START GROUP
LOAD /opt/st/stm32cubeide_1.15.1/plugins/com.st.stm32cube.ide.mcu.externaltools.gnu-tools-for-stm32.12.3.rel1.linux64_1.0.100.202403111256/tools/bin/../lib/gcc/arm-none-eabi/12.3.1/thumb/v7e-m+dp/hard/libgcc.a
LOAD /opt/st/stm32cubeide_1.15.1/plugins/com.st.stm32cube.ide.mcu.externaltools.gnu-tools-for-stm32.12.3.rel1.linux64_1.0.100.202403111256/tools/bin/../lib/gcc/arm-none-eabi/12.3.1/../../../../arm-none-eabi/lib/thumb/v7e-m+dp/hard/libc_nano.a
END GROUP
START GROUP
LOAD /opt/st/stm32cubeide_1.15.1/plugins/com.st.stm32cube.ide.mcu.externaltools.gnu-tools-for-stm32.12.3.rel1.linux64_1.0.100.202403111256/tools/bin/../lib/gcc/arm-none-eabi/12.3.1/thumb/v7e-m+dp/hard/libgcc.a
LOAD /opt/st/stm32cubeide_1.15.1/plugins/com.st.stm32cube.ide.mcu.externaltools.gnu-tools-for-stm32.12.3.rel1.linux64_1.0.100.202403111256/tools/bin/../lib/gcc/arm-none-eabi/12.3.1/../../../../arm-none-eabi/lib/thumb/v7e-m+dp/hard/libc_nano.a
LOAD /opt/st/stm32cubeide_1.15.1/plugins/com.st.stm32cube.ide.mcu.externaltools.gnu-tools-for-stm32.12.3.rel1.linux64_1.0.100.202403111256/tools/bin/../lib/gcc/arm-none-eabi/12.3.1/../../../../arm-none-eabi/lib/thumb/v7e-m+dp/hard/libnosys.a
END GROUP
START GROUP
LOAD /opt/st/stm32cubeide_1.15.1/plugins/com.st.stm32cube.ide.mcu.externaltools.gnu-tools-for-stm32.12.3.rel1.linux64_1.0.100.202403111256/tools/bin/../lib/gcc/arm-none-eabi/12.3.1/thumb/v7e-m+dp/hard/libgcc.a
LOAD /opt/st/stm32cubeide_1.15.1/plugins/com.st.stm32cube.ide.mcu.externaltools.gnu-tools-for-stm32.12.3.rel1.linux64_1.0.100.202403111256/tools/bin/../lib/gcc/arm-none-eabi/12.3.1/../../../../arm-none-eabi/lib/thumb/v7e-m+dp/hard/libc_nano.a
LOAD /opt/st/stm32cubeide_1.15.1/plugins/com.st.stm32cube.ide.mcu.externaltools.gnu-tools-for-stm32.12.3.rel1.linux64_1.0.100.202403111256/tools/bin/../lib/gcc/arm-none-eabi/12.3.1/../../../../arm-none-eabi/lib/thumb/v7e-m+dp/hard/libnosys.a
END GROUP
LOAD /opt/st/stm32cubeide_1.15.1/plugins/com.st.stm32cube.ide.mcu.externaltools.gnu-tools-for-stm32.12.3.rel1.linux64_1.0.100.202403111256/tools/bin/../lib/gcc/arm-none-eabi/12.3.1/thumb/v7e-m+dp/hard/crtend.o
LOAD /opt/st/stm32cubeide_1.15.1/plugins/com.st.stm32cube.ide.mcu.externaltools.gnu-tools-for-stm32.12.3.rel1.linux64_1.0.100.202403111256/tools/bin/../lib/gcc/arm-none-eabi/12.3.1/thumb/v7e-m+dp/hard/crtn.o
                0x24100000                        _estack = (ORIGIN (RAM) + LENGTH (RAM))
                0x00000800                        _Min_Heap_Size = 0x800
                0x00000800                        _Min_Stack_Size = 0x800

.isr_vector     0x08000000      0x2ac
                0x08000000                        . = ALIGN (0x4)
 *(.isr_vector)
 .isr_vector    0x08000000      0x2ac ./Core/Startup/startup_stm32h7a3zitxq.o
                0x08000000                g_pfnVectors
                0x080002ac                        . = ALIGN (0x4)

.text           0x080002ac     0x6fa4
                0x080002ac                        . = ALIGN (0x4)
 *(.text)
 .text          0x080002ac       0x40 /opt/st/stm32cubeide_1.15.1/plugins/com.st.stm32cube.ide.mcu.externaltools.gnu-tools-for-stm32.12.3.rel1.linux64_1.0.100.202403111256/tools/bin/../lib/gcc/arm-none-eabi/12.3.1/thumb/v7e-m+dp/hard/crtbegin.o
 .text          0x080002ec       0x30 /opt/st/stm32cubeide_1.15.1/plugins/com.st.stm32cube.ide.mcu.externaltools.gnu-tools-for-stm32.12.3.rel1.linux64_1.0.100.202403111256/tools/bin/../lib/gcc/arm-none-eabi/12.3.1/thumb/v7e-m+dp/hard/libgcc.a(_aeabi_uldivmod.o)
                0x080002ec                __aeabi_uldivmod
 .text          0x0800031c      0x2bc /opt/st/stm32cubeide_1.15.1/plugins/com.st.stm32cube.ide.mcu.externaltools.gnu-tools-for-stm32.12.3.rel1.linux64_1.0.100.202403111256/tools/bin/../lib/gcc/arm-none-eabi/12.3.1/thumb/v7e-m+dp/hard/libgcc.a(_udivmoddi4.o)
                0x0800031c                __udivmoddi4
 .text          0x080005d8        0x4 /opt/st/stm32cubeide_1.15.1/plugins/com.st.stm32cube.ide.mcu.externaltools.gnu-tools-for-stm32.12.3.rel1.linux64_1.0.100.202403111256/tools/bin/../lib/gcc/arm-none-eabi/12.3.1/thumb/v7e-m+dp/hard/libgcc.a(_dvmd_tls.o)
                0x080005d8                __aeabi_ldiv0
                0x080005d8                __aeabi_idiv0
 *(.text*)
 .text.main     0x080005dc       0xf0 ./Core/Src/main.o
                0x080005dc                main
 .text.SystemClock_Config
                0x080006cc       0xec ./Core/Src/main.o
                0x080006cc                SystemClock_Config
 .text.MX_CRC_Init
                0x080007b8       0x44 ./Core/Src/main.o
 .text.MX_TIM5_Init
                0x080007fc       0x9c ./Core/Src/main.o
 .text.MX_USART1_UART_Init
                0x08000898       0x98 ./Core/Src/main.o
 .text.MX_USART3_UART_Init
                0x08000930       0x98 ./Core/Src/main.o
 .text.MX_GPIO_Init
                0x080009c8      0x22c ./Core/Src/main.o
 .text.Error_Handler
                0x08000bf4        0xc ./Core/Src/main.o
                0x08000bf4                Error_Handler
 .text.HAL_MspInit
                0x08000c00       0x34 ./Core/Src/stm32h7xx_hal_msp.o
                0x08000c00                HAL_MspInit
 .text.HAL_CRC_MspInit
                0x08000c34       0x44 ./Core/Src/stm32h7xx_hal_msp.o
                0x08000c34                HAL_CRC_MspInit
 .text.HAL_TIM_Base_MspInit
                0x08000c78       0x44 ./Core/Src/stm32h7xx_hal_msp.o
                0x08000c78                HAL_TIM_Base_MspInit
 .text.HAL_UART_MspInit
                0x08000cbc      0x194 ./Core/Src/stm32h7xx_hal_msp.o
                0x08000cbc                HAL_UART_MspInit
 .text.NMI_Handler
                0x08000e50        0x8 ./Core/Src/stm32h7xx_it.o
                0x08000e50                NMI_Handler
 .text.HardFault_Handler
                0x08000e58        0x8 ./Core/Src/stm32h7xx_it.o
                0x08000e58                HardFault_Handler
 .text.MemManage_Handler
                0x08000e60        0x8 ./Core/Src/stm32h7xx_it.o
                0x08000e60                MemManage_Handler
 .text.BusFault_Handler
                0x08000e68        0x8 ./Core/Src/stm32h7xx_it.o
                0x08000e68                BusFault_Handler
 .text.UsageFault_Handler
                0x08000e70        0x8 ./Core/Src/stm32h7xx_it.o
                0x08000e70                UsageFault_Handler
 .text.SVC_Handler
                0x08000e78        0xe ./Core/Src/stm32h7xx_it.o
                0x08000e78                SVC_Handler
 .text.DebugMon_Handler
                0x08000e86        0xe ./Core/Src/stm32h7xx_it.o
                0x08000e86                DebugMon_Handler
 .text.PendSV_Handler
                0x08000e94        0xe ./Core/Src/stm32h7xx_it.o
                0x08000e94                PendSV_Handler
 .text.SysTick_Handler
                0x08000ea2        0xc ./Core/Src/stm32h7xx_it.o
                0x08000ea2                SysTick_Handler
 *fill*         0x08000eae        0x2 
 .text.USART1_IRQHandler
                0x08000eb0       0x14 ./Core/Src/stm32h7xx_it.o
                0x08000eb0                USART1_IRQHandler
 .text.USART3_IRQHandler
                0x08000ec4       0x14 ./Core/Src/stm32h7xx_it.o
                0x08000ec4                USART3_IRQHandler
 .text.SystemInit
                0x08000ed8       0xf0 ./Core/Src/system_stm32h7xx.o
                0x08000ed8                SystemInit
 .text.Reset_Handler
                0x08000fc8       0x50 ./Core/Startup/startup_stm32h7a3zitxq.o
                0x08000fc8                Reset_Handler
 .text.Default_Handler
                0x08001018        0x2 ./Core/Startup/startup_stm32h7a3zitxq.o
                0x08001018                RTC_Alarm_IRQHandler
                0x08001018                EXTI2_IRQHandler
                0x08001018                TIM8_CC_IRQHandler
                0x08001018                UART8_IRQHandler
                0x08001018                BDMA2_Channel1_IRQHandler
                0x08001018                SPI4_IRQHandler
                0x08001018                BDMA2_Channel0_IRQHandler
                0x08001018                TIM1_CC_IRQHandler
                0x08001018                DMA2_Stream5_IRQHandler
                0x08001018                JPEG_IRQHandler
                0x08001018                DMA1_Stream5_IRQHandler
                0x08001018                EXTI3_IRQHandler
                0x08001018                LPTIM4_IRQHandler
                0x08001018                TIM8_TRG_COM_TIM14_IRQHandler
                0x08001018                LPTIM2_IRQHandler
                0x08001018                DFSDM1_FLT1_IRQHandler
                0x08001018                DMAMUX2_OVR_IRQHandler
                0x08001018                GFXMMU_IRQHandler
                0x08001018                TIM8_UP_TIM13_IRQHandler
                0x08001018                I2C3_ER_IRQHandler
                0x08001018                DFSDM1_FLT2_IRQHandler
                0x08001018                USART10_IRQHandler
                0x08001018                MDMA_IRQHandler
                0x08001018                LPTIM3_IRQHandler
                0x08001018                BDMA2_Channel3_IRQHandler
                0x08001018                HSEM1_IRQHandler
                0x08001018                EXTI0_IRQHandler
                0x08001018                I2C2_EV_IRQHandler
                0x08001018                DAC2_IRQHandler
                0x08001018                DMA1_Stream2_IRQHandler
                0x08001018                FPU_IRQHandler
                0x08001018                OTG_HS_WKUP_IRQHandler
                0x08001018                FDCAN1_IT1_IRQHandler
                0x08001018                LTDC_ER_IRQHandler
                0x08001018                DMA2_Stream2_IRQHandler
                0x08001018                SPI1_IRQHandler
                0x08001018                OCTOSPI1_IRQHandler
                0x08001018                TIM6_DAC_IRQHandler
                0x08001018                BDMA2_Channel6_IRQHandler
                0x08001018                DMA2_Stream3_IRQHandler
                0x08001018                OCTOSPI2_IRQHandler
                0x08001018                SAI2_IRQHandler
                0x08001018                BDMA1_IRQHandler
                0x08001018                DFSDM1_FLT3_IRQHandler
                0x08001018                USART6_IRQHandler
                0x08001018                TIM17_IRQHandler
                0x08001018                LPTIM5_IRQHandler
                0x08001018                UART5_IRQHandler
                0x08001018                DMA2_Stream0_IRQHandler
                0x08001018                TIM4_IRQHandler
                0x08001018                I2C1_EV_IRQHandler
                0x08001018                DMA1_Stream6_IRQHandler
                0x08001018                DMAMUX1_OVR_IRQHandler
                0x08001018                DMA1_Stream1_IRQHandler
                0x08001018                TIM16_IRQHandler
                0x08001018                UART4_IRQHandler
                0x08001018                TIM3_IRQHandler
                0x08001018                RCC_IRQHandler
                0x08001018                UART9_IRQHandler
                0x08001018                TIM8_BRK_TIM12_IRQHandler
                0x08001018                TIM1_TRG_COM_IRQHandler
                0x08001018                Default_Handler
                0x08001018                ECC_IRQHandler
                0x08001018                BDMA2_Channel2_IRQHandler
                0x08001018                CEC_IRQHandler
                0x08001018                EXTI15_10_IRQHandler
                0x08001018                DFSDM1_FLT4_IRQHandler
                0x08001018                ADC_IRQHandler
                0x08001018                DMA1_Stream7_IRQHandler
                0x08001018                SPI5_IRQHandler
                0x08001018                TIM7_IRQHandler
                0x08001018                SDMMC1_IRQHandler
                0x08001018                TIM5_IRQHandler
                0x08001018                DMA2_Stream7_IRQHandler
                0x08001018                TIM15_IRQHandler
                0x08001018                I2C3_EV_IRQHandler
                0x08001018                DFSDM2_IRQHandler
                0x08001018                EXTI9_5_IRQHandler
                0x08001018                RTC_WKUP_IRQHandler
                0x08001018                LTDC_IRQHandler
                0x08001018                SPDIF_RX_IRQHandler
                0x08001018                PVD_PVM_IRQHandler
                0x08001018                SPI2_IRQHandler
                0x08001018                OTG_HS_EP1_IN_IRQHandler
                0x08001018                DFSDM1_FLT5_IRQHandler
                0x08001018                DMA1_Stream0_IRQHandler
                0x08001018                CRS_IRQHandler
                0x08001018                EXTI4_IRQHandler
                0x08001018                DFSDM1_FLT6_IRQHandler
                0x08001018                RNG_IRQHandler
                0x08001018                FDCAN2_IT1_IRQHandler
                0x08001018                COMP_IRQHandler
                0x08001018                TIM1_UP_IRQHandler
                0x08001018                OTG_HS_EP1_OUT_IRQHandler
                0x08001018                WWDG_IRQHandler
                0x08001018                SPI6_IRQHandler
                0x08001018                MDIOS_IRQHandler
                0x08001018                I2C4_EV_IRQHandler
                0x08001018                FDCAN2_IT0_IRQHandler
                0x08001018                LPUART1_IRQHandler
                0x08001018                FDCAN1_IT0_IRQHandler
                0x08001018                TIM2_IRQHandler
                0x08001018                BDMA2_Channel5_IRQHandler
                0x08001018                OTG_HS_IRQHandler
                0x08001018                DMA2D_IRQHandler
                0x08001018                TIM1_BRK_IRQHandler
                0x08001018                EXTI1_IRQHandler
                0x08001018                SDMMC2_IRQHandler
                0x08001018                DTS_IRQHandler
                0x08001018                UART7_IRQHandler
                0x08001018                MDIOS_WKUP_IRQHandler
                0x08001018                USART2_IRQHandler
                0x08001018                DFSDM1_FLT0_IRQHandler
                0x08001018                I2C2_ER_IRQHandler
                0x08001018                DMA2_Stream1_IRQHandler
                0x08001018                DFSDM1_FLT7_IRQHandler
                0x08001018                FLASH_IRQHandler
                0x08001018                DMA2_Stream4_IRQHandler
                0x08001018                SPI3_IRQHandler
                0x08001018                WAKEUP_PIN_IRQHandler
                0x08001018                DMA1_Stream4_IRQHandler
                0x08001018                I2C1_ER_IRQHandler
                0x08001018                FMC_IRQHandler
                0x08001018                BDMA2_Channel7_IRQHandler
                0x08001018                FDCAN_CAL_IRQHandler
                0x08001018                SWPMI1_IRQHandler
                0x08001018                LPTIM1_IRQHandler
                0x08001018                DCMI_PSSI_IRQHandler
                0x08001018                I2C4_ER_IRQHandler
                0x08001018                DMA2_Stream6_IRQHandler
                0x08001018                SAI1_IRQHandler
                0x08001018                DMA1_Stream3_IRQHandler
                0x08001018                RTC_TAMP_STAMP_CSS_LSE_IRQHandler
                0x08001018                BDMA2_Channel4_IRQHandler
 *fill*         0x0800101a        0x2 
 .text.HAL_Init
                0x0800101c       0x78 ./Drivers/STM32H7xx_HAL_Driver/Src/stm32h7xx_hal.o
                0x0800101c                HAL_Init
 .text.HAL_InitTick
                0x08001094       0x6c ./Drivers/STM32H7xx_HAL_Driver/Src/stm32h7xx_hal.o
                0x08001094                HAL_InitTick
 .text.HAL_IncTick
                0x08001100       0x28 ./Drivers/STM32H7xx_HAL_Driver/Src/stm32h7xx_hal.o
                0x08001100                HAL_IncTick
 .text.HAL_GetTick
                0x08001128       0x18 ./Drivers/STM32H7xx_HAL_Driver/Src/stm32h7xx_hal.o
                0x08001128                HAL_GetTick
 .text.__NVIC_SetPriorityGrouping
                0x08001140       0x48 ./Drivers/STM32H7xx_HAL_Driver/Src/stm32h7xx_hal_cortex.o
 .text.__NVIC_GetPriorityGrouping
                0x08001188       0x1c ./Drivers/STM32H7xx_HAL_Driver/Src/stm32h7xx_hal_cortex.o
 .text.__NVIC_EnableIRQ
                0x080011a4       0x3c ./Drivers/STM32H7xx_HAL_Driver/Src/stm32h7xx_hal_cortex.o
 .text.__NVIC_SetPriority
                0x080011e0       0x54 ./Drivers/STM32H7xx_HAL_Driver/Src/stm32h7xx_hal_cortex.o
 .text.NVIC_EncodePriority
                0x08001234       0x66 ./Drivers/STM32H7xx_HAL_Driver/Src/stm32h7xx_hal_cortex.o
 *fill*         0x0800129a        0x2 
 .text.SysTick_Config
                0x0800129c       0x44 ./Drivers/STM32H7xx_HAL_Driver/Src/stm32h7xx_hal_cortex.o
 .text.HAL_NVIC_SetPriorityGrouping
                0x080012e0       0x16 ./Drivers/STM32H7xx_HAL_Driver/Src/stm32h7xx_hal_cortex.o
                0x080012e0                HAL_NVIC_SetPriorityGrouping
 .text.HAL_NVIC_SetPriority
                0x080012f6       0x34 ./Drivers/STM32H7xx_HAL_Driver/Src/stm32h7xx_hal_cortex.o
                0x080012f6                HAL_NVIC_SetPriority
 .text.HAL_NVIC_EnableIRQ
                0x0800132a       0x1c ./Drivers/STM32H7xx_HAL_Driver/Src/stm32h7xx_hal_cortex.o
                0x0800132a                HAL_NVIC_EnableIRQ
 .text.HAL_SYSTICK_Config
                0x08001346       0x18 ./Drivers/STM32H7xx_HAL_Driver/Src/stm32h7xx_hal_cortex.o
                0x08001346                HAL_SYSTICK_Config
 *fill*         0x0800135e        0x2 
 .text.HAL_CRC_Init
                0x08001360       0xc8 ./Drivers/STM32H7xx_HAL_Driver/Src/stm32h7xx_hal_crc.o
                0x08001360                HAL_CRC_Init
 .text.HAL_CRCEx_Polynomial_Set
                0x08001428      0x11c ./Drivers/STM32H7xx_HAL_Driver/Src/stm32h7xx_hal_crc_ex.o
                0x08001428                HAL_CRCEx_Polynomial_Set
 .text.HAL_DMA_Abort
                0x08001544      0x63c ./Drivers/STM32H7xx_HAL_Driver/Src/stm32h7xx_hal_dma.o
                0x08001544                HAL_DMA_Abort
 .text.HAL_DMA_Abort_IT
                0x08001b80      0x48c ./Drivers/STM32H7xx_HAL_Driver/Src/stm32h7xx_hal_dma.o
                0x08001b80                HAL_DMA_Abort_IT
 .text.HAL_GPIO_Init
                0x0800200c      0x360 ./Drivers/STM32H7xx_HAL_Driver/Src/stm32h7xx_hal_gpio.o
                0x0800200c                HAL_GPIO_Init
 .text.HAL_GPIO_WritePin
                0x0800236c       0x32 ./Drivers/STM32H7xx_HAL_Driver/Src/stm32h7xx_hal_gpio.o
                0x0800236c                HAL_GPIO_WritePin
 *fill*         0x0800239e        0x2 
 .text.HAL_PWREx_ConfigSupply
                0x080023a0       0xb4 ./Drivers/STM32H7xx_HAL_Driver/Src/stm32h7xx_hal_pwr_ex.o
                0x080023a0                HAL_PWREx_ConfigSupply
 .text.HAL_RCC_OscConfig
                0x08002454      0x864 ./Drivers/STM32H7xx_HAL_Driver/Src/stm32h7xx_hal_rcc.o
                0x08002454                HAL_RCC_OscConfig
 .text.HAL_RCC_ClockConfig
                0x08002cb8      0x36c ./Drivers/STM32H7xx_HAL_Driver/Src/stm32h7xx_hal_rcc.o
                0x08002cb8                HAL_RCC_ClockConfig
 .text.HAL_RCC_GetSysClockFreq
                0x08003024      0x2f4 ./Drivers/STM32H7xx_HAL_Driver/Src/stm32h7xx_hal_rcc.o
                0x08003024                HAL_RCC_GetSysClockFreq
 .text.HAL_RCC_GetHCLKFreq
                0x08003318       0x60 ./Drivers/STM32H7xx_HAL_Driver/Src/stm32h7xx_hal_rcc.o
                0x08003318                HAL_RCC_GetHCLKFreq
 .text.HAL_RCC_GetPCLK1Freq
                0x08003378       0x2c ./Drivers/STM32H7xx_HAL_Driver/Src/stm32h7xx_hal_rcc.o
                0x08003378                HAL_RCC_GetPCLK1Freq
 .text.HAL_RCC_GetPCLK2Freq
                0x080033a4       0x2c ./Drivers/STM32H7xx_HAL_Driver/Src/stm32h7xx_hal_rcc.o
                0x080033a4                HAL_RCC_GetPCLK2Freq
 .text.HAL_RCCEx_PeriphCLKConfig
                0x080033d0     0x137c ./Drivers/STM32H7xx_HAL_Driver/Src/stm32h7xx_hal_rcc_ex.o
                0x080033d0                HAL_RCCEx_PeriphCLKConfig
 .text.HAL_RCCEx_GetD3PCLK1Freq
                0x0800474c       0x2c ./Drivers/STM32H7xx_HAL_Driver/Src/stm32h7xx_hal_rcc_ex.o
                0x0800474c                HAL_RCCEx_GetD3PCLK1Freq
 .text.HAL_RCCEx_GetPLL2ClockFreq
                0x08004778      0x2a8 ./Drivers/STM32H7xx_HAL_Driver/Src/stm32h7xx_hal_rcc_ex.o
                0x08004778                HAL_RCCEx_GetPLL2ClockFreq
 .text.HAL_RCCEx_GetPLL3ClockFreq
                0x08004a20      0x2a8 ./Drivers/STM32H7xx_HAL_Driver/Src/stm32h7xx_hal_rcc_ex.o
                0x08004a20                HAL_RCCEx_GetPLL3ClockFreq
 .text.RCCEx_PLL2_Config
                0x08004cc8      0x164 ./Drivers/STM32H7xx_HAL_Driver/Src/stm32h7xx_hal_rcc_ex.o
 .text.RCCEx_PLL3_Config
                0x08004e2c      0x164 ./Drivers/STM32H7xx_HAL_Driver/Src/stm32h7xx_hal_rcc_ex.o
 .text.HAL_TIM_Base_Init
                0x08004f90       0xae ./Drivers/STM32H7xx_HAL_Driver/Src/stm32h7xx_hal_tim.o
                0x08004f90                HAL_TIM_Base_Init
 *fill*         0x0800503e        0x2 
 .text.HAL_TIM_ConfigClockSource
                0x08005040      0x1f0 ./Drivers/STM32H7xx_HAL_Driver/Src/stm32h7xx_hal_tim.o
                0x08005040                HAL_TIM_ConfigClockSource
 .text.TIM_Base_SetConfig
                0x08005230      0x134 ./Drivers/STM32H7xx_HAL_Driver/Src/stm32h7xx_hal_tim.o
                0x08005230                TIM_Base_SetConfig
 .text.TIM_TI1_ConfigInputStage
                0x08005364       0x5e ./Drivers/STM32H7xx_HAL_Driver/Src/stm32h7xx_hal_tim.o
 .text.TIM_TI2_ConfigInputStage
                0x080053c2       0x60 ./Drivers/STM32H7xx_HAL_Driver/Src/stm32h7xx_hal_tim.o
 *fill*         0x08005422        0x2 
 .text.TIM_ITRx_SetConfig
                0x08005424       0x3c ./Drivers/STM32H7xx_HAL_Driver/Src/stm32h7xx_hal_tim.o
 .text.TIM_ETR_SetConfig
                0x08005460       0x40 ./Drivers/STM32H7xx_HAL_Driver/Src/stm32h7xx_hal_tim.o
                0x08005460                TIM_ETR_SetConfig
 .text.HAL_TIMEx_MasterConfigSynchronization
                0x080054a0      0x11c ./Drivers/STM32H7xx_HAL_Driver/Src/stm32h7xx_hal_tim_ex.o
                0x080054a0                HAL_TIMEx_MasterConfigSynchronization
 .text.HAL_UART_Init
                0x080055bc       0xa0 ./Drivers/STM32H7xx_HAL_Driver/Src/stm32h7xx_hal_uart.o
                0x080055bc                HAL_UART_Init
 .text.HAL_UART_IRQHandler
                0x0800565c      0x774 ./Drivers/STM32H7xx_HAL_Driver/Src/stm32h7xx_hal_uart.o
                0x0800565c                HAL_UART_IRQHandler
 .text.HAL_UART_TxCpltCallback
                0x08005dd0       0x14 ./Drivers/STM32H7xx_HAL_Driver/Src/stm32h7xx_hal_uart.o
                0x08005dd0                HAL_UART_TxCpltCallback
 .text.HAL_UART_ErrorCallback
                0x08005de4       0x14 ./Drivers/STM32H7xx_HAL_Driver/Src/stm32h7xx_hal_uart.o
                0x08005de4                HAL_UART_ErrorCallback
 .text.HAL_UARTEx_RxEventCallback
                0x08005df8       0x18 ./Drivers/STM32H7xx_HAL_Driver/Src/stm32h7xx_hal_uart.o
                0x08005df8                HAL_UARTEx_RxEventCallback
 .text.UART_SetConfig
                0x08005e10      0xcd8 ./Drivers/STM32H7xx_HAL_Driver/Src/stm32h7xx_hal_uart.o
                0x08005e10                UART_SetConfig
 .text.UART_AdvFeatureConfig
                0x08006ae8      0x144 ./Drivers/STM32H7xx_HAL_Driver/Src/stm32h7xx_hal_uart.o
                0x08006ae8                UART_AdvFeatureConfig
 .text.UART_CheckIdleState
                0x08006c2c      0x154 ./Drivers/STM32H7xx_HAL_Driver/Src/stm32h7xx_hal_uart.o
                0x08006c2c                UART_CheckIdleState
 .text.UART_WaitOnFlagUntilTimeout
                0x08006d80       0xce ./Drivers/STM32H7xx_HAL_Driver/Src/stm32h7xx_hal_uart.o
                0x08006d80                UART_WaitOnFlagUntilTimeout
 *fill*         0x08006e4e        0x2 
 .text.UART_EndRxTransfer
                0x08006e50       0xcc ./Drivers/STM32H7xx_HAL_Driver/Src/stm32h7xx_hal_uart.o
 .text.UART_DMAAbortOnError
                0x08006f1c       0x2c ./Drivers/STM32H7xx_HAL_Driver/Src/stm32h7xx_hal_uart.o
 .text.UART_EndTransmit_IT
                0x08006f48       0x56 ./Drivers/STM32H7xx_HAL_Driver/Src/stm32h7xx_hal_uart.o
 .text.HAL_UARTEx_WakeupCallback
                0x08006f9e       0x14 ./Drivers/STM32H7xx_HAL_Driver/Src/stm32h7xx_hal_uart_ex.o
                0x08006f9e                HAL_UARTEx_WakeupCallback
 .text.HAL_UARTEx_RxFifoFullCallback
                0x08006fb2       0x14 ./Drivers/STM32H7xx_HAL_Driver/Src/stm32h7xx_hal_uart_ex.o
                0x08006fb2                HAL_UARTEx_RxFifoFullCallback
 .text.HAL_UARTEx_TxFifoEmptyCallback
                0x08006fc6       0x14 ./Drivers/STM32H7xx_HAL_Driver/Src/stm32h7xx_hal_uart_ex.o
                0x08006fc6                HAL_UARTEx_TxFifoEmptyCallback
 .text.HAL_UARTEx_DisableFifoMode
                0x08006fda       0x72 ./Drivers/STM32H7xx_HAL_Driver/Src/stm32h7xx_hal_uart_ex.o
                0x08006fda                HAL_UARTEx_DisableFifoMode
 .text.HAL_UARTEx_SetTxFifoThreshold
                0x0800704c       0x7c ./Drivers/STM32H7xx_HAL_Driver/Src/stm32h7xx_hal_uart_ex.o
                0x0800704c                HAL_UARTEx_SetTxFifoThreshold
 .text.HAL_UARTEx_SetRxFifoThreshold
                0x080070c8       0x7c ./Drivers/STM32H7xx_HAL_Driver/Src/stm32h7xx_hal_uart_ex.o
                0x080070c8                HAL_UARTEx_SetRxFifoThreshold
 .text.UARTEx_SetNbDataToProcess
                0x08007144       0x9c ./Drivers/STM32H7xx_HAL_Driver/Src/stm32h7xx_hal_uart_ex.o
 .text.memset   0x080071e0       0x10 /opt/st/stm32cubeide_1.15.1/plugins/com.st.stm32cube.ide.mcu.externaltools.gnu-tools-for-stm32.12.3.rel1.linux64_1.0.100.202403111256/tools/bin/../lib/gcc/arm-none-eabi/12.3.1/../../../../arm-none-eabi/lib/thumb/v7e-m+dp/hard/libc_nano.a(libc_a-memset.o)
                0x080071e0                memset
 .text.__libc_init_array
                0x080071f0       0x48 /opt/st/stm32cubeide_1.15.1/plugins/com.st.stm32cube.ide.mcu.externaltools.gnu-tools-for-stm32.12.3.rel1.linux64_1.0.100.202403111256/tools/bin/../lib/gcc/arm-none-eabi/12.3.1/../../../../arm-none-eabi/lib/thumb/v7e-m+dp/hard/libc_nano.a(libc_a-init.o)
                0x080071f0                __libc_init_array
 *(.glue_7)
 .glue_7        0x08007238        0x0 linker stubs
 *(.glue_7t)
 .glue_7t       0x08007238        0x0 linker stubs
 *(.eh_frame)
 .eh_frame      0x08007238        0x0 /opt/st/stm32cubeide_1.15.1/plugins/com.st.stm32cube.ide.mcu.externaltools.gnu-tools-for-stm32.12.3.rel1.linux64_1.0.100.202403111256/tools/bin/../lib/gcc/arm-none-eabi/12.3.1/thumb/v7e-m+dp/hard/crtbegin.o
 *(.init)
 .init          0x08007238        0x4 /opt/st/stm32cubeide_1.15.1/plugins/com.st.stm32cube.ide.mcu.externaltools.gnu-tools-for-stm32.12.3.rel1.linux64_1.0.100.202403111256/tools/bin/../lib/gcc/arm-none-eabi/12.3.1/thumb/v7e-m+dp/hard/crti.o
                0x08007238                _init
 .init          0x0800723c        0x8 /opt/st/stm32cubeide_1.15.1/plugins/com.st.stm32cube.ide.mcu.externaltools.gnu-tools-for-stm32.12.3.rel1.linux64_1.0.100.202403111256/tools/bin/../lib/gcc/arm-none-eabi/12.3.1/thumb/v7e-m+dp/hard/crtn.o
 *(.fini)
 .fini          0x08007244        0x4 /opt/st/stm32cubeide_1.15.1/plugins/com.st.stm32cube.ide.mcu.externaltools.gnu-tools-for-stm32.12.3.rel1.linux64_1.0.100.202403111256/tools/bin/../lib/gcc/arm-none-eabi/12.3.1/thumb/v7e-m+dp/hard/crti.o
                0x08007244                _fini
 .fini          0x08007248        0x8 /opt/st/stm32cubeide_1.15.1/plugins/com.st.stm32cube.ide.mcu.externaltools.gnu-tools-for-stm32.12.3.rel1.linux64_1.0.100.202403111256/tools/bin/../lib/gcc/arm-none-eabi/12.3.1/thumb/v7e-m+dp/hard/crtn.o
                0x08007250                        . = ALIGN (0x4)
                0x08007250                        _etext = .

.vfp11_veneer   0x08007250        0x0
 .vfp11_veneer  0x08007250        0x0 linker stubs

.v4_bx          0x08007250        0x0
 .v4_bx         0x08007250        0x0 linker stubs

.iplt           0x08007250        0x0
 .iplt          0x08007250        0x0 /opt/st/stm32cubeide_1.15.1/plugins/com.st.stm32cube.ide.mcu.externaltools.gnu-tools-for-stm32.12.3.rel1.linux64_1.0.100.202403111256/tools/bin/../lib/gcc/arm-none-eabi/12.3.1/thumb/v7e-m+dp/hard/crtbegin.o

.rodata         0x08007250       0x38
                0x08007250                        . = ALIGN (0x4)
 *(.rodata)
 *(.rodata*)
 .rodata.D1CorePrescTable
                0x08007250       0x10 ./Core/Src/system_stm32h7xx.o
                0x08007250                D1CorePrescTable
 .rodata.UARTPrescTable
                0x08007260       0x18 ./Drivers/STM32H7xx_HAL_Driver/Src/stm32h7xx_hal_uart.o
                0x08007260                UARTPrescTable
 .rodata.numerator.1
                0x08007278        0x8 ./Drivers/STM32H7xx_HAL_Driver/Src/stm32h7xx_hal_uart_ex.o
 .rodata.denominator.0
                0x08007280        0x8 ./Drivers/STM32H7xx_HAL_Driver/Src/stm32h7xx_hal_uart_ex.o
                0x08007288                        . = ALIGN (0x4)

.ARM.extab
 *(.ARM.extab* .gnu.linkonce.armextab.*)

.ARM            0x08007288        0x8
                0x08007288                        __exidx_start = .
 *(.ARM.exidx*)
 .ARM.exidx     0x08007288        0x8 /opt/st/stm32cubeide_1.15.1/plugins/com.st.stm32cube.ide.mcu.externaltools.gnu-tools-for-stm32.12.3.rel1.linux64_1.0.100.202403111256/tools/bin/../lib/gcc/arm-none-eabi/12.3.1/thumb/v7e-m+dp/hard/libgcc.a(_udivmoddi4.o)
                0x08007290                        __exidx_end = .

.preinit_array  0x08007290        0x0
                0x08007290                        PROVIDE (__preinit_array_start = .)
 *(.preinit_array*)
                0x08007290                        PROVIDE (__preinit_array_end = .)

.init_array     0x08007290        0x4
                0x08007290                        PROVIDE (__init_array_start = .)
 *(SORT_BY_NAME(.init_array.*))
 *(.init_array*)
 .init_array    0x08007290        0x4 /opt/st/stm32cubeide_1.15.1/plugins/com.st.stm32cube.ide.mcu.externaltools.gnu-tools-for-stm32.12.3.rel1.linux64_1.0.100.202403111256/tools/bin/../lib/gcc/arm-none-eabi/12.3.1/thumb/v7e-m+dp/hard/crtbegin.o
                0x08007294                        PROVIDE (__init_array_end = .)

.fini_array     0x08007294        0x4
                [!provide]                        PROVIDE (__fini_array_start = .)
 *(SORT_BY_NAME(.fini_array.*))
 *(.fini_array*)
 .fini_array    0x08007294        0x4 /opt/st/stm32cubeide_1.15.1/plugins/com.st.stm32cube.ide.mcu.externaltools.gnu-tools-for-stm32.12.3.rel1.linux64_1.0.100.202403111256/tools/bin/../lib/gcc/arm-none-eabi/12.3.1/thumb/v7e-m+dp/hard/crtbegin.o
                [!provide]                        PROVIDE (__fini_array_end = .)
                0x08007298                        _sidata = LOADADDR (.data)

.rel.dyn        0x08007298        0x0
 .rel.iplt      0x08007298        0x0 /opt/st/stm32cubeide_1.15.1/plugins/com.st.stm32cube.ide.mcu.externaltools.gnu-tools-for-stm32.12.3.rel1.linux64_1.0.100.202403111256/tools/bin/../lib/gcc/arm-none-eabi/12.3.1/thumb/v7e-m+dp/hard/crtbegin.o

.AI_DTCMRAM     0x00000000        0x0
                0x00000000                        . = ALIGN (0x4)
 *(.AI_DTCMRAM)

.AI_ITCMRAM     0x00000000        0x0
                0x00000000                        . = ALIGN (0x4)
 *(.AI_ITCMRAM)

.data           0x24000000       0x10 load address 0x08007298
                0x24000000                        . = ALIGN (0x4)
                0x24000000                        _sdata = .
 *(.data)
 *(.data*)
 .data.SystemCoreClock
                0x24000000        0x4 ./Core/Src/system_stm32h7xx.o
                0x24000000                SystemCoreClock
 .data.SystemD2Clock
                0x24000004        0x4 ./Core/Src/system_stm32h7xx.o
                0x24000004                SystemD2Clock
 .data.uwTickPrio
                0x24000008        0x4 ./Drivers/STM32H7xx_HAL_Driver/Src/stm32h7xx_hal.o
                0x24000008                uwTickPrio
 .data.uwTickFreq
                0x2400000c        0x1 ./Drivers/STM32H7xx_HAL_Driver/Src/stm32h7xx_hal.o
                0x2400000c                uwTickFreq
 *(.RamFunc)
 *(.RamFunc*)
                0x24000010                        . = ALIGN (0x4)
 *fill*         0x2400000d        0x3 
                0x24000010                        _edata = .

.igot.plt       0x24000010        0x0 load address 0x080072a8
 .igot.plt      0x24000010        0x0 /opt/st/stm32cubeide_1.15.1/plugins/com.st.stm32cube.ide.mcu.externaltools.gnu-tools-for-stm32.12.3.rel1.linux64_1.0.100.202403111256/tools/bin/../lib/gcc/arm-none-eabi/12.3.1/thumb/v7e-m+dp/hard/crtbegin.o
                0x24000010                        . = ALIGN (0x4)

.bss            0x24000010      0x1b8 load address 0x080072a8
                0x24000010                        _sbss = .
                0x24000010                        __bss_start__ = _sbss
 *(.bss)
 .bss           0x24000010       0x1c /opt/st/stm32cubeide_1.15.1/plugins/com.st.stm32cube.ide.mcu.externaltools.gnu-tools-for-stm32.12.3.rel1.linux64_1.0.100.202403111256/tools/bin/../lib/gcc/arm-none-eabi/12.3.1/thumb/v7e-m+dp/hard/crtbegin.o
 *(.bss*)
 .bss.hcrc      0x2400002c       0x24 ./Core/Src/main.o
                0x2400002c                hcrc
 .bss.htim5     0x24000050       0x4c ./Core/Src/main.o
                0x24000050                htim5
 .bss.huart1    0x2400009c       0x94 ./Core/Src/main.o
                0x2400009c                huart1
 .bss.huart3    0x24000130       0x94 ./Core/Src/main.o
                0x24000130                huart3
 .bss.uwTick    0x240001c4        0x4 ./Drivers/STM32H7xx_HAL_Driver/Src/stm32h7xx_hal.o
                0x240001c4                uwTick
 *(COMMON)
                0x240001c8                        . = ALIGN (0x4)
                0x240001c8                        _ebss = .
                0x240001c8                        __bss_end__ = _ebss

._user_heap_stack
                0x20000000     0x1000
                0x20000000                        . = ALIGN (0x8)
                [!provide]                        PROVIDE (end = .)
                0x20000000                        PROVIDE (_end = .)
                0x20000800                        . = (. + _Min_Heap_Size)
 *fill*         0x20000000      0x800 
                0x20001000                        . = (. + _Min_Stack_Size)
 *fill*         0x20000800      0x800 
                0x20001000                        . = ALIGN (0x8)

/DISCARD/
 libc.a(*)
 libm.a(*)
 libgcc.a(*)

.ARM.attributes
                0x00000000       0x2e
 *(.ARM.attributes)
 .ARM.attributes
                0x00000000       0x20 /opt/st/stm32cubeide_1.15.1/plugins/com.st.stm32cube.ide.mcu.externaltools.gnu-tools-for-stm32.12.3.rel1.linux64_1.0.100.202403111256/tools/bin/../lib/gcc/arm-none-eabi/12.3.1/thumb/v7e-m+dp/hard/crti.o
 .ARM.attributes
                0x00000020       0x32 /opt/st/stm32cubeide_1.15.1/plugins/com.st.stm32cube.ide.mcu.externaltools.gnu-tools-for-stm32.12.3.rel1.linux64_1.0.100.202403111256/tools/bin/../lib/gcc/arm-none-eabi/12.3.1/thumb/v7e-m+dp/hard/crtbegin.o
 .ARM.attributes
                0x00000052       0x32 ./Core/Src/main.o
 .ARM.attributes
                0x00000084       0x32 ./Core/Src/stm32h7xx_hal_msp.o
 .ARM.attributes
                0x000000b6       0x32 ./Core/Src/stm32h7xx_it.o
 .ARM.attributes
                0x000000e8       0x32 ./Core/Src/system_stm32h7xx.o
 .ARM.attributes
                0x0000011a       0x21 ./Core/Startup/startup_stm32h7a3zitxq.o
 .ARM.attributes
                0x0000013b       0x32 ./Drivers/STM32H7xx_HAL_Driver/Src/stm32h7xx_hal.o
 .ARM.attributes
                0x0000016d       0x32 ./Drivers/STM32H7xx_HAL_Driver/Src/stm32h7xx_hal_cortex.o
 .ARM.attributes
                0x0000019f       0x32 ./Drivers/STM32H7xx_HAL_Driver/Src/stm32h7xx_hal_crc.o
 .ARM.attributes
                0x000001d1       0x32 ./Drivers/STM32H7xx_HAL_Driver/Src/stm32h7xx_hal_crc_ex.o
 .ARM.attributes
                0x00000203       0x32 ./Drivers/STM32H7xx_HAL_Driver/Src/stm32h7xx_hal_dma.o
 .ARM.attributes
                0x00000235       0x32 ./Drivers/STM32H7xx_HAL_Driver/Src/stm32h7xx_hal_gpio.o
 .ARM.attributes
                0x00000267       0x32 ./Drivers/STM32H7xx_HAL_Driver/Src/stm32h7xx_hal_pwr_ex.o
 .ARM.attributes
                0x00000299       0x32 ./Drivers/STM32H7xx_HAL_Driver/Src/stm32h7xx_hal_rcc.o
 .ARM.attributes
                0x000002cb       0x32 ./Drivers/STM32H7xx_HAL_Driver/Src/stm32h7xx_hal_rcc_ex.o
 .ARM.attributes
                0x000002fd       0x32 ./Drivers/STM32H7xx_HAL_Driver/Src/stm32h7xx_hal_tim.o
 .ARM.attributes
                0x0000032f       0x32 ./Drivers/STM32H7xx_HAL_Driver/Src/stm32h7xx_hal_tim_ex.o
 .ARM.attributes
                0x00000361       0x32 ./Drivers/STM32H7xx_HAL_Driver/Src/stm32h7xx_hal_uart.o
 .ARM.attributes
                0x00000393       0x32 ./Drivers/STM32H7xx_HAL_Driver/Src/stm32h7xx_hal_uart_ex.o
 .ARM.attributes
                0x000003c5       0x32 /opt/st/stm32cubeide_1.15.1/plugins/com.st.stm32cube.ide.mcu.externaltools.gnu-tools-for-stm32.12.3.rel1.linux64_1.0.100.202403111256/tools/bin/../lib/gcc/arm-none-eabi/12.3.1/../../../../arm-none-eabi/lib/thumb/v7e-m+dp/hard/libc_nano.a(libc_a-memset.o)
 .ARM.attributes
                0x000003f7       0x32 /opt/st/stm32cubeide_1.15.1/plugins/com.st.stm32cube.ide.mcu.externaltools.gnu-tools-for-stm32.12.3.rel1.linux64_1.0.100.202403111256/tools/bin/../lib/gcc/arm-none-eabi/12.3.1/../../../../arm-none-eabi/lib/thumb/v7e-m+dp/hard/libc_nano.a(libc_a-init.o)
 .ARM.attributes
                0x00000429       0x20 /opt/st/stm32cubeide_1.15.1/plugins/com.st.stm32cube.ide.mcu.externaltools.gnu-tools-for-stm32.12.3.rel1.linux64_1.0.100.202403111256/tools/bin/../lib/gcc/arm-none-eabi/12.3.1/thumb/v7e-m+dp/hard/libgcc.a(_aeabi_uldivmod.o)
 .ARM.attributes
                0x00000449       0x32 /opt/st/stm32cubeide_1.15.1/plugins/com.st.stm32cube.ide.mcu.externaltools.gnu-tools-for-stm32.12.3.rel1.linux64_1.0.100.202403111256/tools/bin/../lib/gcc/arm-none-eabi/12.3.1/thumb/v7e-m+dp/hard/libgcc.a(_udivmoddi4.o)
 .ARM.attributes
                0x0000047b       0x20 /opt/st/stm32cubeide_1.15.1/plugins/com.st.stm32cube.ide.mcu.externaltools.gnu-tools-for-stm32.12.3.rel1.linux64_1.0.100.202403111256/tools/bin/../lib/gcc/arm-none-eabi/12.3.1/thumb/v7e-m+dp/hard/libgcc.a(_dvmd_tls.o)
 .ARM.attributes
                0x0000049b       0x20 /opt/st/stm32cubeide_1.15.1/plugins/com.st.stm32cube.ide.mcu.externaltools.gnu-tools-for-stm32.12.3.rel1.linux64_1.0.100.202403111256/tools/bin/../lib/gcc/arm-none-eabi/12.3.1/thumb/v7e-m+dp/hard/crtn.o
OUTPUT(KWS01.elf elf32-littlearm)
LOAD linker stubs
LOAD /opt/st/stm32cubeide_1.15.1/plugins/com.st.stm32cube.ide.mcu.externaltools.gnu-tools-for-stm32.12.3.rel1.linux64_1.0.100.202403111256/tools/bin/../lib/gcc/arm-none-eabi/12.3.1/../../../../arm-none-eabi/lib/thumb/v7e-m+dp/hard/libc.a
LOAD /opt/st/stm32cubeide_1.15.1/plugins/com.st.stm32cube.ide.mcu.externaltools.gnu-tools-for-stm32.12.3.rel1.linux64_1.0.100.202403111256/tools/bin/../lib/gcc/arm-none-eabi/12.3.1/../../../../arm-none-eabi/lib/thumb/v7e-m+dp/hard/libm.a
LOAD /opt/st/stm32cubeide_1.15.1/plugins/com.st.stm32cube.ide.mcu.externaltools.gnu-tools-for-stm32.12.3.rel1.linux64_1.0.100.202403111256/tools/bin/../lib/gcc/arm-none-eabi/12.3.1/thumb/v7e-m+dp/hard/libgcc.a

.debug_info     0x00000000    0x15e51
 .debug_info    0x00000000     0x1d4b ./Core/Src/main.o
 .debug_info    0x00001d4b     0x1a35 ./Core/Src/stm32h7xx_hal_msp.o
 .debug_info    0x00003780      0x848 ./Core/Src/stm32h7xx_it.o
 .debug_info    0x00003fc8      0xc73 ./Core/Src/system_stm32h7xx.o
 .debug_info    0x00004c3b       0x30 ./Core/Startup/startup_stm32h7a3zitxq.o
 .debug_info    0x00004c6b     0x13f1 ./Drivers/STM32H7xx_HAL_Driver/Src/stm32h7xx_hal.o
 .debug_info    0x0000605c     0x1042 ./Drivers/STM32H7xx_HAL_Driver/Src/stm32h7xx_hal_cortex.o
 .debug_info    0x0000709e      0x51e ./Drivers/STM32H7xx_HAL_Driver/Src/stm32h7xx_hal_crc.o
 .debug_info    0x000075bc      0x33b ./Drivers/STM32H7xx_HAL_Driver/Src/stm32h7xx_hal_crc_ex.o
 .debug_info    0x000078f7      0xb67 ./Drivers/STM32H7xx_HAL_Driver/Src/stm32h7xx_hal_dma.o
 .debug_info    0x0000845e      0xb2b ./Drivers/STM32H7xx_HAL_Driver/Src/stm32h7xx_hal_gpio.o
 .debug_info    0x00008f89      0xef7 ./Drivers/STM32H7xx_HAL_Driver/Src/stm32h7xx_hal_pwr_ex.o
 .debug_info    0x00009e80      0xea1 ./Drivers/STM32H7xx_HAL_Driver/Src/stm32h7xx_hal_rcc.o
 .debug_info    0x0000ad21     0x11fd ./Drivers/STM32H7xx_HAL_Driver/Src/stm32h7xx_hal_rcc_ex.o
 .debug_info    0x0000bf1e     0x2b8b ./Drivers/STM32H7xx_HAL_Driver/Src/stm32h7xx_hal_tim.o
 .debug_info    0x0000eaa9     0x18c1 ./Drivers/STM32H7xx_HAL_Driver/Src/stm32h7xx_hal_tim_ex.o
 .debug_info    0x0001036a     0x4b32 ./Drivers/STM32H7xx_HAL_Driver/Src/stm32h7xx_hal_uart.o
 .debug_info    0x00014e9c      0xfb5 ./Drivers/STM32H7xx_HAL_Driver/Src/stm32h7xx_hal_uart_ex.o

.debug_abbrev   0x00000000     0x2900
 .debug_abbrev  0x00000000      0x360 ./Core/Src/main.o
 .debug_abbrev  0x00000360      0x27a ./Core/Src/stm32h7xx_hal_msp.o
 .debug_abbrev  0x000005da      0x172 ./Core/Src/stm32h7xx_it.o
 .debug_abbrev  0x0000074c      0x14a ./Core/Src/system_stm32h7xx.o
 .debug_abbrev  0x00000896       0x24 ./Core/Startup/startup_stm32h7a3zitxq.o
 .debug_abbrev  0x000008ba      0x291 ./Drivers/STM32H7xx_HAL_Driver/Src/stm32h7xx_hal.o
 .debug_abbrev  0x00000b4b      0x339 ./Drivers/STM32H7xx_HAL_Driver/Src/stm32h7xx_hal_cortex.o
 .debug_abbrev  0x00000e84      0x1e7 ./Drivers/STM32H7xx_HAL_Driver/Src/stm32h7xx_hal_crc.o
 .debug_abbrev  0x0000106b      0x151 ./Drivers/STM32H7xx_HAL_Driver/Src/stm32h7xx_hal_crc_ex.o
 .debug_abbrev  0x000011bc      0x248 ./Drivers/STM32H7xx_HAL_Driver/Src/stm32h7xx_hal_dma.o
 .debug_abbrev  0x00001404      0x1fa ./Drivers/STM32H7xx_HAL_Driver/Src/stm32h7xx_hal_gpio.o
 .debug_abbrev  0x000015fe      0x297 ./Drivers/STM32H7xx_HAL_Driver/Src/stm32h7xx_hal_pwr_ex.o
 .debug_abbrev  0x00001895      0x2c5 ./Drivers/STM32H7xx_HAL_Driver/Src/stm32h7xx_hal_rcc.o
 .debug_abbrev  0x00001b5a      0x27a ./Drivers/STM32H7xx_HAL_Driver/Src/stm32h7xx_hal_rcc_ex.o
 .debug_abbrev  0x00001dd4      0x276 ./Drivers/STM32H7xx_HAL_Driver/Src/stm32h7xx_hal_tim.o
 .debug_abbrev  0x0000204a      0x296 ./Drivers/STM32H7xx_HAL_Driver/Src/stm32h7xx_hal_tim_ex.o
 .debug_abbrev  0x000022e0      0x34e ./Drivers/STM32H7xx_HAL_Driver/Src/stm32h7xx_hal_uart.o
 .debug_abbrev  0x0000262e      0x2d2 ./Drivers/STM32H7xx_HAL_Driver/Src/stm32h7xx_hal_uart_ex.o

.debug_aranges  0x00000000     0x1118
 .debug_aranges
                0x00000000       0x58 ./Core/Src/main.o
 .debug_aranges
                0x00000058       0x50 ./Core/Src/stm32h7xx_hal_msp.o
 .debug_aranges
                0x000000a8       0x70 ./Core/Src/stm32h7xx_it.o
 .debug_aranges
                0x00000118       0x28 ./Core/Src/system_stm32h7xx.o
 .debug_aranges
                0x00000140       0x28 ./Core/Startup/startup_stm32h7a3zitxq.o
 .debug_aranges
                0x00000168      0x1a0 ./Drivers/STM32H7xx_HAL_Driver/Src/stm32h7xx_hal.o
 .debug_aranges
                0x00000308      0x120 ./Drivers/STM32H7xx_HAL_Driver/Src/stm32h7xx_hal_cortex.o
 .debug_aranges
                0x00000428       0x60 ./Drivers/STM32H7xx_HAL_Driver/Src/stm32h7xx_hal_crc.o
 .debug_aranges
                0x00000488       0x30 ./Drivers/STM32H7xx_HAL_Driver/Src/stm32h7xx_hal_crc_ex.o
 .debug_aranges
                0x000004b8       0xa0 ./Drivers/STM32H7xx_HAL_Driver/Src/stm32h7xx_hal_dma.o
 .debug_aranges
                0x00000558       0x58 ./Drivers/STM32H7xx_HAL_Driver/Src/stm32h7xx_hal_gpio.o
 .debug_aranges
                0x000005b0      0x188 ./Drivers/STM32H7xx_HAL_Driver/Src/stm32h7xx_hal_pwr_ex.o
 .debug_aranges
                0x00000738       0x88 ./Drivers/STM32H7xx_HAL_Driver/Src/stm32h7xx_hal_rcc.o
 .debug_aranges
                0x000007c0       0xf0 ./Drivers/STM32H7xx_HAL_Driver/Src/stm32h7xx_hal_rcc_ex.o
 .debug_aranges
                0x000008b0      0x3e0 ./Drivers/STM32H7xx_HAL_Driver/Src/stm32h7xx_hal_tim.o
 .debug_aranges
                0x00000c90      0x198 ./Drivers/STM32H7xx_HAL_Driver/Src/stm32h7xx_hal_tim_ex.o
 .debug_aranges
                0x00000e28      0x248 ./Drivers/STM32H7xx_HAL_Driver/Src/stm32h7xx_hal_uart.o
 .debug_aranges
                0x00001070       0xa8 ./Drivers/STM32H7xx_HAL_Driver/Src/stm32h7xx_hal_uart_ex.o

.debug_rnglists
                0x00000000      0xd67
 .debug_rnglists
                0x00000000       0x43 ./Core/Src/main.o
 .debug_rnglists
                0x00000043       0x38 ./Core/Src/stm32h7xx_hal_msp.o
 .debug_rnglists
                0x0000007b       0x4f ./Core/Src/stm32h7xx_it.o
 .debug_rnglists
                0x000000ca       0x1b ./Core/Src/system_stm32h7xx.o
 .debug_rnglists
                0x000000e5       0x19 ./Core/Startup/startup_stm32h7a3zitxq.o
 .debug_rnglists
                0x000000fe      0x137 ./Drivers/STM32H7xx_HAL_Driver/Src/stm32h7xx_hal.o
 .debug_rnglists
                0x00000235       0xd4 ./Drivers/STM32H7xx_HAL_Driver/Src/stm32h7xx_hal_cortex.o
 .debug_rnglists
                0x00000309       0x47 ./Drivers/STM32H7xx_HAL_Driver/Src/stm32h7xx_hal_crc.o
 .debug_rnglists
                0x00000350       0x20 ./Drivers/STM32H7xx_HAL_Driver/Src/stm32h7xx_hal_crc_ex.o
 .debug_rnglists
                0x00000370       0x82 ./Drivers/STM32H7xx_HAL_Driver/Src/stm32h7xx_hal_dma.o
 .debug_rnglists
                0x000003f2       0x3f ./Drivers/STM32H7xx_HAL_Driver/Src/stm32h7xx_hal_gpio.o
 .debug_rnglists
                0x00000431      0x126 ./Drivers/STM32H7xx_HAL_Driver/Src/stm32h7xx_hal_pwr_ex.o
 .debug_rnglists
                0x00000557       0x68 ./Drivers/STM32H7xx_HAL_Driver/Src/stm32h7xx_hal_rcc.o
 .debug_rnglists
                0x000005bf       0xba ./Drivers/STM32H7xx_HAL_Driver/Src/stm32h7xx_hal_rcc_ex.o
 .debug_rnglists
                0x00000679      0x328 ./Drivers/STM32H7xx_HAL_Driver/Src/stm32h7xx_hal_tim.o
 .debug_rnglists
                0x000009a1      0x14d ./Drivers/STM32H7xx_HAL_Driver/Src/stm32h7xx_hal_tim_ex.o
 .debug_rnglists
                0x00000aee      0x1fa ./Drivers/STM32H7xx_HAL_Driver/Src/stm32h7xx_hal_uart.o
 .debug_rnglists
                0x00000ce8       0x7f ./Drivers/STM32H7xx_HAL_Driver/Src/stm32h7xx_hal_uart_ex.o

.debug_macro    0x00000000    0x308c6
 .debug_macro   0x00000000      0x2c6 ./Core/Src/main.o
 .debug_macro   0x000002c6      0xacc ./Core/Src/main.o
 .debug_macro   0x00000d92      0x23e ./Core/Src/main.o
 .debug_macro   0x00000fd0       0x2e ./Core/Src/main.o
 .debug_macro   0x00000ffe       0x42 ./Core/Src/main.o
 .debug_macro   0x00001040       0x22 ./Core/Src/main.o
 .debug_macro   0x00001062       0x8e ./Core/Src/main.o
 .debug_macro   0x000010f0       0x51 ./Core/Src/main.o
 .debug_macro   0x00001141      0x103 ./Core/Src/main.o
 .debug_macro   0x00001244       0x6a ./Core/Src/main.o
 .debug_macro   0x000012ae      0x1df ./Core/Src/main.o
 .debug_macro   0x0000148d       0x1c ./Core/Src/main.o
 .debug_macro   0x000014a9       0x22 ./Core/Src/main.o
 .debug_macro   0x000014cb       0xfb ./Core/Src/main.o
 .debug_macro   0x000015c6     0x1305 ./Core/Src/main.o
 .debug_macro   0x000028cb      0x11f ./Core/Src/main.o
 .debug_macro   0x000029ea       0x27 ./Core/Src/main.o
 .debug_macro   0x00002a11    0x1e8d1 ./Core/Src/main.o
 .debug_macro   0x000212e2       0x6d ./Core/Src/main.o
 .debug_macro   0x0002134f     0x3d64 ./Core/Src/main.o
 .debug_macro   0x000250b3      0x189 ./Core/Src/main.o
 .debug_macro   0x0002523c       0x61 ./Core/Src/main.o
 .debug_macro   0x0002529d       0x29 ./Core/Src/main.o
 .debug_macro   0x000252c6       0x43 ./Core/Src/main.o
 .debug_macro   0x00025309       0x34 ./Core/Src/main.o
 .debug_macro   0x0002533d       0x16 ./Core/Src/main.o
 .debug_macro   0x00025353       0x43 ./Core/Src/main.o
 .debug_macro   0x00025396       0x34 ./Core/Src/main.o
 .debug_macro   0x000253ca       0x10 ./Core/Src/main.o
 .debug_macro   0x000253da       0x58 ./Core/Src/main.o
 .debug_macro   0x00025432       0x8e ./Core/Src/main.o
 .debug_macro   0x000254c0       0x1c ./Core/Src/main.o
 .debug_macro   0x000254dc      0x177 ./Core/Src/main.o
 .debug_macro   0x00025653      0x369 ./Core/Src/main.o
 .debug_macro   0x000259bc      0x19b ./Core/Src/main.o
 .debug_macro   0x00025b57       0x5d ./Core/Src/main.o
 .debug_macro   0x00025bb4     0x24ee ./Core/Src/main.o
 .debug_macro   0x000280a2     0x103a ./Core/Src/main.o
 .debug_macro   0x000290dc      0x154 ./Core/Src/main.o
 .debug_macro   0x00029230      0x114 ./Core/Src/main.o
 .debug_macro   0x00029344      0x3bf ./Core/Src/main.o
 .debug_macro   0x00029703       0xac ./Core/Src/main.o
 .debug_macro   0x000297af      0x70a ./Core/Src/main.o
 .debug_macro   0x00029eb9      0x20c ./Core/Src/main.o
 .debug_macro   0x0002a0c5       0x66 ./Core/Src/main.o
 .debug_macro   0x0002a12b      0x3c9 ./Core/Src/main.o
 .debug_macro   0x0002a4f4      0x3eb ./Core/Src/main.o
 .debug_macro   0x0002a8df      0x275 ./Core/Src/main.o
 .debug_macro   0x0002ab54       0xc7 ./Core/Src/main.o
 .debug_macro   0x0002ac1b       0x4c ./Core/Src/main.o
 .debug_macro   0x0002ac67      0x6c8 ./Core/Src/main.o
 .debug_macro   0x0002b32f      0x520 ./Core/Src/main.o
 .debug_macro   0x0002b84f       0x58 ./Core/Src/main.o
 .debug_macro   0x0002b8a7       0x4a ./Core/Src/main.o
 .debug_macro   0x0002b8f1      0x22c ./Core/Src/main.o
 .debug_macro   0x0002bb1d       0x67 ./Core/Src/main.o
 .debug_macro   0x0002bb84       0xa5 ./Core/Src/main.o
 .debug_macro   0x0002bc29      0x1bd ./Core/Src/main.o
 .debug_macro   0x0002bde6      0x2dc ./Core/Src/main.o
 .debug_macro   0x0002c0c2       0x35 ./Core/Src/main.o
 .debug_macro   0x0002c0f7      0xb1d ./Core/Src/main.o
 .debug_macro   0x0002cc14      0x29f ./Core/Src/main.o
 .debug_macro   0x0002ceb3      0x693 ./Core/Src/main.o
 .debug_macro   0x0002d546       0xa6 ./Core/Src/main.o
 .debug_macro   0x0002d5ec      0x5be ./Core/Src/main.o
 .debug_macro   0x0002dbaa      0x2c6 ./Core/Src/stm32h7xx_hal_msp.o
 .debug_macro   0x0002de70      0x2d0 ./Core/Src/stm32h7xx_it.o
 .debug_macro   0x0002e140      0x2bc ./Core/Src/system_stm32h7xx.o
 .debug_macro   0x0002e3fc      0x2e6 ./Drivers/STM32H7xx_HAL_Driver/Src/stm32h7xx_hal.o
 .debug_macro   0x0002e6e2      0x2bc ./Drivers/STM32H7xx_HAL_Driver/Src/stm32h7xx_hal_cortex.o
 .debug_macro   0x0002e99e      0x2bc ./Drivers/STM32H7xx_HAL_Driver/Src/stm32h7xx_hal_crc.o
 .debug_macro   0x0002ec5a      0x2bc ./Drivers/STM32H7xx_HAL_Driver/Src/stm32h7xx_hal_crc_ex.o
 .debug_macro   0x0002ef16      0x310 ./Drivers/STM32H7xx_HAL_Driver/Src/stm32h7xx_hal_dma.o
 .debug_macro   0x0002f226      0x2c3 ./Drivers/STM32H7xx_HAL_Driver/Src/stm32h7xx_hal_gpio.o
 .debug_macro   0x0002f4e9      0x2f5 ./Drivers/STM32H7xx_HAL_Driver/Src/stm32h7xx_hal_pwr_ex.o
 .debug_macro   0x0002f7de      0x2e0 ./Drivers/STM32H7xx_HAL_Driver/Src/stm32h7xx_hal_rcc.o
 .debug_macro   0x0002fabe      0x2da ./Drivers/STM32H7xx_HAL_Driver/Src/stm32h7xx_hal_rcc_ex.o
 .debug_macro   0x0002fd98      0x2bd ./Drivers/STM32H7xx_HAL_Driver/Src/stm32h7xx_hal_tim.o
 .debug_macro   0x00030055      0x2c2 ./Drivers/STM32H7xx_HAL_Driver/Src/stm32h7xx_hal_tim_ex.o
 .debug_macro   0x00030317      0x2e7 ./Drivers/STM32H7xx_HAL_Driver/Src/stm32h7xx_hal_uart.o
 .debug_macro   0x000305fe      0x2c8 ./Drivers/STM32H7xx_HAL_Driver/Src/stm32h7xx_hal_uart_ex.o

.debug_line     0x00000000    0x178fa
 .debug_line    0x00000000      0xb84 ./Core/Src/main.o
 .debug_line    0x00000b84      0x962 ./Core/Src/stm32h7xx_hal_msp.o
 .debug_line    0x000014e6      0x93e ./Core/Src/stm32h7xx_it.o
 .debug_line    0x00001e24      0x9fc ./Core/Src/system_stm32h7xx.o
 .debug_line    0x00002820       0x7a ./Core/Startup/startup_stm32h7a3zitxq.o
 .debug_line    0x0000289a      0xe09 ./Drivers/STM32H7xx_HAL_Driver/Src/stm32h7xx_hal.o
 .debug_line    0x000036a3      0xe01 ./Drivers/STM32H7xx_HAL_Driver/Src/stm32h7xx_hal_cortex.o
 .debug_line    0x000044a4      0xb8c ./Drivers/STM32H7xx_HAL_Driver/Src/stm32h7xx_hal_crc.o
 .debug_line    0x00005030      0x908 ./Drivers/STM32H7xx_HAL_Driver/Src/stm32h7xx_hal_crc_ex.o
 .debug_line    0x00005938     0x288c ./Drivers/STM32H7xx_HAL_Driver/Src/stm32h7xx_hal_dma.o
 .debug_line    0x000081c4      0xcd4 ./Drivers/STM32H7xx_HAL_Driver/Src/stm32h7xx_hal_gpio.o
 .debug_line    0x00008e98      0xf87 ./Drivers/STM32H7xx_HAL_Driver/Src/stm32h7xx_hal_pwr_ex.o
 .debug_line    0x00009e1f     0x1357 ./Drivers/STM32H7xx_HAL_Driver/Src/stm32h7xx_hal_rcc.o
 .debug_line    0x0000b176     0x1bf0 ./Drivers/STM32H7xx_HAL_Driver/Src/stm32h7xx_hal_rcc_ex.o
 .debug_line    0x0000cd66     0x3f6f ./Drivers/STM32H7xx_HAL_Driver/Src/stm32h7xx_hal_tim.o
 .debug_line    0x00010cd5     0x1eb2 ./Drivers/STM32H7xx_HAL_Driver/Src/stm32h7xx_hal_tim_ex.o
 .debug_line    0x00012b87     0x3ed9 ./Drivers/STM32H7xx_HAL_Driver/Src/stm32h7xx_hal_uart.o
 .debug_line    0x00016a60      0xe9a ./Drivers/STM32H7xx_HAL_Driver/Src/stm32h7xx_hal_uart_ex.o

.debug_str      0x00000000   0x13f979
 .debug_str     0x00000000   0x13a516 ./Core/Src/main.o
                             0x13aa9a (size before relaxing)
 .debug_str     0x0013a516      0xad2 ./Core/Src/stm32h7xx_hal_msp.o
                             0x13b143 (size before relaxing)
 .debug_str     0x0013afe8      0x101 ./Core/Src/stm32h7xx_it.o
                             0x139ea4 (size before relaxing)
 .debug_str     0x0013b0e9      0x20b ./Core/Src/system_stm32h7xx.o
                             0x139d72 (size before relaxing)
 .debug_str     0x0013b2f4       0x45 ./Core/Startup/startup_stm32h7a3zitxq.o
                                 0xb0 (size before relaxing)
 .debug_str     0x0013b339      0x7f7 ./Drivers/STM32H7xx_HAL_Driver/Src/stm32h7xx_hal.o
                             0x13ac46 (size before relaxing)
 .debug_str     0x0013bb30      0x327 ./Drivers/STM32H7xx_HAL_Driver/Src/stm32h7xx_hal_cortex.o
                             0x13a656 (size before relaxing)
 .debug_str     0x0013be57       0xcc ./Drivers/STM32H7xx_HAL_Driver/Src/stm32h7xx_hal_crc.o
                             0x139ae1 (size before relaxing)
 .debug_str     0x0013bf23       0x69 ./Drivers/STM32H7xx_HAL_Driver/Src/stm32h7xx_hal_crc_ex.o
                             0x139a87 (size before relaxing)
 .debug_str     0x0013bf8c      0x8f1 ./Drivers/STM32H7xx_HAL_Driver/Src/stm32h7xx_hal_dma.o
                             0x13a4a1 (size before relaxing)
 .debug_str     0x0013c87d       0xec ./Drivers/STM32H7xx_HAL_Driver/Src/stm32h7xx_hal_gpio.o
                             0x139d23 (size before relaxing)
 .debug_str     0x0013c969      0x756 ./Drivers/STM32H7xx_HAL_Driver/Src/stm32h7xx_hal_pwr_ex.o
                             0x13a2a8 (size before relaxing)
 .debug_str     0x0013d0bf      0x22e ./Drivers/STM32H7xx_HAL_Driver/Src/stm32h7xx_hal_rcc.o
                             0x13a14b (size before relaxing)
 .debug_str     0x0013d2ed      0x623 ./Drivers/STM32H7xx_HAL_Driver/Src/stm32h7xx_hal_rcc_ex.o
                             0x13a5e0 (size before relaxing)
 .debug_str     0x0013d910      0xe24 ./Drivers/STM32H7xx_HAL_Driver/Src/stm32h7xx_hal_tim.o
                             0x13aea8 (size before relaxing)
 .debug_str     0x0013e734      0x5ff ./Drivers/STM32H7xx_HAL_Driver/Src/stm32h7xx_hal_tim_ex.o
                             0x13a865 (size before relaxing)
 .debug_str     0x0013ed33      0x9e0 ./Drivers/STM32H7xx_HAL_Driver/Src/stm32h7xx_hal_uart.o
                             0x13ac7b (size before relaxing)
 .debug_str     0x0013f713      0x266 ./Drivers/STM32H7xx_HAL_Driver/Src/stm32h7xx_hal_uart_ex.o
                             0x13a21a (size before relaxing)

.comment        0x00000000       0x43
 .comment       0x00000000       0x43 ./Core/Src/main.o
                                 0x44 (size before relaxing)
 .comment       0x00000043       0x44 ./Core/Src/stm32h7xx_hal_msp.o
 .comment       0x00000043       0x44 ./Core/Src/stm32h7xx_it.o
 .comment       0x00000043       0x44 ./Core/Src/system_stm32h7xx.o
 .comment       0x00000043       0x44 ./Drivers/STM32H7xx_HAL_Driver/Src/stm32h7xx_hal.o
 .comment       0x00000043       0x44 ./Drivers/STM32H7xx_HAL_Driver/Src/stm32h7xx_hal_cortex.o
 .comment       0x00000043       0x44 ./Drivers/STM32H7xx_HAL_Driver/Src/stm32h7xx_hal_crc.o
 .comment       0x00000043       0x44 ./Drivers/STM32H7xx_HAL_Driver/Src/stm32h7xx_hal_crc_ex.o
 .comment       0x00000043       0x44 ./Drivers/STM32H7xx_HAL_Driver/Src/stm32h7xx_hal_dma.o
 .comment       0x00000043       0x44 ./Drivers/STM32H7xx_HAL_Driver/Src/stm32h7xx_hal_gpio.o
 .comment       0x00000043       0x44 ./Drivers/STM32H7xx_HAL_Driver/Src/stm32h7xx_hal_pwr_ex.o
 .comment       0x00000043       0x44 ./Drivers/STM32H7xx_HAL_Driver/Src/stm32h7xx_hal_rcc.o
 .comment       0x00000043       0x44 ./Drivers/STM32H7xx_HAL_Driver/Src/stm32h7xx_hal_rcc_ex.o
 .comment       0x00000043       0x44 ./Drivers/STM32H7xx_HAL_Driver/Src/stm32h7xx_hal_tim.o
 .comment       0x00000043       0x44 ./Drivers/STM32H7xx_HAL_Driver/Src/stm32h7xx_hal_tim_ex.o
 .comment       0x00000043       0x44 ./Drivers/STM32H7xx_HAL_Driver/Src/stm32h7xx_hal_uart.o
 .comment       0x00000043       0x44 ./Drivers/STM32H7xx_HAL_Driver/Src/stm32h7xx_hal_uart_ex.o

.debug_frame    0x00000000     0x4898
 .debug_frame   0x00000000      0x108 ./Core/Src/main.o
 .debug_frame   0x00000108      0x124 ./Core/Src/stm32h7xx_hal_msp.o
 .debug_frame   0x0000022c      0x13c ./Core/Src/stm32h7xx_it.o
 .debug_frame   0x00000368       0x58 ./Core/Src/system_stm32h7xx.o
 .debug_frame   0x000003c0      0x6a8 ./Drivers/STM32H7xx_HAL_Driver/Src/stm32h7xx_hal.o
 .debug_frame   0x00000a68      0x4b8 ./Drivers/STM32H7xx_HAL_Driver/Src/stm32h7xx_hal_cortex.o
 .debug_frame   0x00000f20      0x168 ./Drivers/STM32H7xx_HAL_Driver/Src/stm32h7xx_hal_crc.o
 .debug_frame   0x00001088       0x88 ./Drivers/STM32H7xx_HAL_Driver/Src/stm32h7xx_hal_crc_ex.o
 .debug_frame   0x00001110      0x2b4 ./Drivers/STM32H7xx_HAL_Driver/Src/stm32h7xx_hal_dma.o
 .debug_frame   0x000013c4      0x14c ./Drivers/STM32H7xx_HAL_Driver/Src/stm32h7xx_hal_gpio.o
 .debug_frame   0x00001510      0x660 ./Drivers/STM32H7xx_HAL_Driver/Src/stm32h7xx_hal_pwr_ex.o
 .debug_frame   0x00001b70      0x1fc ./Drivers/STM32H7xx_HAL_Driver/Src/stm32h7xx_hal_rcc.o
 .debug_frame   0x00001d6c      0x3ec ./Drivers/STM32H7xx_HAL_Driver/Src/stm32h7xx_hal_rcc_ex.o
 .debug_frame   0x00002158     0x121c ./Drivers/STM32H7xx_HAL_Driver/Src/stm32h7xx_hal_tim.o
 .debug_frame   0x00003374      0x724 ./Drivers/STM32H7xx_HAL_Driver/Src/stm32h7xx_hal_tim_ex.o
 .debug_frame   0x00003a98      0xa94 ./Drivers/STM32H7xx_HAL_Driver/Src/stm32h7xx_hal_uart.o
 .debug_frame   0x0000452c      0x2c0 ./Drivers/STM32H7xx_HAL_Driver/Src/stm32h7xx_hal_uart_ex.o
 .debug_frame   0x000047ec       0x20 /opt/st/stm32cubeide_1.15.1/plugins/com.st.stm32cube.ide.mcu.externaltools.gnu-tools-for-stm32.12.3.rel1.linux64_1.0.100.202403111256/tools/bin/../lib/gcc/arm-none-eabi/12.3.1/../../../../arm-none-eabi/lib/thumb/v7e-m+dp/hard/libc_nano.a(libc_a-memset.o)
 .debug_frame   0x0000480c       0x2c /opt/st/stm32cubeide_1.15.1/plugins/com.st.stm32cube.ide.mcu.externaltools.gnu-tools-for-stm32.12.3.rel1.linux64_1.0.100.202403111256/tools/bin/../lib/gcc/arm-none-eabi/12.3.1/../../../../arm-none-eabi/lib/thumb/v7e-m+dp/hard/libc_nano.a(libc_a-init.o)
 .debug_frame   0x00004838       0x2c /opt/st/stm32cubeide_1.15.1/plugins/com.st.stm32cube.ide.mcu.externaltools.gnu-tools-for-stm32.12.3.rel1.linux64_1.0.100.202403111256/tools/bin/../lib/gcc/arm-none-eabi/12.3.1/thumb/v7e-m+dp/hard/libgcc.a(_aeabi_uldivmod.o)
 .debug_frame   0x00004864       0x34 /opt/st/stm32cubeide_1.15.1/plugins/com.st.stm32cube.ide.mcu.externaltools.gnu-tools-for-stm32.12.3.rel1.linux64_1.0.100.202403111256/tools/bin/../lib/gcc/arm-none-eabi/12.3.1/thumb/v7e-m+dp/hard/libgcc.a(_udivmoddi4.o)

.debug_line_str
                0x00000000       0x94
 .debug_line_str
                0x00000000       0x94 ./Core/Startup/startup_stm32h7a3zitxq.o
