Archive member included to satisfy reference by file (symbol)

../Middlewares/ST/AI/Lib\NetworkRuntime810_CM4_GCC.a(ai_platform.o)
                              ./X-CUBE-AI/App/network.o (ai_buffer_array_item_set_address)
../Middlewares/ST/AI/Lib\NetworkRuntime810_CM4_GCC.a(ai_platform_interface.o)
                              ./X-CUBE-AI/App/network.o (ai_platform_get_weights_map)
../Middlewares/ST/AI/Lib\NetworkRuntime810_CM4_GCC.a(core_common.o)
                              ../Middlewares/ST/AI/Lib\NetworkRuntime810_CM4_GCC.a(ai_platform_interface.o) (core_init)
../Middlewares/ST/AI/Lib\NetworkRuntime810_CM4_GCC.a(core_mem_manager.o)
                              ../Middlewares/ST/AI/Lib\NetworkRuntime810_CM4_GCC.a(ai_platform_interface.o) (core_mem_alloc)
../Middlewares/ST/AI/Lib\NetworkRuntime810_CM4_GCC.a(layers.o)
                              ../Middlewares/ST/AI/Lib\NetworkRuntime810_CM4_GCC.a(ai_platform_interface.o) (ai_check_custom_types)
../Middlewares/ST/AI/Lib\NetworkRuntime810_CM4_GCC.a(layers_conv2d_rgb_sssa8_ch.o)
                              ./X-CUBE-AI/App/network.o (forward_conv2d_rgb_sssa8_ch)
../Middlewares/ST/AI/Lib\NetworkRuntime810_CM4_GCC.a(layers_conv2d_sssa8_ch.o)
                              ./X-CUBE-AI/App/network.o (forward_conv2d_deep_3x3_sssa8_ch)
../Middlewares/ST/AI/Lib\NetworkRuntime810_CM4_GCC.a(layers_conv2d_stm32_integer.o)
                              ../Middlewares/ST/AI/Lib\NetworkRuntime810_CM4_GCC.a(layers.o) (get_conv2d_scratch_size)
../Middlewares/ST/AI/Lib\NetworkRuntime810_CM4_GCC.a(layers_generic_float.o)
                              ./X-CUBE-AI/App/network.o (forward_pad)
../Middlewares/ST/AI/Lib\NetworkRuntime810_CM4_GCC.a(layers_nl_stm32_integer.o)
                              ./X-CUBE-AI/App/network.o (forward_sm_integer)
../Middlewares/ST/AI/Lib\NetworkRuntime810_CM4_GCC.a(layers_pad_generic.o)
                              ../Middlewares/ST/AI/Lib\NetworkRuntime810_CM4_GCC.a(layers_generic_float.o) (forward_pad_8bit_ch1st_3x3_constant)
../Middlewares/ST/AI/Lib\NetworkRuntime810_CM4_GCC.a(layers_pool_stm32_integer.o)
                              ./X-CUBE-AI/App/network.o (forward_ap_integer_INT8)
../Middlewares/ST/AI/Lib\NetworkRuntime810_CM4_GCC.a(layers_stm32_integer.o)
                              ./X-CUBE-AI/App/network.o (forward_eltwise_integer_INT8)
../Middlewares/ST/AI/Lib\NetworkRuntime810_CM4_GCC.a(forward_lite_conv2d_sssa8_ch.o)
                              ../Middlewares/ST/AI/Lib\NetworkRuntime810_CM4_GCC.a(layers_conv2d_sssa8_ch.o) (forward_lite_conv2d_dilated_sssa8_ch)
../Middlewares/ST/AI/Lib\NetworkRuntime810_CM4_GCC.a(forward_lite_maxpool_is16os16.o)
                              ../Middlewares/ST/AI/Lib\NetworkRuntime810_CM4_GCC.a(layers_pool_stm32_integer.o) (forward_lite_maxpool_is16os16_scalepos)
../Middlewares/ST/AI/Lib\NetworkRuntime810_CM4_GCC.a(forward_lite_maxpool_is8os8.o)
                              ../Middlewares/ST/AI/Lib\NetworkRuntime810_CM4_GCC.a(layers_pool_stm32_integer.o) (forward_lite_maxpool_is8os8_scalepos)
../Middlewares/ST/AI/Lib\NetworkRuntime810_CM4_GCC.a(forward_lite_maxpool_iu16ou16.o)
                              ../Middlewares/ST/AI/Lib\NetworkRuntime810_CM4_GCC.a(layers_pool_stm32_integer.o) (forward_lite_maxpool_iu16ou16_scalepos)
../Middlewares/ST/AI/Lib\NetworkRuntime810_CM4_GCC.a(forward_lite_maxpool_iu8ou8.o)
                              ../Middlewares/ST/AI/Lib\NetworkRuntime810_CM4_GCC.a(layers_pool_stm32_integer.o) (forward_lite_maxpool_iu8ou8_scalepos)
../Middlewares/ST/AI/Lib\NetworkRuntime810_CM4_GCC.a(lite_generic_float.o)
                              ../Middlewares/ST/AI/Lib\NetworkRuntime810_CM4_GCC.a(layers_generic_float.o) (forward_lite_topK_axis_0_if32of32)
../Middlewares/ST/AI/Lib\NetworkRuntime810_CM4_GCC.a(lite_nl_generic_integer.o)
                              ../Middlewares/ST/AI/Lib\NetworkRuntime810_CM4_GCC.a(layers_nl_stm32_integer.o) (forward_lite_nl_softmax_is8os8)
../Middlewares/ST/AI/Lib\NetworkRuntime810_CM4_GCC.a(forward_lite_pad_generic.o)
                              ../Middlewares/ST/AI/Lib\NetworkRuntime810_CM4_GCC.a(layers_pad_generic.o) (forward_lite_pad_8bit_ch1st_3x3_constant)
../Middlewares/ST/AI/Lib\NetworkRuntime810_CM4_GCC.a(st_convolve_reference.o)
                              ../Middlewares/ST/AI/Lib\NetworkRuntime810_CM4_GCC.a(layers_conv2d_stm32_integer.o) (align_factor)
../Middlewares/ST/AI/Lib\NetworkRuntime810_CM4_GCC.a(st_sssa8_ch_convolve.o)
                              ../Middlewares/ST/AI/Lib\NetworkRuntime810_CM4_GCC.a(layers_conv2d_stm32_integer.o) (st_sssa8_ch_convolve_rank1upd)
../Middlewares/ST/AI/Lib\NetworkRuntime810_CM4_GCC.a(st_sssa8_convolve.o)
                              ../Middlewares/ST/AI/Lib\NetworkRuntime810_CM4_GCC.a(layers_conv2d_stm32_integer.o) (st_sssa8_convolve_rank1upd)
../Middlewares/ST/AI/Lib\NetworkRuntime810_CM4_GCC.a(st_sssa8_convolve_1x1.o)
[...]
Memory Configuration

Name             Origin             Length             Attributes
RAM              0x20000000         0x000a0000         xrw
RAM2             0x10000000         0x00010000         xrw
RAM3             0x20040000         0x00060000         xrw
FLASH            0x08000000         0x00200000         xr
*default*        0x00000000         0xffffffff

Linker script and memory map

LOAD C:/ST/STM32CubeIDE_1.15.1/STM32CubeIDE/plugins/com.st.stm32cube.ide.mcu.externaltools.gnu-tools-for-stm32.12.3.rel1.win32_1.0.100.202403111256/tools/bin/../lib/gcc/arm-none-eabi/12.3.1/thumb/v7e-m+fp/hard/crti.o
LOAD C:/ST/STM32CubeIDE_1.15.1/STM32CubeIDE/plugins/com.st.stm32cube.ide.mcu.externaltools.gnu-tools-for-stm32.12.3.rel1.win32_1.0.100.202403111256/tools/bin/../lib/gcc/arm-none-eabi/12.3.1/thumb/v7e-m+fp/hard/crtbegin.o
LOAD C:/ST/STM32CubeIDE_1.15.1/STM32CubeIDE/plugins/com.st.stm32cube.ide.mcu.externaltools.gnu-tools-for-stm32.12.3.rel1.win32_1.0.100.202403111256/tools/bin/../lib/gcc/arm-none-eabi/12.3.1/../../../../arm-none-eabi/lib/thumb/v7e-m+fp/hard/crt0.o
LOAD ./Core/Src/main.o
LOAD ./Core/Src/stm32l4xx_hal_msp.o
LOAD ./Core/Src/stm32l4xx_it.o
LOAD ./Core/Src/syscalls.o
LOAD ./Core/Src/sysmem.o
LOAD ./Core/Src/system_stm32l4xx.o
LOAD ./Core/Startup/startup_stm32l4r5zitx.o
LOAD ./Drivers/STM32L4xx_HAL_Driver/Src/stm32l4xx_hal.o
LOAD ./Drivers/STM32L4xx_HAL_Driver/Src/stm32l4xx_hal_cortex.o
LOAD ./Drivers/STM32L4xx_HAL_Driver/Src/stm32l4xx_hal_crc.o
LOAD ./Drivers/STM32L4xx_HAL_Driver/Src/stm32l4xx_hal_crc_ex.o
LOAD ./Drivers/STM32L4xx_HAL_Driver/Src/stm32l4xx_hal_dma.o
LOAD ./Drivers/STM32L4xx_HAL_Driver/Src/stm32l4xx_hal_dma_ex.o
LOAD ./Drivers/STM32L4xx_HAL_Driver/Src/stm32l4xx_hal_exti.o
LOAD ./Drivers/STM32L4xx_HAL_Driver/Src/stm32l4xx_hal_flash.o
LOAD ./Drivers/STM32L4xx_HAL_Driver/Src/stm32l4xx_hal_flash_ex.o
LOAD ./Drivers/STM32L4xx_HAL_Driver/Src/stm32l4xx_hal_flash_ramfunc.o
LOAD ./Drivers/STM32L4xx_HAL_Driver/Src/stm32l4xx_hal_gpio.o
LOAD ./Drivers/STM32L4xx_HAL_Driver/Src/stm32l4xx_hal_pwr.o
LOAD ./Drivers/STM32L4xx_HAL_Driver/Src/stm32l4xx_hal_pwr_ex.o
LOAD ./Drivers/STM32L4xx_HAL_Driver/Src/stm32l4xx_hal_rcc.o
LOAD ./Drivers/STM32L4xx_HAL_Driver/Src/stm32l4xx_hal_rcc_ex.o
LOAD ./Drivers/STM32L4xx_HAL_Driver/Src/stm32l4xx_hal_tim.o
LOAD ./Drivers/STM32L4xx_HAL_Driver/Src/stm32l4xx_hal_tim_ex.o
LOAD ./Drivers/STM32L4xx_HAL_Driver/Src/stm32l4xx_hal_uart.o
LOAD ./Drivers/STM32L4xx_HAL_Driver/Src/stm32l4xx_hal_uart_ex.o
LOAD ./X-CUBE-AI/App/network.o
LOAD ./X-CUBE-AI/App/network_data.o
LOAD ./X-CUBE-AI/App/network_data_params.o
LOAD ./tinyml_api/internally_implemented.o
LOAD ./tinyml_api/st_port.o
LOAD ./tinyml_api/submitter_implemented.o
LOAD ../Middlewares/ST/AI/Lib\NetworkRuntime810_CM4_GCC.a
START GROUP
LOAD C:/ST/STM32CubeIDE_1.15.1/STM32CubeIDE/plugins/com.st.stm32cube.ide.mcu.externaltools.gnu-tools-for-stm32.12.3.rel1.win32_1.0.100.202403111256/tools/bin/../lib/gcc/arm-none-eabi/12.3.1/../../../../arm-none-eabi/lib/thumb/v7e-m+fp/hard\libc_nano.a
LOAD C:/ST/STM32CubeIDE_1.15.1/STM32CubeIDE/plugins/com.st.stm32cube.ide.mcu.externaltools.gnu-tools-for-stm32.12.3.rel1.win32_1.0.100.202403111256/tools/bin/../lib/gcc/arm-none-eabi/12.3.1/../../../../arm-none-eabi/lib/thumb/v7e-m+fp/hard\libm.a
END GROUP
START GROUP
LOAD C:/ST/STM32CubeIDE_1.15.1/STM32CubeIDE/plugins/com.st.stm32cube.ide.mcu.externaltools.gnu-tools-for-stm32.12.3.rel1.win32_1.0.100.202403111256/tools/bin/../lib/gcc/arm-none-eabi/12.3.1/thumb/v7e-m+fp/hard\libgcc.a
LOAD C:/ST/STM32CubeIDE_1.15.1/STM32CubeIDE/plugins/com.st.stm32cube.ide.mcu.externaltools.gnu-tools-for-stm32.12.3.rel1.win32_1.0.100.202403111256/tools/bin/../lib/gcc/arm-none-eabi/12.3.1/../../../../arm-none-eabi/lib/thumb/v7e-m+fp/hard\libc_nano.a
END GROUP
START GROUP
LOAD C:/ST/STM32CubeIDE_1.15.1/STM32CubeIDE/plugins/com.st.stm32cube.ide.mcu.externaltools.gnu-tools-for-stm32.12.3.rel1.win32_1.0.100.202403111256/tools/bin/../lib/gcc/arm-none-eabi/12.3.1/thumb/v7e-m+fp/hard\libgcc.a
LOAD C:/ST/STM32CubeIDE_1.15.1/STM32CubeIDE/plugins/com.st.stm32cube.ide.mcu.externaltools.gnu-tools-for-stm32.12.3.rel1.win32_1.0.100.202403111256/tools/bin/../lib/gcc/arm-none-eabi/12.3.1/../../../../arm-none-eabi/lib/thumb/v7e-m+fp/hard\libc_nano.a
LOAD C:/ST/STM32CubeIDE_1.15.1/STM32CubeIDE/plugins/com.st.stm32cube.ide.mcu.externaltools.gnu-tools-for-stm32.12.3.rel1.win32_1.0.100.202403111256/tools/bin/../lib/gcc/arm-none-eabi/12.3.1/../../../../arm-none-eabi/lib/thumb/v7e-m+fp/hard\libnosys.a
END GROUP
START GROUP
LOAD C:/ST/STM32CubeIDE_1.15.1/STM32CubeIDE/plugins/com.st.stm32cube.ide.mcu.externaltools.gnu-tools-for-stm32.12.3.rel1.win32_1.0.100.202403111256/tools/bin/../lib/gcc/arm-none-eabi/12.3.1/thumb/v7e-m+fp/hard\libgcc.a
LOAD C:/ST/STM32CubeIDE_1.15.1/STM32CubeIDE/plugins/com.st.stm32cube.ide.mcu.externaltools.gnu-tools-for-stm32.12.3.rel1.win32_1.0.100.202403111256/tools/bin/../lib/gcc/arm-none-eabi/12.3.1/../../../../arm-none-eabi/lib/thumb/v7e-m+fp/hard\libc_nano.a
LOAD C:/ST/STM32CubeIDE_1.15.1/STM32CubeIDE/plugins/com.st.stm32cube.ide.mcu.externaltools.gnu-tools-for-stm32.12.3.rel1.win32_1.0.100.202403111256/tools/bin/../lib/gcc/arm-none-eabi/12.3.1/../../../../arm-none-eabi/lib/thumb/v7e-m+fp/hard\libnosys.a
END GROUP
LOAD C:/ST/STM32CubeIDE_1.15.1/STM32CubeIDE/plugins/com.st.stm32cube.ide.mcu.externaltools.gnu-tools-for-stm32.12.3.rel1.win32_1.0.100.202403111256/tools/bin/../lib/gcc/arm-none-eabi/12.3.1/thumb/v7e-m+fp/hard/crtend.o
LOAD C:/ST/STM32CubeIDE_1.15.1/STM32CubeIDE/plugins/com.st.stm32cube.ide.mcu.externaltools.gnu-tools-for-stm32.12.3.rel1.win32_1.0.100.202403111256/tools/bin/../lib/gcc/arm-none-eabi/12.3.1/thumb/v7e-m+fp/hard/crtn.o
                0x200a0000                        _estack = (ORIGIN (RAM) + LENGTH (RAM))
                0x00000800                        _Min_Heap_Size = 0x800
                0x00000800                        _Min_Stack_Size = 0x800

.isr_vector     0x08000000      0x1bc
                0x08000000                        . = ALIGN (0x4)
 *(.isr_vector)
 .isr_vector    0x08000000      0x1bc ./Core/Startup/startup_stm32l4r5zitx.o
                0x08000000                g_pfnVectors
                0x080001bc                        . = ALIGN (0x4)

.text           0x080001c0     0xfbe4
                0x080001c0                        . = ALIGN (0x4)
 *(.text)
 .text          0x080001c0       0x40 C:/ST/STM32CubeIDE_1.15.1/STM32CubeIDE/plugins/com.st.stm32cube.ide.mcu.externaltools.gnu-tools-for-stm32.12.3.rel1.win32_1.0.100.202403111256/tools/bin/../lib/gcc/arm-none-eabi/12.3.1/thumb/v7e-m+fp/hard/crtbegin.o
 .text          0x08000200       0x14 C:/ST/STM32CubeIDE_1.15.1/STM32CubeIDE/plugins/com.st.stm32cube.ide.mcu.externaltools.gnu-tools-for-stm32.12.3.rel1.win32_1.0.100.202403111256/tools/bin/../lib/gcc/arm-none-eabi/12.3.1/../../../../arm-none-eabi/lib/thumb/v7e-m+fp/hard\libc_nano.a(libc_a-strcmp.o)
                0x08000200                strcmp
 *fill*         0x08000214        0xc 
 .text          0x08000220       0xa0 C:/ST/STM32CubeIDE_1.15.1/STM32CubeIDE/plugins/com.st.stm32cube.ide.mcu.externaltools.gnu-tools-for-stm32.12.3.rel1.win32_1.0.100.202403111256/tools/bin/../lib/gcc/arm-none-eabi/12.3.1/../../../../arm-none-eabi/lib/thumb/v7e-m+fp/hard\libc_nano.a(libc_a-memchr.o)
                0x08000220                memchr
 .text          0x080002c0       0x10 C:/ST/STM32CubeIDE_1.15.1/STM32CubeIDE/plugins/com.st.stm32cube.ide.mcu.externaltools.gnu-tools-for-stm32.12.3.rel1.win32_1.0.100.202403111256/tools/bin/../lib/gcc/arm-none-eabi/12.3.1/../../../../arm-none-eabi/lib/thumb/v7e-m+fp/hard\libc_nano.a(libc_a-strlen.o)
                0x080002c0                strlen
 .text          0x080002d0      0x378 C:/ST/STM32CubeIDE_1.15.1/STM32CubeIDE/plugins/com.st.stm32cube.ide.mcu.externaltools.gnu-tools-for-stm32.12.3.rel1.win32_1.0.100.202403111256/tools/bin/../lib/gcc/arm-none-eabi/12.3.1/thumb/v7e-m+fp/hard\libgcc.a(_arm_addsubdf3.o)
                0x080002d0                __aeabi_drsub
                0x080002d8                __aeabi_dsub
                0x080002d8                __subdf3
                0x080002dc                __aeabi_dadd
                0x080002dc                __adddf3
                0x08000554                __floatunsidf
                0x08000554                __aeabi_ui2d
                0x08000574                __floatsidf
                0x08000574                __aeabi_i2d
                0x08000598                __aeabi_f2d
                0x08000598                __extendsfdf2
                0x080005dc                __floatundidf
                0x080005dc                __aeabi_ul2d
                0x080005ec                __floatdidf
                0x080005ec                __aeabi_l2d
 .text          0x08000648      0x424 C:/ST/STM32CubeIDE_1.15.1/STM32CubeIDE/plugins/com.st.stm32cube.ide.mcu.externaltools.gnu-tools-for-stm32.12.3.rel1.win32_1.0.100.202403111256/tools/bin/../lib/gcc/arm-none-eabi/12.3.1/thumb/v7e-m+fp/hard\libgcc.a(_arm_muldivdf3.o)
                0x08000648                __aeabi_dmul
                0x08000648                __muldf3
                0x0800089c                __divdf3
                0x0800089c                __aeabi_ddiv
 .text          0x08000a6c      0x110 C:/ST/STM32CubeIDE_1.15.1/STM32CubeIDE/plugins/com.st.stm32cube.ide.mcu.externaltools.gnu-tools-for-stm32.12.3.rel1.win32_1.0.100.202403111256/tools/bin/../lib/gcc/arm-none-eabi/12.3.1/thumb/v7e-m+fp/hard\libgcc.a(_arm_cmpdf2.o)
                0x08000a6c                __gtdf2
                0x08000a6c                __gedf2
                0x08000a74                __ltdf2
                0x08000a74                __ledf2
                0x08000a7c                __nedf2
                0x08000a7c                __eqdf2
                0x08000a7c                __cmpdf2
                0x08000af8                __aeabi_cdrcmple
                0x08000b08                __aeabi_cdcmpeq
                0x08000b08                __aeabi_cdcmple
                0x08000b18                __aeabi_dcmpeq
                0x08000b2c                __aeabi_dcmplt
                0x08000b40                __aeabi_dcmple
                0x08000b54                __aeabi_dcmpge
                0x08000b68                __aeabi_dcmpgt
 .text          0x08000b7c       0x2c C:/ST/STM32CubeIDE_1.15.1/STM32CubeIDE/plugins/com.st.stm32cube.ide.mcu.externaltools.gnu-tools-for-stm32.12.3.rel1.win32_1.0.100.202403111256/tools/bin/../lib/gcc/arm-none-eabi/12.3.1/thumb/v7e-m+fp/hard\libgcc.a(_arm_unorddf2.o)
                0x08000b7c                __unorddf2
                0x08000b7c                __aeabi_dcmpun
 .text          0x08000ba8       0x50 C:/ST/STM32CubeIDE_1.15.1/STM32CubeIDE/plugins/com.st.stm32cube.ide.mcu.externaltools.gnu-tools-for-stm32.12.3.rel1.win32_1.0.100.202403111256/tools/bin/../lib/gcc/arm-none-eabi/12.3.1/thumb/v7e-m+fp/hard\libgcc.a(_arm_fixdfsi.o)
                0x08000ba8                __aeabi_d2iz
                0x08000ba8                __fixdfsi
 .text          0x08000bf8       0x30 C:/ST/STM32CubeIDE_1.15.1/STM32CubeIDE/plugins/com.st.stm32cube.ide.mcu.externaltools.gnu-tools-for-stm32.12.3.rel1.win32_1.0.100.202403111256/tools/bin/../lib/gcc/arm-none-eabi/12.3.1/thumb/v7e-m+fp/hard\libgcc.a(_aeabi_uldivmod.o)
                0x08000bf8                __aeabi_uldivmod
 .text          0x08000c28       0x28 C:/ST/STM32CubeIDE_1.15.1/STM32CubeIDE/plugins/com.st.stm32cube.ide.mcu.externaltools.gnu-tools-for-stm32.12.3.rel1.win32_1.0.100.202403111256/tools/bin/../lib/gcc/arm-none-eabi/12.3.1/thumb/v7e-m+fp/hard\libgcc.a(_fixsfdi.o)
                0x08000c28                __fixsfdi
                0x08000c28                __aeabi_f2lz
 .text          0x08000c50       0x40 C:/ST/STM32CubeIDE_1.15.1/STM32CubeIDE/plugins/com.st.stm32cube.ide.mcu.externaltools.gnu-tools-for-stm32.12.3.rel1.win32_1.0.100.202403111256/tools/bin/../lib/gcc/arm-none-eabi/12.3.1/thumb/v7e-m+fp/hard\libgcc.a(_fixunssfdi.o)
                0x08000c50                __fixunssfdi
                0x08000c50                __aeabi_f2ulz
 .text          0x08000c90      0x2bc C:/ST/STM32CubeIDE_1.15.1/STM32CubeIDE/plugins/com.st.stm32cube.ide.mcu.externaltools.gnu-tools-for-stm32.12.3.rel1.win32_1.0.100.202403111256/tools/bin/../lib/gcc/arm-none-eabi/12.3.1/thumb/v7e-m+fp/hard\libgcc.a(_udivmoddi4.o)
                0x08000c90                __udivmoddi4
 .text          0x08000f4c        0x4 C:/ST/STM32CubeIDE_1.15.1/STM32CubeIDE/plugins/com.st.stm32cube.ide.mcu.externaltools.gnu-tools-for-stm32.12.3.rel1.win32_1.0.100.202403111256/tools/bin/../lib/gcc/arm-none-eabi/12.3.1/thumb/v7e-m+fp/hard\libgcc.a(_dvmd_tls.o)
                0x08000f4c                __aeabi_idiv0
                0x08000f4c                __aeabi_ldiv0
 .text          0x08000f50       0x40 C:/ST/STM32CubeIDE_1.15.1/STM32CubeIDE/plugins/com.st.stm32cube.ide.mcu.externaltools.gnu-tools-for-stm32.12.3.rel1.win32_1.0.100.202403111256/tools/bin/../lib/gcc/arm-none-eabi/12.3.1/thumb/v7e-m+fp/hard\libgcc.a(_arm_fixunsdfsi.o)
                0x08000f50                __aeabi_d2uiz
                0x08000f50                __fixunsdfsi
 *(.text*)
 .text.SystemClock_Config
                0x08000f90       0x74 ./Core/Src/main.o
                0x08000f90                SystemClock_Config
 .text.startup.main
                0x08001004      0x26c ./Core/Src/main.o
                0x08001004                main
 .text.Error_Handler
                0x08001270        0x4 ./Core/Src/main.o
                0x08001270                Error_Handler
 .text.HAL_MspInit
                0x08001274       0x30 ./Core/Src/stm32l4xx_hal_msp.o
                0x08001274                HAL_MspInit
 .text.HAL_CRC_MspInit
                0x080012a4       0x28 ./Core/Src/stm32l4xx_hal_msp.o
                0x080012a4                HAL_CRC_MspInit
 .text.HAL_UART_MspInit
                0x080012cc      0x10c ./Core/Src/stm32l4xx_hal_msp.o
                0x080012cc                HAL_UART_MspInit
 .text.HAL_TIM_Base_MspInit
                0x080013d8       0x28 ./Core/Src/stm32l4xx_hal_msp.o
                0x080013d8                HAL_TIM_Base_MspInit
 .text.NMI_Handler
                0x08001400        0x2 ./Core/Src/stm32l4xx_it.o
                0x08001400                NMI_Handler
 .text.HardFault_Handler
                0x08001402        0x2 ./Core/Src/stm32l4xx_it.o
                0x08001402                HardFault_Handler
 .text.MemManage_Handler
                0x08001404        0x2 ./Core/Src/stm32l4xx_it.o
                0x08001404                MemManage_Handler
 .text.BusFault_Handler
                0x08001406        0x2 ./Core/Src/stm32l4xx_it.o
                0x08001406                BusFault_Handler
 .text.UsageFault_Handler
                0x08001408        0x2 ./Core/Src/stm32l4xx_it.o
                0x08001408                UsageFault_Handler
 .text.SVC_Handler
                0x0800140a        0x2 ./Core/Src/stm32l4xx_it.o
                0x0800140a                SVC_Handler
 .text.DebugMon_Handler
                0x0800140c        0x2 ./Core/Src/stm32l4xx_it.o
                0x0800140c                DebugMon_Handler
 .text.PendSV_Handler
                0x0800140e        0x2 ./Core/Src/stm32l4xx_it.o
                0x0800140e                PendSV_Handler
 .text.SysTick_Handler
                0x08001410        0x4 ./Core/Src/stm32l4xx_it.o
                0x08001410                SysTick_Handler
 .text._getpid  0x08001414        0x4 ./Core/Src/syscalls.o
                0x08001414                _getpid
 .text._kill    0x08001418       0x10 ./Core/Src/syscalls.o
                0x08001418                _kill
 .text._exit    0x08001428        0xc ./Core/Src/syscalls.o
                0x08001428                _exit
 .text._read    0x08001434       0x1c ./Core/Src/syscalls.o
                0x08001434                _read
 .text._write   0x08001450       0x1c ./Core/Src/syscalls.o
                0x08001450                _write
 .text._close   0x0800146c        0x6 ./Core/Src/syscalls.o
                0x0800146c                _close
 .text._fstat   0x08001472        0xa ./Core/Src/syscalls.o
                0x08001472                _fstat
 .text._isatty  0x0800147c        0x4 ./Core/Src/syscalls.o
                0x0800147c                _isatty
 .text._lseek   0x08001480        0x4 ./Core/Src/syscalls.o
                0x08001480                _lseek
 .text._sbrk    0x08001484       0x40 ./Core/Src/sysmem.o
                0x08001484                _sbrk
 .text.SystemInit
                0x080014c4       0x14 ./Core/Src/system_stm32l4xx.o
                0x080014c4                SystemInit
 .text.Reset_Handler
                0x080014d8       0x50 ./Core/Startup/startup_stm32l4r5zitx.o
                0x080014d8                Reset_Handler
 .text.Default_Handler
                0x08001528        0x2 ./Core/Startup/startup_stm32l4r5zitx.o
                0x08001528                RTC_Alarm_IRQHandler
                0x08001528                EXTI2_IRQHandler
                0x08001528                TIM8_TRG_COM_IRQHandler
                0x08001528                TIM8_CC_IRQHandler
                0x08001528                TIM1_CC_IRQHandler
                0x08001528                TSC_IRQHandler
                0x08001528                TAMP_STAMP_IRQHandler
                0x08001528                EXTI3_IRQHandler
                0x08001528                LPTIM2_IRQHandler
                0x08001528                DFSDM1_FLT1_IRQHandler
                0x08001528                GFXMMU_IRQHandler
                0x08001528                I2C3_ER_IRQHandler
                0x08001528                DFSDM1_FLT2_IRQHandler
                0x08001528                EXTI0_IRQHandler
                0x08001528                I2C2_EV_IRQHandler
                0x08001528                CAN1_RX0_IRQHandler
                0x08001528                FPU_IRQHandler
                0x08001528                TIM1_UP_TIM16_IRQHandler
                0x08001528                LTDC_ER_IRQHandler
                0x08001528                SPI1_IRQHandler
                0x08001528                OCTOSPI1_IRQHandler
                0x08001528                TIM6_DAC_IRQHandler
                0x08001528                DCMI_IRQHandler
                0x08001528                TIM8_UP_IRQHandler
                0x08001528                OCTOSPI2_IRQHandler
                0x08001528                DMA2_Channel2_IRQHandler
                0x08001528                DMA1_Channel4_IRQHandler
                0x08001528                SAI2_IRQHandler
                0x08001528                ADC1_IRQHandler
                0x08001528                DFSDM1_FLT3_IRQHandler
                0x08001528                DMA1_Channel7_IRQHandler
                0x08001528                CAN1_RX1_IRQHandler
                0x08001528                UART5_IRQHandler
                0x08001528                TIM4_IRQHandler
                0x08001528                DMA2_Channel1_IRQHandler
                0x08001528                I2C1_EV_IRQHandler
                0x08001528                DMAMUX1_OVR_IRQHandler
                0x08001528                DMA1_Channel6_IRQHandler
                0x08001528                UART4_IRQHandler
                0x08001528                DMA2_Channel4_IRQHandler
                0x08001528                TIM3_IRQHandler
                0x08001528                RCC_IRQHandler
                0x08001528                DMA1_Channel1_IRQHandler
                0x08001528                Default_Handler
                0x08001528                DMA2_Channel7_IRQHandler
                0x08001528                EXTI15_10_IRQHandler
                0x08001528                TIM7_IRQHandler
                0x08001528                SDMMC1_IRQHandler
                0x08001528                TIM5_IRQHandler
                0x08001528                I2C3_EV_IRQHandler
                0x08001528                EXTI9_5_IRQHandler
                0x08001528                RTC_WKUP_IRQHandler
                0x08001528                LTDC_IRQHandler
                0x08001528                PVD_PVM_IRQHandler
                0x08001528                SPI2_IRQHandler
                0x08001528                CAN1_TX_IRQHandler
                0x08001528                DMA2_Channel5_IRQHandler
                0x08001528                CRS_IRQHandler
                0x08001528                DMA1_Channel5_IRQHandler
                0x08001528                EXTI4_IRQHandler
                0x08001528                RNG_IRQHandler
                0x08001528                TIM1_TRG_COM_TIM17_IRQHandler
                0x08001528                DMA1_Channel3_IRQHandler
                0x08001528                COMP_IRQHandler
                0x08001528                WWDG_IRQHandler
                0x08001528                I2C4_EV_IRQHandler
                0x08001528                DMA2_Channel6_IRQHandler
                0x08001528                TIM2_IRQHandler
                0x08001528                DMA2D_IRQHandler
                0x08001528                EXTI1_IRQHandler
                0x08001528                USART2_IRQHandler
                0x08001528                DFSDM1_FLT0_IRQHandler
                0x08001528                I2C2_ER_IRQHandler
                0x08001528                DMA1_Channel2_IRQHandler
                0x08001528                TIM8_BRK_IRQHandler
                0x08001528                CAN1_SCE_IRQHandler
                0x08001528                FLASH_IRQHandler
                0x08001528                USART1_IRQHandler
                0x08001528                OTG_FS_IRQHandler
                0x08001528                SPI3_IRQHandler
                0x08001528                I2C1_ER_IRQHandler
                0x08001528                FMC_IRQHandler
                0x08001528                LPTIM1_IRQHandler
                0x08001528                I2C4_ER_IRQHandler
                0x08001528                SAI1_IRQHandler
                0x08001528                DMA2_Channel3_IRQHandler
                0x08001528                TIM1_BRK_TIM15_IRQHandler
 *fill*         0x0800152a        0x2 
 .text.HAL_InitTick
                0x0800152c       0x4c ./Drivers/STM32L4xx_HAL_Driver/Src/stm32l4xx_hal.o
                0x0800152c                HAL_InitTick
 .text.HAL_Init
                0x08001578       0x1e ./Drivers/STM32L4xx_HAL_Driver/Src/stm32l4xx_hal.o
                0x08001578                HAL_Init
 *fill*         0x08001596        0x2 
 .text.HAL_IncTick
                0x08001598       0x18 ./Drivers/STM32L4xx_HAL_Driver/Src/stm32l4xx_hal.o
                0x08001598                HAL_IncTick
 .text.HAL_GetTick
                0x080015b0        0xc ./Drivers/STM32L4xx_HAL_Driver/Src/stm32l4xx_hal.o
                0x080015b0                HAL_GetTick
 .text.HAL_NVIC_SetPriorityGrouping
                0x080015bc       0x24 ./Drivers/STM32L4xx_HAL_Driver/Src/stm32l4xx_hal_cortex.o
                0x080015bc                HAL_NVIC_SetPriorityGrouping
 .text.HAL_NVIC_SetPriority
                0x080015e0       0x64 ./Drivers/STM32L4xx_HAL_Driver/Src/stm32l4xx_hal_cortex.o
                0x080015e0                HAL_NVIC_SetPriority
 .text.HAL_NVIC_EnableIRQ
                0x08001644       0x1c ./Drivers/STM32L4xx_HAL_Driver/Src/stm32l4xx_hal_cortex.o
                0x08001644                HAL_NVIC_EnableIRQ
 .text.HAL_NVIC_DisableIRQ
                0x08001660       0x24 ./Drivers/STM32L4xx_HAL_Driver/Src/stm32l4xx_hal_cortex.o
                0x08001660                HAL_NVIC_DisableIRQ
 .text.HAL_SYSTICK_Config
                0x08001684       0x28 ./Drivers/STM32L4xx_HAL_Driver/Src/stm32l4xx_hal_cortex.o
                0x08001684                HAL_SYSTICK_Config
 .text.HAL_CRC_Init
                0x080016ac       0x74 ./Drivers/STM32L4xx_HAL_Driver/Src/stm32l4xx_hal_crc.o
                0x080016ac                HAL_CRC_Init
 .text.HAL_CRCEx_Polynomial_Set
                0x08001720       0x4a ./Drivers/STM32L4xx_HAL_Driver/Src/stm32l4xx_hal_crc_ex.o
                0x08001720                HAL_CRCEx_Polynomial_Set
 .text.HAL_DMA_Abort
                0x0800176a       0x64 ./Drivers/STM32L4xx_HAL_Driver/Src/stm32l4xx_hal_dma.o
                0x0800176a                HAL_DMA_Abort
 .text.HAL_DMA_Abort_IT
                0x080017ce       0x6a ./Drivers/STM32L4xx_HAL_Driver/Src/stm32l4xx_hal_dma.o
                0x080017ce                HAL_DMA_Abort_IT
 .text.HAL_GPIO_Init
                0x08001838      0x1ac ./Drivers/STM32L4xx_HAL_Driver/Src/stm32l4xx_hal_gpio.o
                0x08001838                HAL_GPIO_Init
 .text.HAL_GPIO_WritePin
                0x080019e4        0xa ./Drivers/STM32L4xx_HAL_Driver/Src/stm32l4xx_hal_gpio.o
                0x080019e4                HAL_GPIO_WritePin
 *fill*         0x080019ee        0x2 
 .text.HAL_PWREx_GetVoltageRange
                0x080019f0       0x20 ./Drivers/STM32L4xx_HAL_Driver/Src/stm32l4xx_hal_pwr_ex.o
                0x080019f0                HAL_PWREx_GetVoltageRange
 .text.HAL_PWREx_ControlVoltageScaling
                0x08001a10       0xb0 ./Drivers/STM32L4xx_HAL_Driver/Src/stm32l4xx_hal_pwr_ex.o
                0x08001a10                HAL_PWREx_ControlVoltageScaling
 .text.HAL_PWREx_EnableVddIO2
                0x08001ac0       0x10 ./Drivers/STM32L4xx_HAL_Driver/Src/stm32l4xx_hal_pwr_ex.o
                0x08001ac0                HAL_PWREx_EnableVddIO2
 .text.HAL_PWREx_SetSRAM2ContentRetention
                0x08001ad0       0x28 ./Drivers/STM32L4xx_HAL_Driver/Src/stm32l4xx_hal_pwr_ex.o
                0x08001ad0                HAL_PWREx_SetSRAM2ContentRetention
 .text.HAL_PWREx_DisableSRAM2ContentRetention
                0x08001af8        0x6 ./Drivers/STM32L4xx_HAL_Driver/Src/stm32l4xx_hal_pwr_ex.o
                0x08001af8                HAL_PWREx_DisableSRAM2ContentRetention
 *fill*         0x08001afe        0x2 
 .text.HAL_PWREx_DisableSRAM3ContentRetention
                0x08001b00       0x10 ./Drivers/STM32L4xx_HAL_Driver/Src/stm32l4xx_hal_pwr_ex.o
                0x08001b00                HAL_PWREx_DisableSRAM3ContentRetention
 .text.RCC_SetFlashLatencyFromMSIRange
                0x08001b10       0x7c ./Drivers/STM32L4xx_HAL_Driver/Src/stm32l4xx_hal_rcc.o
 .text.HAL_RCC_GetSysClockFreq
                0x08001b8c       0x9c ./Drivers/STM32L4xx_HAL_Driver/Src/stm32l4xx_hal_rcc.o
                0x08001b8c                HAL_RCC_GetSysClockFreq
 .text.HAL_RCC_OscConfig
                0x08001c28      0x54c ./Drivers/STM32L4xx_HAL_Driver/Src/stm32l4xx_hal_rcc.o
                0x08001c28                HAL_RCC_OscConfig
 .text.HAL_RCC_ClockConfig
                0x08002174      0x1f8 ./Drivers/STM32L4xx_HAL_Driver/Src/stm32l4xx_hal_rcc.o
                0x08002174                HAL_RCC_ClockConfig
 .text.HAL_RCC_GetPCLK1Freq
                0x0800236c       0x24 ./Drivers/STM32L4xx_HAL_Driver/Src/stm32l4xx_hal_rcc.o
                0x0800236c                HAL_RCC_GetPCLK1Freq
 .text.HAL_RCC_GetPCLK2Freq
                0x08002390       0x24 ./Drivers/STM32L4xx_HAL_Driver/Src/stm32l4xx_hal_rcc.o
                0x08002390                HAL_RCC_GetPCLK2Freq
 .text.RCCEx_PLLSAI1_Config
                0x080023b4      0x100 ./Drivers/STM32L4xx_HAL_Driver/Src/stm32l4xx_hal_rcc_ex.o
 .text.RCCEx_PLLSAI2_Config.constprop.0
                0x080024b4       0xc8 ./Drivers/STM32L4xx_HAL_Driver/Src/stm32l4xx_hal_rcc_ex.o
 .text.HAL_RCCEx_PeriphCLKConfig
                0x0800257c      0x444 ./Drivers/STM32L4xx_HAL_Driver/Src/stm32l4xx_hal_rcc_ex.o
                0x0800257c                HAL_RCCEx_PeriphCLKConfig
 .text.HAL_TIM_Base_Start
                0x080029c0       0x6c ./Drivers/STM32L4xx_HAL_Driver/Src/stm32l4xx_hal_tim.o
                0x080029c0                HAL_TIM_Base_Start
 .text.TIM_Base_SetConfig
                0x08002a2c       0xcc ./Drivers/STM32L4xx_HAL_Driver/Src/stm32l4xx_hal_tim.o
                0x08002a2c                TIM_Base_SetConfig
 .text.HAL_TIM_Base_Init
                0x08002af8       0x60 ./Drivers/STM32L4xx_HAL_Driver/Src/stm32l4xx_hal_tim.o
                0x08002af8                HAL_TIM_Base_Init
 .text.TIM_ETR_SetConfig
                0x08002b58       0x14 ./Drivers/STM32L4xx_HAL_Driver/Src/stm32l4xx_hal_tim.o
                0x08002b58                TIM_ETR_SetConfig
 .text.HAL_TIM_ConfigClockSource
                0x08002b6c      0x134 ./Drivers/STM32L4xx_HAL_Driver/Src/stm32l4xx_hal_tim.o
                0x08002b6c                HAL_TIM_ConfigClockSource
 .text.HAL_TIMEx_MasterConfigSynchronization
                0x08002ca0       0x8c ./Drivers/STM32L4xx_HAL_Driver/Src/stm32l4xx_hal_tim_ex.o
                0x08002ca0                HAL_TIMEx_MasterConfigSynchronization
 .text.UART_EndRxTransfer
                0x08002d2c       0x58 ./Drivers/STM32L4xx_HAL_Driver/Src/stm32l4xx_hal_uart.o
 .text.HAL_UART_TxCpltCallback
                0x08002d84        0x2 ./Drivers/STM32L4xx_HAL_Driver/Src/stm32l4xx_hal_uart.o
                0x08002d84                HAL_UART_TxCpltCallback
 .text.HAL_UART_RxCpltCallback
                0x08002d86        0x2 ./Drivers/STM32L4xx_HAL_Driver/Src/stm32l4xx_hal_uart.o
                0x08002d86                HAL_UART_RxCpltCallback
 .text.HAL_UART_ErrorCallback
                0x08002d88        0x2 ./Drivers/STM32L4xx_HAL_Driver/Src/stm32l4xx_hal_uart.o
                0x08002d88                HAL_UART_ErrorCallback
 .text.UART_DMAAbortOnError
                0x08002d8a       0x14 ./Drivers/STM32L4xx_HAL_Driver/Src/stm32l4xx_hal_uart.o
 .text.HAL_UARTEx_RxEventCallback
                0x08002d9e        0x2 ./Drivers/STM32L4xx_HAL_Driver/Src/stm32l4xx_hal_uart.o
                0x08002d9e                HAL_UARTEx_RxEventCallback
 .text.HAL_UART_IRQHandler
                0x08002da0      0x2e4 ./Drivers/STM32L4xx_HAL_Driver/Src/stm32l4xx_hal_uart.o
                0x08002da0                HAL_UART_IRQHandler
 .text.UART_RxISR_8BIT
                0x08003084       0xa4 ./Drivers/STM32L4xx_HAL_Driver/Src/stm32l4xx_hal_uart.o
 .text.UART_RxISR_16BIT
                0x08003128       0x9e ./Drivers/STM32L4xx_HAL_Driver/Src/stm32l4xx_hal_uart.o
 *fill*         0x080031c6        0x2 
 .text.UART_RxISR_8BIT_FIFOEN
                0x080031c8      0x178 ./Drivers/STM32L4xx_HAL_Driver/Src/stm32l4xx_hal_uart.o
 .text.UART_RxISR_16BIT_FIFOEN
                0x08003340      0x174 ./Drivers/STM32L4xx_HAL_Driver/Src/stm32l4xx_hal_uart.o
 .text.UART_SetConfig
                0x080034b4      0x280 ./Drivers/STM32L4xx_HAL_Driver/Src/stm32l4xx_hal_uart.o
                0x080034b4                UART_SetConfig
 .text.UART_AdvFeatureConfig
                0x08003734       0xa8 ./Drivers/STM32L4xx_HAL_Driver/Src/stm32l4xx_hal_uart.o
                0x08003734                UART_AdvFeatureConfig
 .text.UART_WaitOnFlagUntilTimeout
                0x080037dc       0xc8 ./Drivers/STM32L4xx_HAL_Driver/Src/stm32l4xx_hal_uart.o
                0x080037dc                UART_WaitOnFlagUntilTimeout
 .text.HAL_UART_Transmit
                0x080038a4       0xb8 ./Drivers/STM32L4xx_HAL_Driver/Src/stm32l4xx_hal_uart.o
                0x080038a4                HAL_UART_Transmit
 .text.UART_CheckIdleState
                0x0800395c       0x68 ./Drivers/STM32L4xx_HAL_Driver/Src/stm32l4xx_hal_uart.o
                0x0800395c                UART_CheckIdleState
 .text.HAL_UART_Init
                0x080039c4       0x60 ./Drivers/STM32L4xx_HAL_Driver/Src/stm32l4xx_hal_uart.o
                0x080039c4                HAL_UART_Init
 .text.UART_Start_Receive_IT
                0x08003a24      0x114 ./Drivers/STM32L4xx_HAL_Driver/Src/stm32l4xx_hal_uart.o
                0x08003a24                UART_Start_Receive_IT
 .text.HAL_UART_Receive_IT
                0x08003b38       0x54 ./Drivers/STM32L4xx_HAL_Driver/Src/stm32l4xx_hal_uart.o
                0x08003b38                HAL_UART_Receive_IT
 .text.UARTEx_SetNbDataToProcess
                0x08003b8c       0x44 ./Drivers/STM32L4xx_HAL_Driver/Src/stm32l4xx_hal_uart_ex.o
 .text.HAL_UARTEx_WakeupCallback
                0x08003bd0        0x2 ./Drivers/STM32L4xx_HAL_Driver/Src/stm32l4xx_hal_uart_ex.o
                0x08003bd0                HAL_UARTEx_WakeupCallback
 .text.HAL_UARTEx_RxFifoFullCallback
                0x08003bd2        0x2 ./Drivers/STM32L4xx_HAL_Driver/Src/stm32l4xx_hal_uart_ex.o
                0x08003bd2                HAL_UARTEx_RxFifoFullCallback
 .text.HAL_UARTEx_TxFifoEmptyCallback
                0x08003bd4        0x2 ./Drivers/STM32L4xx_HAL_Driver/Src/stm32l4xx_hal_uart_ex.o
                0x08003bd4                HAL_UARTEx_TxFifoEmptyCallback
 .text.HAL_UARTEx_DisableFifoMode
                0x08003bd6       0x36 ./Drivers/STM32L4xx_HAL_Driver/Src/stm32l4xx_hal_uart_ex.o
                0x08003bd6                HAL_UARTEx_DisableFifoMode
 .text.HAL_UARTEx_SetTxFifoThreshold
                0x08003c0c       0x40 ./Drivers/STM32L4xx_HAL_Driver/Src/stm32l4xx_hal_uart_ex.o
                0x08003c0c                HAL_UARTEx_SetTxFifoThreshold
 .text.HAL_UARTEx_SetRxFifoThreshold
                0x08003c4c       0x40 ./Drivers/STM32L4xx_HAL_Driver/Src/stm32l4xx_hal_uart_ex.o
                0x08003c4c                HAL_UARTEx_SetRxFifoThreshold
 .text.ai_network_create
                0x08003c8c       0x1c ./X-CUBE-AI/App/network.o
                0x08003c8c                ai_network_create
 .text.ai_network_inputs_get
                0x08003ca8       0x14 ./X-CUBE-AI/App/network.o
                0x08003ca8                ai_network_inputs_get
 .text.ai_network_outputs_get
                0x08003cbc       0x14 ./X-CUBE-AI/App/network.o
                0x08003cbc                ai_network_outputs_get
 .text.ai_network_init
                0x08003cd0      0x3dc ./X-CUBE-AI/App/network.o
                0x08003cd0                ai_network_init
 .text.ai_network_create_and_init
                0x080040ac       0x8e ./X-CUBE-AI/App/network.o
                0x080040ac                ai_network_create_and_init
 .text.ai_network_run
                0x0800413a        0x4 ./X-CUBE-AI/App/network.o
                0x0800413a                ai_network_run
 *fill*         0x0800413e        0x2 
 .text.ai_network_data_params_get
                0x08004140       0x30 ./X-CUBE-AI/App/network_data.o
                0x08004140                ai_network_data_params_get
 .text.ee_serial_callback
                0x08004170       0x38 ./tinyml_api/internally_implemented.o
                0x08004170                ee_serial_callback
 .text.ee_benchmark_initialize
                0x080041a8       0x30 ./tinyml_api/internally_implemented.o
                0x080041a8                ee_benchmark_initialize
 .text.ee_infer
                0x080041d8       0x6c ./tinyml_api/internally_implemented.o
                0x080041d8                ee_infer
 .text.ee_hexdec
                0x08004244       0x42 ./tinyml_api/internally_implemented.o
                0x08004244                ee_hexdec
 *fill*         0x08004286        0x2 
 .text.ee_buffer_parse
                0x08004288      0x168 ./tinyml_api/internally_implemented.o
                0x08004288                ee_buffer_parse
 .text.ee_profile_parse
                0x080043f0      0x138 ./tinyml_api/internally_implemented.o
                0x080043f0                ee_profile_parse
 .text.ee_serial_command_parser_callback
                0x08004528       0x78 ./tinyml_api/internally_implemented.o
                0x08004528                ee_serial_command_parser_callback
 .text.Deq      0x080045a0       0x10 ./tinyml_api/st_port.o
                0x080045a0                Deq
 .text.AI_Init  0x080045b0       0x38 ./tinyml_api/st_port.o
                0x080045b0                AI_Init
 .text.AI_Run   0x080045e8       0x24 ./tinyml_api/st_port.o
                0x080045e8                AI_Run
 .text.USART3_IRQHandler
                0x0800460c        0xc ./tinyml_api/st_port.o
                0x0800460c                USART3_IRQHandler
 .text.LPUART1_IRQHandler
                0x08004618       0x28 ./tinyml_api/st_port.o
                0x08004618                LPUART1_IRQHandler
 .text.rxSetInterrupt
                0x08004640       0x1c ./tinyml_api/st_port.o
                0x08004640                rxSetInterrupt
 .text.rxInit   0x0800465c        0xc ./tinyml_api/st_port.o
                0x0800465c                rxInit
 .text.th_load_tensor
                0x08004668       0x38 ./tinyml_api/submitter_implemented.o
                0x08004668                th_load_tensor
 .text.th_infer
                0x080046a0       0x10 ./tinyml_api/submitter_implemented.o
                0x080046a0                th_infer
 .text.th_final_initialize
                0x080046b0        0xe ./tinyml_api/submitter_implemented.o
                0x080046b0                th_final_initialize
 *fill*         0x080046be        0x2 
 .text.th_pre   0x080046c0       0x74 ./tinyml_api/submitter_implemented.o
                0x080046c0                th_pre
 .text.th_post  0x08004734       0x24 ./tinyml_api/submitter_implemented.o
                0x08004734                th_post
 .text.th_strnlen
                0x08004758        0x4 ./tinyml_api/submitter_implemented.o
                0x08004758                th_strnlen
 .text.th_memcpy
                0x0800475c        0x4 ./tinyml_api/submitter_implemented.o
                0x0800475c                th_memcpy
 .text.th_command_ready
                0x08004760       0x24 ./tinyml_api/submitter_implemented.o
                0x08004760                th_command_ready
 .text.th_printf
                0x08004784       0x3c ./tinyml_api/submitter_implemented.o
                0x08004784                th_printf
 .text.th_results
                0x080047c0       0x7c ./tinyml_api/submitter_implemented.o
                0x080047c0                th_results
 .text.th_serialport_initialize
                0x0800483c        0x2 ./tinyml_api/submitter_implemented.o
                0x0800483c                th_serialport_initialize
 *fill*         0x0800483e        0x2 
 .text.th_timestamp
                0x08004840       0x14 ./tinyml_api/submitter_implemented.o
                0x08004840                th_timestamp
 .text.th_timestamp_initialize
                0x08004854       0x14 ./tinyml_api/submitter_implemented.o
                0x08004854                th_timestamp_initialize
 .text.ai_buffer_get_size
                0x08004868       0x68 ../Middlewares/ST/AI/Lib\NetworkRuntime810_CM4_GCC.a(ai_platform.o)
                0x08004868                ai_buffer_get_size
 .text.ai_buffer_array_sane
                0x080048d0       0x14 ../Middlewares/ST/AI/Lib\NetworkRuntime810_CM4_GCC.a(ai_platform.o)
                0x080048d0                ai_buffer_array_sane
 .text.ai_buffer_array_item_set_address
                0x080048e4       0x20 ../Middlewares/ST/AI/Lib\NetworkRuntime810_CM4_GCC.a(ai_platform.o)
                0x080048e4                ai_buffer_array_item_set_address
 .text._ai_platform_acquire_crc
                0x08004904        0x4 ../Middlewares/ST/AI/Lib\NetworkRuntime810_CM4_GCC.a(ai_platform_interface.o)
                0x08004904                _ai_platform_acquire_crc
 .text._ai_platform_release_crc
                0x08004908        0x4 ../Middlewares/ST/AI/Lib\NetworkRuntime810_CM4_GCC.a(ai_platform_interface.o)
                0x08004908                _ai_platform_release_crc
 .text.ai_platform_get_weights_map
                0x0800490c       0xa8 ../Middlewares/ST/AI/Lib\NetworkRuntime810_CM4_GCC.a(ai_platform_interface.o)
                0x0800490c                ai_platform_get_weights_map
 .text.ai_platform_get_activations_map
                0x080049b4       0xa8 ../Middlewares/ST/AI/Lib\NetworkRuntime810_CM4_GCC.a(ai_platform_interface.o)
                0x080049b4                ai_platform_get_activations_map
 .text.ai_platform_bind_network_params
                0x08004a5c       0x44 ../Middlewares/ST/AI/Lib\NetworkRuntime810_CM4_GCC.a(ai_platform_interface.o)
                0x08004a5c                ai_platform_bind_network_params
 .text.ai_platform_network_get_error
                0x08004aa0       0xdc ../Middlewares/ST/AI/Lib\NetworkRuntime810_CM4_GCC.a(ai_platform_interface.o)
                0x08004aa0                ai_platform_network_get_error
 .text.ai_platform_network_set_error
                0x08004b7c        0xc ../Middlewares/ST/AI/Lib\NetworkRuntime810_CM4_GCC.a(ai_platform_interface.o)
                0x08004b7c                ai_platform_network_set_error
 .text.ai_platform_inputs_get
                0x08004b88      0x1ac ../Middlewares/ST/AI/Lib\NetworkRuntime810_CM4_GCC.a(ai_platform_interface.o)
                0x08004b88                ai_platform_inputs_get
 .text.ai_platform_outputs_get
                0x08004d34      0x1a0 ../Middlewares/ST/AI/Lib\NetworkRuntime810_CM4_GCC.a(ai_platform_interface.o)
                0x08004d34                ai_platform_outputs_get
 .text.ai_platform_network_create
                0x08004ed4      0x1ac ../Middlewares/ST/AI/Lib\NetworkRuntime810_CM4_GCC.a(ai_platform_interface.o)
                0x08004ed4                ai_platform_network_create
 .text.ai_platform_network_init
                0x08005080      0x1dc ../Middlewares/ST/AI/Lib\NetworkRuntime810_CM4_GCC.a(ai_platform_interface.o)
                0x08005080                ai_platform_network_init
 .text.ai_platform_network_post_init
                0x0800525c      0x110 ../Middlewares/ST/AI/Lib\NetworkRuntime810_CM4_GCC.a(ai_platform_interface.o)
                0x0800525c                ai_platform_network_post_init
 .text.ai_platform_network_process
                0x0800536c      0x508 ../Middlewares/ST/AI/Lib\NetworkRuntime810_CM4_GCC.a(ai_platform_interface.o)
                0x0800536c                ai_platform_network_process
 .text.core_init
                0x08005874        0x4 ../Middlewares/ST/AI/Lib\NetworkRuntime810_CM4_GCC.a(core_common.o)
                0x08005874                core_init
 .text.core_get_error
                0x08005878        0xc ../Middlewares/ST/AI/Lib\NetworkRuntime810_CM4_GCC.a(core_common.o)
                0x08005878                core_get_error
 .text.core_set_error
                0x08005884       0x18 ../Middlewares/ST/AI/Lib\NetworkRuntime810_CM4_GCC.a(core_common.o)
                0x08005884                core_set_error
 .text.ai_check_custom_types
                0x0800589c       0x54 ../Middlewares/ST/AI/Lib\NetworkRuntime810_CM4_GCC.a(layers.o)
                0x0800589c                ai_check_custom_types
 .text.ai_layers_init_all
                0x080058f0       0x1c ../Middlewares/ST/AI/Lib\NetworkRuntime810_CM4_GCC.a(layers.o)
                0x080058f0                ai_layers_init_all
 .text.ai_layers_post_init_all
                0x0800590c       0x28 ../Middlewares/ST/AI/Lib\NetworkRuntime810_CM4_GCC.a(layers.o)
                0x0800590c                ai_layers_post_init_all
 .text.ai_layers_forward_all
                0x08005934       0x94 ../Middlewares/ST/AI/Lib\NetworkRuntime810_CM4_GCC.a(layers.o)
                0x08005934                ai_layers_forward_all
 .text.func_dummy
                0x080059c8        0x4 ../Middlewares/ST/AI/Lib\NetworkRuntime810_CM4_GCC.a(layers_conv2d_rgb_sssa8_ch.o)
 .text.forward_conv2d_rgb_sssa8_ch
                0x080059cc      0x25c ../Middlewares/ST/AI/Lib\NetworkRuntime810_CM4_GCC.a(layers_conv2d_rgb_sssa8_ch.o)
                0x080059cc                forward_conv2d_rgb_sssa8_ch
 .text.func_dummy
                0x08005c28        0x4 ../Middlewares/ST/AI/Lib\NetworkRuntime810_CM4_GCC.a(layers_conv2d_sssa8_ch.o)
 .text.forward_conv2d_deep_3x3_sssa8_ch
                0x08005c2c      0x2b0 ../Middlewares/ST/AI/Lib\NetworkRuntime810_CM4_GCC.a(layers_conv2d_sssa8_ch.o)
                0x08005c2c                forward_conv2d_deep_3x3_sssa8_ch
 .text.forward_conv2d_deep_sssa8_ch
                0x08005edc      0x2f4 ../Middlewares/ST/AI/Lib\NetworkRuntime810_CM4_GCC.a(layers_conv2d_sssa8_ch.o)
                0x08005edc                forward_conv2d_deep_sssa8_ch
 .text.forward_dense_integer_SSSA
                0x080061d0      0x2f4 ../Middlewares/ST/AI/Lib\NetworkRuntime810_CM4_GCC.a(layers_conv2d_stm32_integer.o)
                0x080061d0                forward_dense_integer_SSSA
 .text.forward_pad
                0x080064c4       0x20 ../Middlewares/ST/AI/Lib\NetworkRuntime810_CM4_GCC.a(layers_generic_float.o)
                0x080064c4                forward_pad
 .text.forward_sm_integer
                0x080064e4       0xb8 ../Middlewares/ST/AI/Lib\NetworkRuntime810_CM4_GCC.a(layers_nl_stm32_integer.o)
                0x080064e4                forward_sm_integer
 .text.forward_pad_8bit_ch1st_3x3_constant
                0x0800659c       0x64 ../Middlewares/ST/AI/Lib\NetworkRuntime810_CM4_GCC.a(layers_pad_generic.o)
                0x0800659c                forward_pad_8bit_ch1st_3x3_constant
 .text.forward_pad_constant
                0x08006600       0x94 ../Middlewares/ST/AI/Lib\NetworkRuntime810_CM4_GCC.a(layers_pad_generic.o)
                0x08006600                forward_pad_constant
 .text.forward_pad_edge
                0x08006694       0x84 ../Middlewares/ST/AI/Lib\NetworkRuntime810_CM4_GCC.a(layers_pad_generic.o)
                0x08006694                forward_pad_edge
 .text.forward_pad_reflect
                0x08006718       0xa4 ../Middlewares/ST/AI/Lib\NetworkRuntime810_CM4_GCC.a(layers_pad_generic.o)
                0x08006718                forward_pad_reflect
 .text.forward_ap_integer_INT8
                0x080067bc      0x1e4 ../Middlewares/ST/AI/Lib\NetworkRuntime810_CM4_GCC.a(layers_pool_stm32_integer.o)
                0x080067bc                forward_ap_integer_INT8
 .text.forward_eltwise_integer_INT8
                0x080069a0      0x3c4 ../Middlewares/ST/AI/Lib\NetworkRuntime810_CM4_GCC.a(layers_stm32_integer.o)
                0x080069a0                forward_eltwise_integer_INT8
 .text.forward_lite_conv2d_deep_3x3_sssa8_ch
                0x08006d64       0xb4 ../Middlewares/ST/AI/Lib\NetworkRuntime810_CM4_GCC.a(forward_lite_conv2d_sssa8_ch.o)
                0x08006d64                forward_lite_conv2d_deep_3x3_sssa8_ch
 .text.forward_lite_conv2d_deep_sssa8_ch
                0x08006e18      0x14c ../Middlewares/ST/AI/Lib\NetworkRuntime810_CM4_GCC.a(forward_lite_conv2d_sssa8_ch.o)
                0x08006e18                forward_lite_conv2d_deep_sssa8_ch
 .text.forward_lite_conv2d_rgb_sssa8_ch
                0x08006f64      0x57c ../Middlewares/ST/AI/Lib\NetworkRuntime810_CM4_GCC.a(forward_lite_conv2d_sssa8_ch.o)
                0x08006f64                forward_lite_conv2d_rgb_sssa8_ch
 .text.forward_lite_nl_softmax_is8os8
                0x080074e0      0x874 ../Middlewares/ST/AI/Lib\NetworkRuntime810_CM4_GCC.a(lite_nl_generic_integer.o)
                0x080074e0                forward_lite_nl_softmax_is8os8
 .text.forward_lite_nl_softmax_iu8ou8
                0x08007d54      0x868 ../Middlewares/ST/AI/Lib\NetworkRuntime810_CM4_GCC.a(lite_nl_generic_integer.o)
                0x08007d54                forward_lite_nl_softmax_iu8ou8
 .text.forward_lite_pad_8bit_ch1st_3x3_constant
                0x080085bc      0x17c ../Middlewares/ST/AI/Lib\NetworkRuntime810_CM4_GCC.a(forward_lite_pad_generic.o)
                0x080085bc                forward_lite_pad_8bit_ch1st_3x3_constant
 .text.forward_lite_pad_constant
                0x08008738      0x144 ../Middlewares/ST/AI/Lib\NetworkRuntime810_CM4_GCC.a(forward_lite_pad_generic.o)
                0x08008738                forward_lite_pad_constant
 .text.forward_lite_pad_edge
                0x0800887c       0xe8 ../Middlewares/ST/AI/Lib\NetworkRuntime810_CM4_GCC.a(forward_lite_pad_generic.o)
                0x0800887c                forward_lite_pad_edge
 .text.forward_lite_pad_reflect
                0x08008964      0x14c ../Middlewares/ST/AI/Lib\NetworkRuntime810_CM4_GCC.a(forward_lite_pad_generic.o)
                0x08008964                forward_lite_pad_reflect
 .text.align_factor
                0x08008ab0       0xa8 ../Middlewares/ST/AI/Lib\NetworkRuntime810_CM4_GCC.a(st_convolve_reference.o)
                0x08008ab0                align_factor
 .text.align_factor_ch
                0x08008b58       0x60 ../Middlewares/ST/AI/Lib\NetworkRuntime810_CM4_GCC.a(st_convolve_reference.o)
                0x08008b58                align_factor_ch
 .text.st_sssa8_ch_convolve_rank1upd
                0x08008bb8      0x11c ../Middlewares/ST/AI/Lib\NetworkRuntime810_CM4_GCC.a(st_sssa8_ch_convolve.o)
                0x08008bb8                st_sssa8_ch_convolve_rank1upd
 .text.st_sssa8_fully_connected
                0x08008cd4      0x5f4 ../Middlewares/ST/AI/Lib\NetworkRuntime810_CM4_GCC.a(st_sssa8_dense.o)
                0x08008cd4                st_sssa8_fully_connected
 .text.st_int8_fill
                0x080092c8       0xb8 ../Middlewares/ST/AI/Lib\NetworkRuntime810_CM4_GCC.a(st_int8_fill.o)
                0x080092c8                st_int8_fill
 .text.st_int8_copy
                0x08009380      0x10c ../Middlewares/ST/AI/Lib\NetworkRuntime810_CM4_GCC.a(st_int8_fill.o)
                0x08009380                st_int8_copy
 .text.st_int8_reordered_no_shift_zero
                0x0800948c       0x6c ../Middlewares/ST/AI/Lib\NetworkRuntime810_CM4_GCC.a(st_int8_reordered_no_shift.o)
                0x0800948c                st_int8_reordered_no_shift_zero
 .text.st_int8_to16_dual
                0x080094f8      0x1d4 ../Middlewares/ST/AI/Lib\NetworkRuntime810_CM4_GCC.a(st_int8_to16_no_shift.o)
                0x080094f8                st_int8_to16_dual
 .text.ai_padding_opt_init
                0x080096cc       0xb0 ../Middlewares/ST/AI/Lib\NetworkRuntime810_CM4_GCC.a(st_padding_opt.o)
                0x080096cc                ai_padding_opt_init
 .text.ai_padding_opt_phase1
                0x0800977c       0x34 ../Middlewares/ST/AI/Lib\NetworkRuntime810_CM4_GCC.a(st_padding_opt.o)
                0x0800977c                ai_padding_opt_phase1
 .text.st_sssa8_ch_nn_mat_mult_kernel_opt
                0x080097b0      0x7f8 ../Middlewares/ST/AI/Lib\NetworkRuntime810_CM4_GCC.a(st_sssa8_ch_nn_mat_mult_kernel_opt.o)
                0x080097b0                st_sssa8_ch_nn_mat_mult_kernel_opt
 .text.st_sssa8_ch_nn_mat_mult_kernel_single_opt
                0x08009fa8      0x474 ../Middlewares/ST/AI/Lib\NetworkRuntime810_CM4_GCC.a(st_sssa8_ch_nn_mat_mult_kernel_opt.o)
                0x08009fa8                st_sssa8_ch_nn_mat_mult_kernel_single_opt
 .text.weights_2channels_prefetch
                0x0800a41c      0x1d4 ../Middlewares/ST/AI/Lib\NetworkRuntime810_CM4_GCC.a(st_sssa8_ch_nn_mat_mult_nt_t.o)
                0x0800a41c                weights_2channels_prefetch
 .text.weights_2channels_prefetch_3x3
                0x0800a5f0      0x3d4 ../Middlewares/ST/AI/Lib\NetworkRuntime810_CM4_GCC.a(st_sssa8_ch_nn_mat_mult_nt_t.o)
                0x0800a5f0                weights_2channels_prefetch_3x3
 .text.st_sssa8_ch_fullW_prefetch
                0x0800a9c4       0x80 ../Middlewares/ST/AI/Lib\NetworkRuntime810_CM4_GCC.a(st_sssa8_ch_nn_mat_mult_nt_t.o)
                0x0800a9c4                st_sssa8_ch_fullW_prefetch
 .text.st_sssa8_ch_nn_mat_mult_conv2d_nt_t
                0x0800aa44      0xad8 ../Middlewares/ST/AI/Lib\NetworkRuntime810_CM4_GCC.a(st_sssa8_ch_nn_mat_mult_nt_t.o)
                0x0800aa44                st_sssa8_ch_nn_mat_mult_conv2d_nt_t
 .text.st_sssa8_ch_nn_mat_mult_conv2d_3x3_nt_t
                0x0800b51c      0xe04 ../Middlewares/ST/AI/Lib\NetworkRuntime810_CM4_GCC.a(st_sssa8_ch_nn_mat_mult_nt_t.o)
                0x0800b51c                st_sssa8_ch_nn_mat_mult_conv2d_3x3_nt_t
 .text.st_int8_avepool
                0x0800c320      0x3fc ../Middlewares/ST/AI/Lib\NetworkRuntime810_CM4_GCC.a(st_int8_pool.o)
                0x0800c320                st_int8_avepool
 .text.ai_sum_f32
                0x0800c71c       0x14 ../Middlewares/ST/AI/Lib\NetworkRuntime810_CM4_GCC.a(ai_math_helpers.o)
                0x0800c71c                ai_sum_f32
 .text.ai_sum_buffer_INT8
                0x0800c730      0x454 ../Middlewares/ST/AI/Lib\NetworkRuntime810_CM4_GCC.a(ai_math_helpers.o)
                0x0800c730                ai_sum_buffer_INT8
 .text.ai_array_to_buffer_fmt
                0x0800cb84       0xd8 ../Middlewares/ST/AI/Lib\NetworkRuntime810_CM4_GCC.a(ai_datatypes_format.o)
                0x0800cb84                ai_array_to_buffer_fmt
 .text.ai_array_get_byte_size
                0x0800cc5c       0x50 ../Middlewares/ST/AI/Lib\NetworkRuntime810_CM4_GCC.a(ai_datatypes_format.o)
                0x0800cc5c                ai_array_get_byte_size
 .text.ai_array_get_data_byte_size
                0x0800ccac       0x24 ../Middlewares/ST/AI/Lib\NetworkRuntime810_CM4_GCC.a(ai_datatypes_format.o)
                0x0800ccac                ai_array_get_data_byte_size
 .text.ai_version_get
                0x0800ccd0        0xc ../Middlewares/ST/AI/Lib\NetworkRuntime810_CM4_GCC.a(ai_datatypes_internal.o)
                0x0800ccd0                ai_version_get
 .text.get_tensor_byte_size
                0x0800ccdc       0x30 ../Middlewares/ST/AI/Lib\NetworkRuntime810_CM4_GCC.a(ai_datatypes_internal.o)
                0x0800ccdc                get_tensor_byte_size
 .text.core_get_broadcasted_shape
                0x0800cd0c       0x58 ../Middlewares/ST/AI/Lib\NetworkRuntime810_CM4_GCC.a(core_utils.o)
                0x0800cd0c                core_get_broadcasted_shape
 .text.core_compute_offsets
                0x0800cd64      0x124 ../Middlewares/ST/AI/Lib\NetworkRuntime810_CM4_GCC.a(core_utils.o)
                0x0800cd64                core_compute_offsets
 .text.atoi     0x0800ce88        0x8 C:/ST/STM32CubeIDE_1.15.1/STM32CubeIDE/plugins/com.st.stm32cube.ide.mcu.externaltools.gnu-tools-for-stm32.12.3.rel1.win32_1.0.100.202403111256/tools/bin/../lib/gcc/arm-none-eabi/12.3.1/../../../../arm-none-eabi/lib/thumb/v7e-m+fp/hard\libc_nano.a(libc_a-atoi.o)
                0x0800ce88                atoi
 .text.malloc   0x0800ce90       0x10 C:/ST/STM32CubeIDE_1.15.1/STM32CubeIDE/plugins/com.st.stm32cube.ide.mcu.externaltools.gnu-tools-for-stm32.12.3.rel1.win32_1.0.100.202403111256/tools/bin/../lib/gcc/arm-none-eabi/12.3.1/../../../../arm-none-eabi/lib/thumb/v7e-m+fp/hard\libc_nano.a(libc_a-malloc.o)
                0x0800ce90                malloc
 .text.sbrk_aligned
                0x0800cea0       0x44 C:/ST/STM32CubeIDE_1.15.1/STM32CubeIDE/plugins/com.st.stm32cube.ide.mcu.externaltools.gnu-tools-for-stm32.12.3.rel1.win32_1.0.100.202403111256/tools/bin/../lib/gcc/arm-none-eabi/12.3.1/../../../../arm-none-eabi/lib/thumb/v7e-m+fp/hard\libc_nano.a(libc_a-mallocr.o)
 .text._malloc_r
                0x0800cee4      0x100 C:/ST/STM32CubeIDE_1.15.1/STM32CubeIDE/plugins/com.st.stm32cube.ide.mcu.externaltools.gnu-tools-for-stm32.12.3.rel1.win32_1.0.100.202403111256/tools/bin/../lib/gcc/arm-none-eabi/12.3.1/../../../../arm-none-eabi/lib/thumb/v7e-m+fp/hard\libc_nano.a(libc_a-mallocr.o)
                0x0800cee4                _malloc_r
 .text.__malloc_lock
                0x0800cfe4        0xc C:/ST/STM32CubeIDE_1.15.1/STM32CubeIDE/plugins/com.st.stm32cube.ide.mcu.externaltools.gnu-tools-for-stm32.12.3.rel1.win32_1.0.100.202403111256/tools/bin/../lib/gcc/arm-none-eabi/12.3.1/../../../../arm-none-eabi/lib/thumb/v7e-m+fp/hard\libc_nano.a(libc_a-mlock.o)
                0x0800cfe4                __malloc_lock
 .text.__malloc_unlock
                0x0800cff0        0xc C:/ST/STM32CubeIDE_1.15.1/STM32CubeIDE/plugins/com.st.stm32cube.ide.mcu.externaltools.gnu-tools-for-stm32.12.3.rel1.win32_1.0.100.202403111256/tools/bin/../lib/gcc/arm-none-eabi/12.3.1/../../../../arm-none-eabi/lib/thumb/v7e-m+fp/hard\libc_nano.a(libc_a-mlock.o)
                0x0800cff0                __malloc_unlock
 .text._realloc_r
                0x0800cffc       0x5c C:/ST/STM32CubeIDE_1.15.1/STM32CubeIDE/plugins/com.st.stm32cube.ide.mcu.externaltools.gnu-tools-for-stm32.12.3.rel1.win32_1.0.100.202403111256/tools/bin/../lib/gcc/arm-none-eabi/12.3.1/../../../../arm-none-eabi/lib/thumb/v7e-m+fp/hard\libc_nano.a(libc_a-reallocr.o)
                0x0800cffc                _realloc_r
 .text._strtol_l.constprop.0
                0x0800d058       0xf4 C:/ST/STM32CubeIDE_1.15.1/STM32CubeIDE/plugins/com.st.stm32cube.ide.mcu.externaltools.gnu-tools-for-stm32.12.3.rel1.win32_1.0.100.202403111256/tools/bin/../lib/gcc/arm-none-eabi/12.3.1/../../../../arm-none-eabi/lib/thumb/v7e-m+fp/hard\libc_nano.a(libc_a-strtol.o)
 .text.strtol   0x0800d14c       0x14 C:/ST/STM32CubeIDE_1.15.1/STM32CubeIDE/plugins/com.st.stm32cube.ide.mcu.externaltools.gnu-tools-for-stm32.12.3.rel1.win32_1.0.100.202403111256/tools/bin/../lib/gcc/arm-none-eabi/12.3.1/../../../../arm-none-eabi/lib/thumb/v7e-m+fp/hard\libc_nano.a(libc_a-strtol.o)
                0x0800d14c                strtol
 .text.__cvt    0x0800d160       0xca C:/ST/STM32CubeIDE_1.15.1/STM32CubeIDE/plugins/com.st.stm32cube.ide.mcu.externaltools.gnu-tools-for-stm32.12.3.rel1.win32_1.0.100.202403111256/tools/bin/../lib/gcc/arm-none-eabi/12.3.1/../../../../arm-none-eabi/lib/thumb/v7e-m+fp/hard\libc_nano.a(libc_a-nano-vfprintf_float.o)
                0x0800d160                __cvt
 .text.__exponent
                0x0800d22a       0x74 C:/ST/STM32CubeIDE_1.15.1/STM32CubeIDE/plugins/com.st.stm32cube.ide.mcu.externaltools.gnu-tools-for-stm32.12.3.rel1.win32_1.0.100.202403111256/tools/bin/../lib/gcc/arm-none-eabi/12.3.1/../../../../arm-none-eabi/lib/thumb/v7e-m+fp/hard\libc_nano.a(libc_a-nano-vfprintf_float.o)
                0x0800d22a                __exponent
 *fill*         0x0800d29e        0x2 
 .text._printf_float
                0x0800d2a0      0x454 C:/ST/STM32CubeIDE_1.15.1/STM32CubeIDE/plugins/com.st.stm32cube.ide.mcu.externaltools.gnu-tools-for-stm32.12.3.rel1.win32_1.0.100.202403111256/tools/bin/../lib/gcc/arm-none-eabi/12.3.1/../../../../arm-none-eabi/lib/thumb/v7e-m+fp/hard\libc_nano.a(libc_a-nano-vfprintf_float.o)
                0x0800d2a0                _printf_float
 .text._printf_common
                0x0800d6f4       0xda C:/ST/STM32CubeIDE_1.15.1/STM32CubeIDE/plugins/com.st.stm32cube.ide.mcu.externaltools.gnu-tools-for-stm32.12.3.rel1.win32_1.0.100.202403111256/tools/bin/../lib/gcc/arm-none-eabi/12.3.1/../../../../arm-none-eabi/lib/thumb/v7e-m+fp/hard\libc_nano.a(libc_a-nano-vfprintf_i.o)
                0x0800d6f4                _printf_common
 *fill*         0x0800d7ce        0x2 
 .text._printf_i
                0x0800d7d0      0x240 C:/ST/STM32CubeIDE_1.15.1/STM32CubeIDE/plugins/com.st.stm32cube.ide.mcu.externaltools.gnu-tools-for-stm32.12.3.rel1.win32_1.0.100.202403111256/tools/bin/../lib/gcc/arm-none-eabi/12.3.1/../../../../arm-none-eabi/lib/thumb/v7e-m+fp/hard\libc_nano.a(libc_a-nano-vfprintf_i.o)
                0x0800d7d0                _printf_i
 .text.std      0x0800da10       0x6c C:/ST/STM32CubeIDE_1.15.1/STM32CubeIDE/plugins/com.st.stm32cube.ide.mcu.externaltools.gnu-tools-for-stm32.12.3.rel1.win32_1.0.100.202403111256/tools/bin/../lib/gcc/arm-none-eabi/12.3.1/../../../../arm-none-eabi/lib/thumb/v7e-m+fp/hard\libc_nano.a(libc_a-findfp.o)
 .text.stdio_exit_handler
                0x0800da7c       0x18 C:/ST/STM32CubeIDE_1.15.1/STM32CubeIDE/plugins/com.st.stm32cube.ide.mcu.externaltools.gnu-tools-for-stm32.12.3.rel1.win32_1.0.100.202403111256/tools/bin/../lib/gcc/arm-none-eabi/12.3.1/../../../../arm-none-eabi/lib/thumb/v7e-m+fp/hard\libc_nano.a(libc_a-findfp.o)
 .text.cleanup_stdio
                0x0800da94       0x40 C:/ST/STM32CubeIDE_1.15.1/STM32CubeIDE/plugins/com.st.stm32cube.ide.mcu.externaltools.gnu-tools-for-stm32.12.3.rel1.win32_1.0.100.202403111256/tools/bin/../lib/gcc/arm-none-eabi/12.3.1/../../../../arm-none-eabi/lib/thumb/v7e-m+fp/hard\libc_nano.a(libc_a-findfp.o)
 .text.global_stdio_init.part.0
                0x0800dad4       0x3c C:/ST/STM32CubeIDE_1.15.1/STM32CubeIDE/plugins/com.st.stm32cube.ide.mcu.externaltools.gnu-tools-for-stm32.12.3.rel1.win32_1.0.100.202403111256/tools/bin/../lib/gcc/arm-none-eabi/12.3.1/../../../../arm-none-eabi/lib/thumb/v7e-m+fp/hard\libc_nano.a(libc_a-findfp.o)
 .text.__sfp_lock_acquire
                0x0800db10        0xc C:/ST/STM32CubeIDE_1.15.1/STM32CubeIDE/plugins/com.st.stm32cube.ide.mcu.externaltools.gnu-tools-for-stm32.12.3.rel1.win32_1.0.100.202403111256/tools/bin/../lib/gcc/arm-none-eabi/12.3.1/../../../../arm-none-eabi/lib/thumb/v7e-m+fp/hard\libc_nano.a(libc_a-findfp.o)
                0x0800db10                __sfp_lock_acquire
 .text.__sfp_lock_release
                0x0800db1c        0xc C:/ST/STM32CubeIDE_1.15.1/STM32CubeIDE/plugins/com.st.stm32cube.ide.mcu.externaltools.gnu-tools-for-stm32.12.3.rel1.win32_1.0.100.202403111256/tools/bin/../lib/gcc/arm-none-eabi/12.3.1/../../../../arm-none-eabi/lib/thumb/v7e-m+fp/hard\libc_nano.a(libc_a-findfp.o)
                0x0800db1c                __sfp_lock_release
 .text.__sinit  0x0800db28       0x30 C:/ST/STM32CubeIDE_1.15.1/STM32CubeIDE/plugins/com.st.stm32cube.ide.mcu.externaltools.gnu-tools-for-stm32.12.3.rel1.win32_1.0.100.202403111256/tools/bin/../lib/gcc/arm-none-eabi/12.3.1/../../../../arm-none-eabi/lib/thumb/v7e-m+fp/hard\libc_nano.a(libc_a-findfp.o)
                0x0800db28                __sinit
 .text._fwalk_sglue
                0x0800db58       0x3c C:/ST/STM32CubeIDE_1.15.1/STM32CubeIDE/plugins/com.st.stm32cube.ide.mcu.externaltools.gnu-tools-for-stm32.12.3.rel1.win32_1.0.100.202403111256/tools/bin/../lib/gcc/arm-none-eabi/12.3.1/../../../../arm-none-eabi/lib/thumb/v7e-m+fp/hard\libc_nano.a(libc_a-fwalk.o)
                0x0800db58                _fwalk_sglue
 .text.snprintf
                0x0800db94       0x68 C:/ST/STM32CubeIDE_1.15.1/STM32CubeIDE/plugins/com.st.stm32cube.ide.mcu.externaltools.gnu-tools-for-stm32.12.3.rel1.win32_1.0.100.202403111256/tools/bin/../lib/gcc/arm-none-eabi/12.3.1/../../../../arm-none-eabi/lib/thumb/v7e-m+fp/hard\libc_nano.a(libc_a-snprintf.o)
                0x0800db94                sniprintf
                0x0800db94                snprintf
 .text.__sread  0x0800dbfc       0x22 C:/ST/STM32CubeIDE_1.15.1/STM32CubeIDE/plugins/com.st.stm32cube.ide.mcu.externaltools.gnu-tools-for-stm32.12.3.rel1.win32_1.0.100.202403111256/tools/bin/../lib/gcc/arm-none-eabi/12.3.1/../../../../arm-none-eabi/lib/thumb/v7e-m+fp/hard\libc_nano.a(libc_a-stdio.o)
                0x0800dbfc                __sread
 .text.__swrite
                0x0800dc1e       0x38 C:/ST/STM32CubeIDE_1.15.1/STM32CubeIDE/plugins/com.st.stm32cube.ide.mcu.externaltools.gnu-tools-for-stm32.12.3.rel1.win32_1.0.100.202403111256/tools/bin/../lib/gcc/arm-none-eabi/12.3.1/../../../../arm-none-eabi/lib/thumb/v7e-m+fp/hard\libc_nano.a(libc_a-stdio.o)
                0x0800dc1e                __swrite
 .text.__sseek  0x0800dc56       0x24 C:/ST/STM32CubeIDE_1.15.1/STM32CubeIDE/plugins/com.st.stm32cube.ide.mcu.externaltools.gnu-tools-for-stm32.12.3.rel1.win32_1.0.100.202403111256/tools/bin/../lib/gcc/arm-none-eabi/12.3.1/../../../../arm-none-eabi/lib/thumb/v7e-m+fp/hard\libc_nano.a(libc_a-stdio.o)
                0x0800dc56                __sseek
 .text.__sclose
                0x0800dc7a        0x8 C:/ST/STM32CubeIDE_1.15.1/STM32CubeIDE/plugins/com.st.stm32cube.ide.mcu.externaltools.gnu-tools-for-stm32.12.3.rel1.win32_1.0.100.202403111256/tools/bin/../lib/gcc/arm-none-eabi/12.3.1/../../../../arm-none-eabi/lib/thumb/v7e-m+fp/hard\libc_nano.a(libc_a-stdio.o)
                0x0800dc7a                __sclose
 .text._vsnprintf_r
                0x0800dc82       0x56 C:/ST/STM32CubeIDE_1.15.1/STM32CubeIDE/plugins/com.st.stm32cube.ide.mcu.externaltools.gnu-tools-for-stm32.12.3.rel1.win32_1.0.100.202403111256/tools/bin/../lib/gcc/arm-none-eabi/12.3.1/../../../../arm-none-eabi/lib/thumb/v7e-m+fp/hard\libc_nano.a(libc_a-vsnprintf.o)
                0x0800dc82                _vsniprintf_r
                0x0800dc82                _vsnprintf_r
 .text.vsnprintf
                0x0800dcd8       0x1c C:/ST/STM32CubeIDE_1.15.1/STM32CubeIDE/plugins/com.st.stm32cube.ide.mcu.externaltools.gnu-tools-for-stm32.12.3.rel1.win32_1.0.100.202403111256/tools/bin/../lib/gcc/arm-none-eabi/12.3.1/../../../../arm-none-eabi/lib/thumb/v7e-m+fp/hard\libc_nano.a(libc_a-vsnprintf.o)
                0x0800dcd8                vsniprintf
                0x0800dcd8                vsnprintf
 .text.memmove  0x0800dcf4       0x34 C:/ST/STM32CubeIDE_1.15.1/STM32CubeIDE/plugins/com.st.stm32cube.ide.mcu.externaltools.gnu-tools-for-stm32.12.3.rel1.win32_1.0.100.202403111256/tools/bin/../lib/gcc/arm-none-eabi/12.3.1/../../../../arm-none-eabi/lib/thumb/v7e-m+fp/hard\libc_nano.a(libc_a-memmove.o)
                0x0800dcf4                memmove
 .text.memset   0x0800dd28       0x10 C:/ST/STM32CubeIDE_1.15.1/STM32CubeIDE/plugins/com.st.stm32cube.ide.mcu.externaltools.gnu-tools-for-stm32.12.3.rel1.win32_1.0.100.202403111256/tools/bin/../lib/gcc/arm-none-eabi/12.3.1/../../../../arm-none-eabi/lib/thumb/v7e-m+fp/hard\libc_nano.a(libc_a-memset.o)
                0x0800dd28                memset
 .text.strnlen  0x0800dd38       0x18 C:/ST/STM32CubeIDE_1.15.1/STM32CubeIDE/plugins/com.st.stm32cube.ide.mcu.externaltools.gnu-tools-for-stm32.12.3.rel1.win32_1.0.100.202403111256/tools/bin/../lib/gcc/arm-none-eabi/12.3.1/../../../../arm-none-eabi/lib/thumb/v7e-m+fp/hard\libc_nano.a(libc_a-strnlen.o)
                0x0800dd38                strnlen
 .text.strtok   0x0800dd50       0x68 C:/ST/STM32CubeIDE_1.15.1/STM32CubeIDE/plugins/com.st.stm32cube.ide.mcu.externaltools.gnu-tools-for-stm32.12.3.rel1.win32_1.0.100.202403111256/tools/bin/../lib/gcc/arm-none-eabi/12.3.1/../../../../arm-none-eabi/lib/thumb/v7e-m+fp/hard\libc_nano.a(libc_a-strtok.o)
                0x0800dd50                strtok
 .text.__strtok_r
                0x0800ddb8       0x50 C:/ST/STM32CubeIDE_1.15.1/STM32CubeIDE/plugins/com.st.stm32cube.ide.mcu.externaltools.gnu-tools-for-stm32.12.3.rel1.win32_1.0.100.202403111256/tools/bin/../lib/gcc/arm-none-eabi/12.3.1/../../../../arm-none-eabi/lib/thumb/v7e-m+fp/hard\libc_nano.a(libc_a-strtok_r.o)
                0x0800ddb8                __strtok_r
 .text._localeconv_r
                0x0800de08        0x8 C:/ST/STM32CubeIDE_1.15.1/STM32CubeIDE/plugins/com.st.stm32cube.ide.mcu.externaltools.gnu-tools-for-stm32.12.3.rel1.win32_1.0.100.202403111256/tools/bin/../lib/gcc/arm-none-eabi/12.3.1/../../../../arm-none-eabi/lib/thumb/v7e-m+fp/hard\libc_nano.a(libc_a-localeconv.o)
                0x0800de08                _localeconv_r
 .text._close_r
                0x0800de10       0x20 C:/ST/STM32CubeIDE_1.15.1/STM32CubeIDE/plugins/com.st.stm32cube.ide.mcu.externaltools.gnu-tools-for-stm32.12.3.rel1.win32_1.0.100.202403111256/tools/bin/../lib/gcc/arm-none-eabi/12.3.1/../../../../arm-none-eabi/lib/thumb/v7e-m+fp/hard\libc_nano.a(libc_a-closer.o)
                0x0800de10                _close_r
 .text._lseek_r
                0x0800de30       0x24 C:/ST/STM32CubeIDE_1.15.1/STM32CubeIDE/plugins/com.st.stm32cube.ide.mcu.externaltools.gnu-tools-for-stm32.12.3.rel1.win32_1.0.100.202403111256/tools/bin/../lib/gcc/arm-none-eabi/12.3.1/../../../../arm-none-eabi/lib/thumb/v7e-m+fp/hard\libc_nano.a(libc_a-lseekr.o)
                0x0800de30                _lseek_r
 .text._read_r  0x0800de54       0x24 C:/ST/STM32CubeIDE_1.15.1/STM32CubeIDE/plugins/com.st.stm32cube.ide.mcu.externaltools.gnu-tools-for-stm32.12.3.rel1.win32_1.0.100.202403111256/tools/bin/../lib/gcc/arm-none-eabi/12.3.1/../../../../arm-none-eabi/lib/thumb/v7e-m+fp/hard\libc_nano.a(libc_a-readr.o)
                0x0800de54                _read_r
 .text._sbrk_r  0x0800de78       0x20 C:/ST/STM32CubeIDE_1.15.1/STM32CubeIDE/plugins/com.st.stm32cube.ide.mcu.externaltools.gnu-tools-for-stm32.12.3.rel1.win32_1.0.100.202403111256/tools/bin/../lib/gcc/arm-none-eabi/12.3.1/../../../../arm-none-eabi/lib/thumb/v7e-m+fp/hard\libc_nano.a(libc_a-sbrkr.o)
                0x0800de78                _sbrk_r
 .text._write_r
                0x0800de98       0x24 C:/ST/STM32CubeIDE_1.15.1/STM32CubeIDE/plugins/com.st.stm32cube.ide.mcu.externaltools.gnu-tools-for-stm32.12.3.rel1.win32_1.0.100.202403111256/tools/bin/../lib/gcc/arm-none-eabi/12.3.1/../../../../arm-none-eabi/lib/thumb/v7e-m+fp/hard\libc_nano.a(libc_a-writer.o)
                0x0800de98                _write_r
 .text.__errno  0x0800debc        0xc C:/ST/STM32CubeIDE_1.15.1/STM32CubeIDE/plugins/com.st.stm32cube.ide.mcu.externaltools.gnu-tools-for-stm32.12.3.rel1.win32_1.0.100.202403111256/tools/bin/../lib/gcc/arm-none-eabi/12.3.1/../../../../arm-none-eabi/lib/thumb/v7e-m+fp/hard\libc_nano.a(libc_a-errno.o)
                0x0800debc                __errno
 .text.__libc_init_array
                0x0800dec8       0x48 C:/ST/STM32CubeIDE_1.15.1/STM32CubeIDE/plugins/com.st.stm32cube.ide.mcu.externaltools.gnu-tools-for-stm32.12.3.rel1.win32_1.0.100.202403111256/tools/bin/../lib/gcc/arm-none-eabi/12.3.1/../../../../arm-none-eabi/lib/thumb/v7e-m+fp/hard\libc_nano.a(libc_a-init.o)
                0x0800dec8                __libc_init_array
 .text.__retarget_lock_init_recursive
                0x0800df10        0x2 C:/ST/STM32CubeIDE_1.15.1/STM32CubeIDE/plugins/com.st.stm32cube.ide.mcu.externaltools.gnu-tools-for-stm32.12.3.rel1.win32_1.0.100.202403111256/tools/bin/../lib/gcc/arm-none-eabi/12.3.1/../../../../arm-none-eabi/lib/thumb/v7e-m+fp/hard\libc_nano.a(libc_a-lock.o)
                0x0800df10                __retarget_lock_init_recursive
 .text.__retarget_lock_acquire_recursive
                0x0800df12        0x2 C:/ST/STM32CubeIDE_1.15.1/STM32CubeIDE/plugins/com.st.stm32cube.ide.mcu.externaltools.gnu-tools-for-stm32.12.3.rel1.win32_1.0.100.202403111256/tools/bin/../lib/gcc/arm-none-eabi/12.3.1/../../../../arm-none-eabi/lib/thumb/v7e-m+fp/hard\libc_nano.a(libc_a-lock.o)
                0x0800df12                __retarget_lock_acquire_recursive
 .text.__retarget_lock_release_recursive
                0x0800df14        0x2 C:/ST/STM32CubeIDE_1.15.1/STM32CubeIDE/plugins/com.st.stm32cube.ide.mcu.externaltools.gnu-tools-for-stm32.12.3.rel1.win32_1.0.100.202403111256/tools/bin/../lib/gcc/arm-none-eabi/12.3.1/../../../../arm-none-eabi/lib/thumb/v7e-m+fp/hard\libc_nano.a(libc_a-lock.o)
                0x0800df14                __retarget_lock_release_recursive
 .text.memcpy   0x0800df16       0x1c C:/ST/STM32CubeIDE_1.15.1/STM32CubeIDE/plugins/com.st.stm32cube.ide.mcu.externaltools.gnu-tools-for-stm32.12.3.rel1.win32_1.0.100.202403111256/tools/bin/../lib/gcc/arm-none-eabi/12.3.1/../../../../arm-none-eabi/lib/thumb/v7e-m+fp/hard\libc_nano.a(libc_a-memcpy-stub.o)
                0x0800df16                memcpy
 *fill*         0x0800df32        0x2 
 .text.__assert_func
                0x0800df34       0x3c C:/ST/STM32CubeIDE_1.15.1/STM32CubeIDE/plugins/com.st.stm32cube.ide.mcu.externaltools.gnu-tools-for-stm32.12.3.rel1.win32_1.0.100.202403111256/tools/bin/../lib/gcc/arm-none-eabi/12.3.1/../../../../arm-none-eabi/lib/thumb/v7e-m+fp/hard\libc_nano.a(libc_a-assert.o)
                0x0800df34                __assert_func
 .text.quorem   0x0800df70      0x110 C:/ST/STM32CubeIDE_1.15.1/STM32CubeIDE/plugins/com.st.stm32cube.ide.mcu.externaltools.gnu-tools-for-stm32.12.3.rel1.win32_1.0.100.202403111256/tools/bin/../lib/gcc/arm-none-eabi/12.3.1/../../../../arm-none-eabi/lib/thumb/v7e-m+fp/hard\libc_nano.a(libc_a-dtoa.o)
 .text._dtoa_r  0x0800e080      0xb88 C:/ST/STM32CubeIDE_1.15.1/STM32CubeIDE/plugins/com.st.stm32cube.ide.mcu.externaltools.gnu-tools-for-stm32.12.3.rel1.win32_1.0.100.202403111256/tools/bin/../lib/gcc/arm-none-eabi/12.3.1/../../../../arm-none-eabi/lib/thumb/v7e-m+fp/hard\libc_nano.a(libc_a-dtoa.o)
                0x0800e080                _dtoa_r
 .text._free_r  0x0800ec08       0x94 C:/ST/STM32CubeIDE_1.15.1/STM32CubeIDE/plugins/com.st.stm32cube.ide.mcu.externaltools.gnu-tools-for-stm32.12.3.rel1.win32_1.0.100.202403111256/tools/bin/../lib/gcc/arm-none-eabi/12.3.1/../../../../arm-none-eabi/lib/thumb/v7e-m+fp/hard\libc_nano.a(libc_a-freer.o)
                0x0800ec08                _free_r
 .text._Balloc  0x0800ec9c       0x80 C:/ST/STM32CubeIDE_1.15.1/STM32CubeIDE/plugins/com.st.stm32cube.ide.mcu.externaltools.gnu-tools-for-stm32.12.3.rel1.win32_1.0.100.202403111256/tools/bin/../lib/gcc/arm-none-eabi/12.3.1/../../../../arm-none-eabi/lib/thumb/v7e-m+fp/hard\libc_nano.a(libc_a-mprec.o)
                0x0800ec9c                _Balloc
 .text._Bfree   0x0800ed1c       0x44 C:/ST/STM32CubeIDE_1.15.1/STM32CubeIDE/plugins/com.st.stm32cube.ide.mcu.externaltools.gnu-tools-for-stm32.12.3.rel1.win32_1.0.100.202403111256/tools/bin/../lib/gcc/arm-none-eabi/12.3.1/../../../../arm-none-eabi/lib/thumb/v7e-m+fp/hard\libc_nano.a(libc_a-mprec.o)
                0x0800ed1c                _Bfree
 .text.__multadd
                0x0800ed60       0x8c C:/ST/STM32CubeIDE_1.15.1/STM32CubeIDE/plugins/com.st.stm32cube.ide.mcu.externaltools.gnu-tools-for-stm32.12.3.rel1.win32_1.0.100.202403111256/tools/bin/../lib/gcc/arm-none-eabi/12.3.1/../../../../arm-none-eabi/lib/thumb/v7e-m+fp/hard\libc_nano.a(libc_a-mprec.o)
                0x0800ed60                __multadd
 .text.__hi0bits
                0x0800edec       0x3e C:/ST/STM32CubeIDE_1.15.1/STM32CubeIDE/plugins/com.st.stm32cube.ide.mcu.externaltools.gnu-tools-for-stm32.12.3.rel1.win32_1.0.100.202403111256/tools/bin/../lib/gcc/arm-none-eabi/12.3.1/../../../../arm-none-eabi/lib/thumb/v7e-m+fp/hard\libc_nano.a(libc_a-mprec.o)
                0x0800edec                __hi0bits
 .text.__lo0bits
                0x0800ee2a       0x5a C:/ST/STM32CubeIDE_1.15.1/STM32CubeIDE/plugins/com.st.stm32cube.ide.mcu.externaltools.gnu-tools-for-stm32.12.3.rel1.win32_1.0.100.202403111256/tools/bin/../lib/gcc/arm-none-eabi/12.3.1/../../../../arm-none-eabi/lib/thumb/v7e-m+fp/hard\libc_nano.a(libc_a-mprec.o)
                0x0800ee2a                __lo0bits
 .text.__i2b    0x0800ee84       0x2c C:/ST/STM32CubeIDE_1.15.1/STM32CubeIDE/plugins/com.st.stm32cube.ide.mcu.externaltools.gnu-tools-for-stm32.12.3.rel1.win32_1.0.100.202403111256/tools/bin/../lib/gcc/arm-none-eabi/12.3.1/../../../../arm-none-eabi/lib/thumb/v7e-m+fp/hard\libc_nano.a(libc_a-mprec.o)
                0x0800ee84                __i2b
 .text.__multiply
                0x0800eeb0      0x154 C:/ST/STM32CubeIDE_1.15.1/STM32CubeIDE/plugins/com.st.stm32cube.ide.mcu.externaltools.gnu-tools-for-stm32.12.3.rel1.win32_1.0.100.202403111256/tools/bin/../lib/gcc/arm-none-eabi/12.3.1/../../../../arm-none-eabi/lib/thumb/v7e-m+fp/hard\libc_nano.a(libc_a-mprec.o)
                0x0800eeb0                __multiply
 .text.__pow5mult
                0x0800f004       0xb4 C:/ST/STM32CubeIDE_1.15.1/STM32CubeIDE/plugins/com.st.stm32cube.ide.mcu.externaltools.gnu-tools-for-stm32.12.3.rel1.win32_1.0.100.202403111256/tools/bin/../lib/gcc/arm-none-eabi/12.3.1/../../../../arm-none-eabi/lib/thumb/v7e-m+fp/hard\libc_nano.a(libc_a-mprec.o)
                0x0800f004                __pow5mult
 .text.__lshift
                0x0800f0b8       0xd8 C:/ST/STM32CubeIDE_1.15.1/STM32CubeIDE/plugins/com.st.stm32cube.ide.mcu.externaltools.gnu-tools-for-stm32.12.3.rel1.win32_1.0.100.202403111256/tools/bin/../lib/gcc/arm-none-eabi/12.3.1/../../../../arm-none-eabi/lib/thumb/v7e-m+fp/hard\libc_nano.a(libc_a-mprec.o)
                0x0800f0b8                __lshift
 .text.__mcmp   0x0800f190       0x36 C:/ST/STM32CubeIDE_1.15.1/STM32CubeIDE/plugins/com.st.stm32cube.ide.mcu.externaltools.gnu-tools-for-stm32.12.3.rel1.win32_1.0.100.202403111256/tools/bin/../lib/gcc/arm-none-eabi/12.3.1/../../../../arm-none-eabi/lib/thumb/v7e-m+fp/hard\libc_nano.a(libc_a-mprec.o)
                0x0800f190                __mcmp
 *fill*         0x0800f1c6        0x2 
 .text.__mdiff  0x0800f1c8      0x128 C:/ST/STM32CubeIDE_1.15.1/STM32CubeIDE/plugins/com.st.stm32cube.ide.mcu.externaltools.gnu-tools-for-stm32.12.3.rel1.win32_1.0.100.202403111256/tools/bin/../lib/gcc/arm-none-eabi/12.3.1/../../../../arm-none-eabi/lib/thumb/v7e-m+fp/hard\libc_nano.a(libc_a-mprec.o)
                0x0800f1c8                __mdiff
 .text.__d2b    0x0800f2f0       0xb0 C:/ST/STM32CubeIDE_1.15.1/STM32CubeIDE/plugins/com.st.stm32cube.ide.mcu.externaltools.gnu-tools-for-stm32.12.3.rel1.win32_1.0.100.202403111256/tools/bin/../lib/gcc/arm-none-eabi/12.3.1/../../../../arm-none-eabi/lib/thumb/v7e-m+fp/hard\libc_nano.a(libc_a-mprec.o)
                0x0800f2f0                __d2b
 .text._malloc_usable_size_r
                0x0800f3a0       0x10 C:/ST/STM32CubeIDE_1.15.1/STM32CubeIDE/plugins/com.st.stm32cube.ide.mcu.externaltools.gnu-tools-for-stm32.12.3.rel1.win32_1.0.100.202403111256/tools/bin/../lib/gcc/arm-none-eabi/12.3.1/../../../../arm-none-eabi/lib/thumb/v7e-m+fp/hard\libc_nano.a(libc_a-msizer.o)
                0x0800f3a0                _malloc_usable_size_r
 .text.__ssputs_r
                0x0800f3b0       0xb6 C:/ST/STM32CubeIDE_1.15.1/STM32CubeIDE/plugins/com.st.stm32cube.ide.mcu.externaltools.gnu-tools-for-stm32.12.3.rel1.win32_1.0.100.202403111256/tools/bin/../lib/gcc/arm-none-eabi/12.3.1/../../../../arm-none-eabi/lib/thumb/v7e-m+fp/hard\libc_nano.a(libc_a-nano-svfprintf.o)
                0x0800f3b0                __ssputs_r
 *fill*         0x0800f466        0x2 
 .text._svfprintf_r
                0x0800f468      0x1f8 C:/ST/STM32CubeIDE_1.15.1/STM32CubeIDE/plugins/com.st.stm32cube.ide.mcu.externaltools.gnu-tools-for-stm32.12.3.rel1.win32_1.0.100.202403111256/tools/bin/../lib/gcc/arm-none-eabi/12.3.1/../../../../arm-none-eabi/lib/thumb/v7e-m+fp/hard\libc_nano.a(libc_a-nano-svfprintf.o)
                0x0800f468                _svfiprintf_r
                0x0800f468                _svfprintf_r
 .text.__sfputc_r
                0x0800f660       0x2e C:/ST/STM32CubeIDE_1.15.1/STM32CubeIDE/plugins/com.st.stm32cube.ide.mcu.externaltools.gnu-tools-for-stm32.12.3.rel1.win32_1.0.100.202403111256/tools/bin/../lib/gcc/arm-none-eabi/12.3.1/../../../../arm-none-eabi/lib/thumb/v7e-m+fp/hard\libc_nano.a(libc_a-nano-vfprintf.o)
 .text.__sfputs_r
                0x0800f68e       0x24 C:/ST/STM32CubeIDE_1.15.1/STM32CubeIDE/plugins/com.st.stm32cube.ide.mcu.externaltools.gnu-tools-for-stm32.12.3.rel1.win32_1.0.100.202403111256/tools/bin/../lib/gcc/arm-none-eabi/12.3.1/../../../../arm-none-eabi/lib/thumb/v7e-m+fp/hard\libc_nano.a(libc_a-nano-vfprintf.o)
                0x0800f68e                __sfputs_r
 *fill*         0x0800f6b2        0x2 
 .text._vfprintf_r
                0x0800f6b4      0x230 C:/ST/STM32CubeIDE_1.15.1/STM32CubeIDE/plugins/com.st.stm32cube.ide.mcu.externaltools.gnu-tools-for-stm32.12.3.rel1.win32_1.0.100.202403111256/tools/bin/../lib/gcc/arm-none-eabi/12.3.1/../../../../arm-none-eabi/lib/thumb/v7e-m+fp/hard\libc_nano.a(libc_a-nano-vfprintf.o)
                0x0800f6b4                _vfprintf_r
                0x0800f6b4                _vfiprintf_r
 .text.__sflush_r
                0x0800f8e4      0x108 C:/ST/STM32CubeIDE_1.15.1/STM32CubeIDE/plugins/com.st.stm32cube.ide.mcu.externaltools.gnu-tools-for-stm32.12.3.rel1.win32_1.0.100.202403111256/tools/bin/../lib/gcc/arm-none-eabi/12.3.1/../../../../arm-none-eabi/lib/thumb/v7e-m+fp/hard\libc_nano.a(libc_a-fflush.o)
                0x0800f8e4                __sflush_r
 .text._fflush_r
                0x0800f9ec       0x50 C:/ST/STM32CubeIDE_1.15.1/STM32CubeIDE/plugins/com.st.stm32cube.ide.mcu.externaltools.gnu-tools-for-stm32.12.3.rel1.win32_1.0.100.202403111256/tools/bin/../lib/gcc/arm-none-eabi/12.3.1/../../../../arm-none-eabi/lib/thumb/v7e-m+fp/hard\libc_nano.a(libc_a-fflush.o)
                0x0800f9ec                _fflush_r
 .text.fprintf  0x0800fa3c       0x24 C:/ST/STM32CubeIDE_1.15.1/STM32CubeIDE/plugins/com.st.stm32cube.ide.mcu.externaltools.gnu-tools-for-stm32.12.3.rel1.win32_1.0.100.202403111256/tools/bin/../lib/gcc/arm-none-eabi/12.3.1/../../../../arm-none-eabi/lib/thumb/v7e-m+fp/hard\libc_nano.a(libc_a-fprintf.o)
                0x0800fa3c                fiprintf
                0x0800fa3c                fprintf
 .text.__swbuf_r
                0x0800fa60       0x7c C:/ST/STM32CubeIDE_1.15.1/STM32CubeIDE/plugins/com.st.stm32cube.ide.mcu.externaltools.gnu-tools-for-stm32.12.3.rel1.win32_1.0.100.202403111256/tools/bin/../lib/gcc/arm-none-eabi/12.3.1/../../../../arm-none-eabi/lib/thumb/v7e-m+fp/hard\libc_nano.a(libc_a-wbuf.o)
                0x0800fa60                __swbuf_r
 .text.__swsetup_r
                0x0800fadc       0xac C:/ST/STM32CubeIDE_1.15.1/STM32CubeIDE/plugins/com.st.stm32cube.ide.mcu.externaltools.gnu-tools-for-stm32.12.3.rel1.win32_1.0.100.202403111256/tools/bin/../lib/gcc/arm-none-eabi/12.3.1/../../../../arm-none-eabi/lib/thumb/v7e-m+fp/hard\libc_nano.a(libc_a-wsetup.o)
                0x0800fadc                __swsetup_r
 .text.abort    0x0800fb88        0xe C:/ST/STM32CubeIDE_1.15.1/STM32CubeIDE/plugins/com.st.stm32cube.ide.mcu.externaltools.gnu-tools-for-stm32.12.3.rel1.win32_1.0.100.202403111256/tools/bin/../lib/gcc/arm-none-eabi/12.3.1/../../../../arm-none-eabi/lib/thumb/v7e-m+fp/hard\libc_nano.a(libc_a-abort.o)
                0x0800fb88                abort
 .text._calloc_r
                0x0800fb96       0x28 C:/ST/STM32CubeIDE_1.15.1/STM32CubeIDE/plugins/com.st.stm32cube.ide.mcu.externaltools.gnu-tools-for-stm32.12.3.rel1.win32_1.0.100.202403111256/tools/bin/../lib/gcc/arm-none-eabi/12.3.1/../../../../arm-none-eabi/lib/thumb/v7e-m+fp/hard\libc_nano.a(libc_a-callocr.o)
                0x0800fb96                _calloc_r
 .text.__ascii_mbtowc
                0x0800fbbe       0x24 C:/ST/STM32CubeIDE_1.15.1/STM32CubeIDE/plugins/com.st.stm32cube.ide.mcu.externaltools.gnu-tools-for-stm32.12.3.rel1.win32_1.0.100.202403111256/tools/bin/../lib/gcc/arm-none-eabi/12.3.1/../../../../arm-none-eabi/lib/thumb/v7e-m+fp/hard\libc_nano.a(libc_a-mbtowc_r.o)
                0x0800fbbe                __ascii_mbtowc
 .text.__ascii_wctomb
                0x0800fbe2       0x1a C:/ST/STM32CubeIDE_1.15.1/STM32CubeIDE/plugins/com.st.stm32cube.ide.mcu.externaltools.gnu-tools-for-stm32.12.3.rel1.win32_1.0.100.202403111256/tools/bin/../lib/gcc/arm-none-eabi/12.3.1/../../../../arm-none-eabi/lib/thumb/v7e-m+fp/hard\libc_nano.a(libc_a-wctomb_r.o)
                0x0800fbe2                __ascii_wctomb
 .text.__swhatbuf_r
                0x0800fbfc       0x4c C:/ST/STM32CubeIDE_1.15.1/STM32CubeIDE/plugins/com.st.stm32cube.ide.mcu.externaltools.gnu-tools-for-stm32.12.3.rel1.win32_1.0.100.202403111256/tools/bin/../lib/gcc/arm-none-eabi/12.3.1/../../../../arm-none-eabi/lib/thumb/v7e-m+fp/hard\libc_nano.a(libc_a-makebuf.o)
                0x0800fbfc                __swhatbuf_r
 .text.__smakebuf_r
                0x0800fc48       0x78 C:/ST/STM32CubeIDE_1.15.1/STM32CubeIDE/plugins/com.st.stm32cube.ide.mcu.externaltools.gnu-tools-for-stm32.12.3.rel1.win32_1.0.100.202403111256/tools/bin/../lib/gcc/arm-none-eabi/12.3.1/../../../../arm-none-eabi/lib/thumb/v7e-m+fp/hard\libc_nano.a(libc_a-makebuf.o)
                0x0800fc48                __smakebuf_r
 .text._raise_r
                0x0800fcc0       0x50 C:/ST/STM32CubeIDE_1.15.1/STM32CubeIDE/plugins/com.st.stm32cube.ide.mcu.externaltools.gnu-tools-for-stm32.12.3.rel1.win32_1.0.100.202403111256/tools/bin/../lib/gcc/arm-none-eabi/12.3.1/../../../../arm-none-eabi/lib/thumb/v7e-m+fp/hard\libc_nano.a(libc_a-signal.o)
                0x0800fcc0                _raise_r
 .text.raise    0x0800fd10       0x10 C:/ST/STM32CubeIDE_1.15.1/STM32CubeIDE/plugins/com.st.stm32cube.ide.mcu.externaltools.gnu-tools-for-stm32.12.3.rel1.win32_1.0.100.202403111256/tools/bin/../lib/gcc/arm-none-eabi/12.3.1/../../../../arm-none-eabi/lib/thumb/v7e-m+fp/hard\libc_nano.a(libc_a-signal.o)
                0x0800fd10                raise
 .text._fstat_r
                0x0800fd20       0x24 C:/ST/STM32CubeIDE_1.15.1/STM32CubeIDE/plugins/com.st.stm32cube.ide.mcu.externaltools.gnu-tools-for-stm32.12.3.rel1.win32_1.0.100.202403111256/tools/bin/../lib/gcc/arm-none-eabi/12.3.1/../../../../arm-none-eabi/lib/thumb/v7e-m+fp/hard\libc_nano.a(libc_a-fstatr.o)
                0x0800fd20                _fstat_r
 .text._isatty_r
                0x0800fd44       0x20 C:/ST/STM32CubeIDE_1.15.1/STM32CubeIDE/plugins/com.st.stm32cube.ide.mcu.externaltools.gnu-tools-for-stm32.12.3.rel1.win32_1.0.100.202403111256/tools/bin/../lib/gcc/arm-none-eabi/12.3.1/../../../../arm-none-eabi/lib/thumb/v7e-m+fp/hard\libc_nano.a(libc_a-isattyr.o)
                0x0800fd44                _isatty_r
 .text._kill_r  0x0800fd64       0x24 C:/ST/STM32CubeIDE_1.15.1/STM32CubeIDE/plugins/com.st.stm32cube.ide.mcu.externaltools.gnu-tools-for-stm32.12.3.rel1.win32_1.0.100.202403111256/tools/bin/../lib/gcc/arm-none-eabi/12.3.1/../../../../arm-none-eabi/lib/thumb/v7e-m+fp/hard\libc_nano.a(libc_a-signalr.o)
                0x0800fd64                _kill_r
 .text._getpid_r
                0x0800fd88        0x4 C:/ST/STM32CubeIDE_1.15.1/STM32CubeIDE/plugins/com.st.stm32cube.ide.mcu.externaltools.gnu-tools-for-stm32.12.3.rel1.win32_1.0.100.202403111256/tools/bin/../lib/gcc/arm-none-eabi/12.3.1/../../../../arm-none-eabi/lib/thumb/v7e-m+fp/hard\libc_nano.a(libc_a-signalr.o)
                0x0800fd88                _getpid_r
 *(.glue_7)
 .glue_7        0x0800fd8c        0x0 linker stubs
 *(.glue_7t)
 .glue_7t       0x0800fd8c        0x0 linker stubs
 *(.eh_frame)
 .eh_frame      0x0800fd8c        0x0 C:/ST/STM32CubeIDE_1.15.1/STM32CubeIDE/plugins/com.st.stm32cube.ide.mcu.externaltools.gnu-tools-for-stm32.12.3.rel1.win32_1.0.100.202403111256/tools/bin/../lib/gcc/arm-none-eabi/12.3.1/thumb/v7e-m+fp/hard/crtbegin.o
 *(.init)
 .init          0x0800fd8c        0x4 C:/ST/STM32CubeIDE_1.15.1/STM32CubeIDE/plugins/com.st.stm32cube.ide.mcu.externaltools.gnu-tools-for-stm32.12.3.rel1.win32_1.0.100.202403111256/tools/bin/../lib/gcc/arm-none-eabi/12.3.1/thumb/v7e-m+fp/hard/crti.o
                0x0800fd8c                _init
 .init          0x0800fd90        0x8 C:/ST/STM32CubeIDE_1.15.1/STM32CubeIDE/plugins/com.st.stm32cube.ide.mcu.externaltools.gnu-tools-for-stm32.12.3.rel1.win32_1.0.100.202403111256/tools/bin/../lib/gcc/arm-none-eabi/12.3.1/thumb/v7e-m+fp/hard/crtn.o
 *(.fini)
 .fini          0x0800fd98        0x4 C:/ST/STM32CubeIDE_1.15.1/STM32CubeIDE/plugins/com.st.stm32cube.ide.mcu.externaltools.gnu-tools-for-stm32.12.3.rel1.win32_1.0.100.202403111256/tools/bin/../lib/gcc/arm-none-eabi/12.3.1/thumb/v7e-m+fp/hard/crti.o
                0x0800fd98                _fini
 .fini          0x0800fd9c        0x8 C:/ST/STM32CubeIDE_1.15.1/STM32CubeIDE/plugins/com.st.stm32cube.ide.mcu.externaltools.gnu-tools-for-stm32.12.3.rel1.win32_1.0.100.202403111256/tools/bin/../lib/gcc/arm-none-eabi/12.3.1/thumb/v7e-m+fp/hard/crtn.o
                0x0800fda4                        . = ALIGN (0x4)
                0x0800fda4                        _etext = .

.vfp11_veneer   0x0800fda4        0x0
 .vfp11_veneer  0x0800fda4        0x0 linker stubs

.v4_bx          0x0800fda4        0x0
 .v4_bx         0x0800fda4        0x0 linker stubs

.iplt           0x0800fda4        0x0
 .iplt          0x0800fda4        0x0 C:/ST/STM32CubeIDE_1.15.1/STM32CubeIDE/plugins/com.st.stm32cube.ide.mcu.externaltools.gnu-tools-for-stm32.12.3.rel1.win32_1.0.100.202403111256/tools/bin/../lib/gcc/arm-none-eabi/12.3.1/thumb/v7e-m+fp/hard/crtbegin.o

.rodata         0x0800fdc0    0x1473c
                0x0800fdc0                        . = ALIGN (0x4)
 *(.rodata)
 .rodata        0x0800fdc0       0x10 ./X-CUBE-AI/App/network_data.o
 *(.rodata*)
 .rodata.MSIRangeTable
                0x0800fdd0       0x30 ./Core/Src/system_stm32l4xx.o
                0x0800fdd0                MSIRangeTable
 .rodata.APBPrescTable
                0x0800fe00        0x8 ./Core/Src/system_stm32l4xx.o
                0x0800fe00                APBPrescTable
 .rodata.AHBPrescTable
                0x0800fe08       0x10 ./Core/Src/system_stm32l4xx.o
                0x0800fe08                AHBPrescTable
 .rodata.UARTPrescTable
                0x0800fe18       0x18 ./Drivers/STM32L4xx_HAL_Driver/Src/stm32l4xx_hal_uart.o
                0x0800fe18                UARTPrescTable
 .rodata.denominator.0
                0x0800fe30        0x8 ./Drivers/STM32L4xx_HAL_Driver/Src/stm32l4xx_hal_uart_ex.o
 .rodata.numerator.1
                0x0800fe38        0x8 ./Drivers/STM32L4xx_HAL_Driver/Src/stm32l4xx_hal_uart_ex.o
 .rodata.conv2d_0_chain
                0x0800fe40        0x8 ./X-CUBE-AI/App/network.o
 .rodata.conv2d_1_pad_before_chain
                0x0800fe48        0x8 ./X-CUBE-AI/App/network.o
 .rodata.conv2d_1_pad_before_value
                0x0800fe50       0x10 ./X-CUBE-AI/App/network.o
 .rodata.conv2d_1_pad_before_value_data
                0x0800fe60        0x1 ./X-CUBE-AI/App/network.o
 *fill*         0x0800fe61        0x3 
 .rodata.conv2d_1_chain
                0x0800fe64        0x8 ./X-CUBE-AI/App/network.o
 .rodata.conv2d_2_pad_before_chain
                0x0800fe6c        0x8 ./X-CUBE-AI/App/network.o
 .rodata.conv2d_2_pad_before_value
                0x0800fe74       0x10 ./X-CUBE-AI/App/network.o
 .rodata.conv2d_2_pad_before_value_data
                0x0800fe84        0x1 ./X-CUBE-AI/App/network.o
 *fill*         0x0800fe85        0x3 
 .rodata.conv2d_2_chain
                0x0800fe88        0x8 ./X-CUBE-AI/App/network.o
 .rodata.eltwise_3_chain
                0x0800fe90        0x8 ./X-CUBE-AI/App/network.o
 .rodata.conv2d_4_pad_before_chain
                0x0800fe98        0x8 ./X-CUBE-AI/App/network.o
 .rodata.conv2d_4_pad_before_value
                0x0800fea0       0x10 ./X-CUBE-AI/App/network.o
 .rodata.conv2d_4_pad_before_value_data
                0x0800feb0        0x1 ./X-CUBE-AI/App/network.o
 *fill*         0x0800feb1        0x3 
 .rodata.conv2d_4_chain
                0x0800feb4        0x8 ./X-CUBE-AI/App/network.o
 .rodata.conv2d_5_pad_before_chain
                0x0800febc        0x8 ./X-CUBE-AI/App/network.o
 .rodata.conv2d_5_pad_before_value
                0x0800fec4       0x10 ./X-CUBE-AI/App/network.o
 .rodata.conv2d_5_pad_before_value_data
                0x0800fed4        0x1 ./X-CUBE-AI/App/network.o
 *fill*         0x0800fed5        0x3 
 .rodata.conv2d_5_chain
                0x0800fed8        0x8 ./X-CUBE-AI/App/network.o
 .rodata.conv2d_6_chain
                0x0800fee0        0x8 ./X-CUBE-AI/App/network.o
 .rodata.eltwise_7_chain
                0x0800fee8        0x8 ./X-CUBE-AI/App/network.o
 .rodata.conv2d_8_pad_before_chain
                0x0800fef0        0x8 ./X-CUBE-AI/App/network.o
 .rodata.conv2d_8_pad_before_value
                0x0800fef8       0x10 ./X-CUBE-AI/App/network.o
 .rodata.conv2d_8_pad_before_value_data
                0x0800ff08        0x1 ./X-CUBE-AI/App/network.o
 *fill*         0x0800ff09        0x3 
 .rodata.conv2d_8_chain
                0x0800ff0c        0x8 ./X-CUBE-AI/App/network.o
 .rodata.conv2d_9_pad_before_chain
                0x0800ff14        0x8 ./X-CUBE-AI/App/network.o
 .rodata.conv2d_9_pad_before_value
                0x0800ff1c       0x10 ./X-CUBE-AI/App/network.o
 .rodata.conv2d_9_pad_before_value_data
                0x0800ff2c        0x1 ./X-CUBE-AI/App/network.o
 *fill*         0x0800ff2d        0x3 
 .rodata.conv2d_9_chain
                0x0800ff30        0x8 ./X-CUBE-AI/App/network.o
 .rodata.conv2d_10_chain
                0x0800ff38        0x8 ./X-CUBE-AI/App/network.o
 .rodata.eltwise_11_chain
                0x0800ff40        0x8 ./X-CUBE-AI/App/network.o
 .rodata.pool_12_chain
                0x0800ff48        0x8 ./X-CUBE-AI/App/network.o
 .rodata.gemm_14_chain
                0x0800ff50        0x8 ./X-CUBE-AI/App/network.o
 .rodata.nl_15_chain
                0x0800ff58        0x8 ./X-CUBE-AI/App/network.o
 .rodata.nl_15_nl_params
                0x0800ff60       0x10 ./X-CUBE-AI/App/network.o
 .rodata.nl_15_nl_params_data
                0x0800ff70        0xc ./X-CUBE-AI/App/network.o
 .rodata.conv2d_8_pad_before_output_array_intq
                0x0800ff7c        0x8 ./X-CUBE-AI/App/network.o
 .rodata.__compound_literal.95
                0x0800ff84        0x8 ./X-CUBE-AI/App/network.o
 .rodata.__compound_literal.94
                0x0800ff8c        0x1 ./X-CUBE-AI/App/network.o
 *fill*         0x0800ff8d        0x3 
 .rodata.__compound_literal.93
                0x0800ff90        0x4 ./X-CUBE-AI/App/network.o
 .rodata.eltwise_7_output_array_intq
                0x0800ff94        0x8 ./X-CUBE-AI/App/network.o
 .rodata.__compound_literal.92
                0x0800ff9c        0x8 ./X-CUBE-AI/App/network.o
 .rodata.__compound_literal.91
                0x0800ffa4        0x1 ./X-CUBE-AI/App/network.o
 *fill*         0x0800ffa5        0x3 
 .rodata.__compound_literal.90
                0x0800ffa8        0x4 ./X-CUBE-AI/App/network.o
 .rodata.conv2d_6_output_array_intq
                0x0800ffac        0x8 ./X-CUBE-AI/App/network.o
 .rodata.__compound_literal.89
                0x0800ffb4        0x8 ./X-CUBE-AI/App/network.o
 .rodata.__compound_literal.88
                0x0800ffbc        0x1 ./X-CUBE-AI/App/network.o
 *fill*         0x0800ffbd        0x3 
 .rodata.__compound_literal.87
                0x0800ffc0        0x4 ./X-CUBE-AI/App/network.o
 .rodata.conv2d_5_output_array_intq
                0x0800ffc4        0x8 ./X-CUBE-AI/App/network.o
 .rodata.__compound_literal.86
                0x0800ffcc        0x8 ./X-CUBE-AI/App/network.o
 .rodata.__compound_literal.85
                0x0800ffd4        0x1 ./X-CUBE-AI/App/network.o
 *fill*         0x0800ffd5        0x3 
 .rodata.__compound_literal.84
                0x0800ffd8        0x4 ./X-CUBE-AI/App/network.o
 .rodata.conv2d_5_pad_before_output_array_intq
                0x0800ffdc        0x8 ./X-CUBE-AI/App/network.o
 .rodata.__compound_literal.83
                0x0800ffe4        0x8 ./X-CUBE-AI/App/network.o
 .rodata.__compound_literal.82
                0x0800ffec        0x1 ./X-CUBE-AI/App/network.o
 *fill*         0x0800ffed        0x3 
 .rodata.__compound_literal.81
                0x0800fff0        0x4 ./X-CUBE-AI/App/network.o
 .rodata.conv2d_4_output_array_intq
                0x0800fff4        0x8 ./X-CUBE-AI/App/network.o
 .rodata.__compound_literal.80
                0x0800fffc        0x8 ./X-CUBE-AI/App/network.o
 .rodata.__compound_literal.79