../tinyml_api/submitter_implemented.c:73:6:th_infer	0	static
../tinyml_api/submitter_implemented.c:79:6:th_final_initialize	16	static
../tinyml_api/submitter_implemented.c:97:6:th_pre	8	static
../tinyml_api/submitter_implemented.c:130:6:th_post	8	static
../tinyml_api/submitter_implemented.c:149:5:th_strncmp	0	static
../tinyml_api/submitter_implemented.c:153:7:th_strncpy	0	static
../tinyml_api/submitter_implemented.c:157:8:th_strnlen	0	static
../tinyml_api/submitter_implemented.c:161:7:th_strcat	0	static
../tinyml_api/submitter_implemented.c:163:7:th_strtok	0	static
../tinyml_api/submitter_implemented.c:165:5:th_atoi	0	static
../tinyml_api/submitter_implemented.c:167:7:th_memset	0	static
../tinyml_api/submitter_implemented.c:169:7:th_memcpy	0	static
../tinyml_api/submitter_implemented.c:138:6:th_command_ready	8	static
../tinyml_api/submitter_implemented.c:174:5:th_vprintf	0	static
../tinyml_api/submitter_implemented.c:177:6:th_printf	16	static
../tinyml_api/submitter_implemented.c:30:6:th_load_tensor	32	static
../tinyml_api/submitter_implemented.c:46:6:th_results	56	static
../tinyml_api/submitter_implemented.c:199:6:th_getchar	8	static
../tinyml_api/submitter_implemented.c:201:6:th_serialport_initialize	0	static
../tinyml_api/submitter_implemented.c:206:6:th_timestamp	0	static
../tinyml_api/submitter_implemented.c:227:6:th_timestamp_initialize	8	static
