../tinyml_api/st_port.c:33:7:Deq	0	static
../tinyml_api/st_port.c:40:8:QuantizeFloatToInt8	16	static
../tinyml_api/st_port.c:58:6:AI_Init	8	static
../tinyml_api/st_port.c:66:6:AI_Run	0	static
../tinyml_api/st_port.c:74:6:US_Delay	0	static
../tinyml_api/st_port.c:80:6:clear_Timestamp_Port	8	static
../tinyml_api/st_port.c:85:6:set_Timestamp_Port	8	static
../tinyml_api/st_port.c:91:6:USART3_IRQHandler	0	static
../tinyml_api/st_port.c:108:6:LPUART1_IRQHandler	16	static
../tinyml_api/st_port.c:122:6:rxSetInterrupt	8	static
../tinyml_api/st_port.c:136:6:rxInit	0	static
