../tinyml_api/submitter_implemented.c:29:6:th_load_tensor	0	static
../tinyml_api/submitter_implemented.c:62:6:th_infer	0	static
../tinyml_api/submitter_implemented.c:68:6:th_final_initialize	8	static
../tinyml_api/submitter_implemented.c:74:6:th_pre	8	static
../tinyml_api/submitter_implemented.c:94:6:th_post	8	static
../tinyml_api/submitter_implemented.c:111:5:th_strncmp	0	static
../tinyml_api/submitter_implemented.c:115:7:th_strncpy	0	static
../tinyml_api/submitter_implemented.c:119:8:th_strnlen	0	static
../tinyml_api/submitter_implemented.c:123:7:th_strcat	0	static
../tinyml_api/submitter_implemented.c:125:7:th_strtok	0	static
../tinyml_api/submitter_implemented.c:127:5:th_atoi	0	static
../tinyml_api/submitter_implemented.c:129:7:th_memset	0	static
../tinyml_api/submitter_implemented.c:131:7:th_memcpy	0	static
../tinyml_api/submitter_implemented.c:100:6:th_command_ready	8	static
../tinyml_api/submitter_implemented.c:136:5:th_vprintf	0	static
../tinyml_api/submitter_implemented.c:139:6:th_printf	16	static
../tinyml_api/submitter_implemented.c:38:6:th_results	48	static
../tinyml_api/submitter_implemented.c:161:6:th_getchar	8	static
../tinyml_api/submitter_implemented.c:163:6:th_serialport_initialize	0	static
../tinyml_api/submitter_implemented.c:168:6:th_timestamp	0	static
../tinyml_api/submitter_implemented.c:189:6:th_timestamp_initialize	8	static
