../tinyml_api/submitter_implemented.c:75:6:th_infer	0	static
../tinyml_api/submitter_implemented.c:81:6:th_final_initialize	8	static
../tinyml_api/submitter_implemented.c:87:6:th_pre	8	static
../tinyml_api/submitter_implemented.c:107:6:th_post	8	static
../tinyml_api/submitter_implemented.c:124:5:th_strncmp	0	static
../tinyml_api/submitter_implemented.c:128:7:th_strncpy	0	static
../tinyml_api/submitter_implemented.c:132:8:th_strnlen	0	static
../tinyml_api/submitter_implemented.c:136:7:th_strcat	0	static
../tinyml_api/submitter_implemented.c:138:7:th_strtok	0	static
../tinyml_api/submitter_implemented.c:140:5:th_atoi	0	static
../tinyml_api/submitter_implemented.c:142:7:th_memset	0	static
../tinyml_api/submitter_implemented.c:144:7:th_memcpy	0	static
../tinyml_api/submitter_implemented.c:113:6:th_command_ready	8	static
../tinyml_api/submitter_implemented.c:149:5:th_vprintf	0	static
../tinyml_api/submitter_implemented.c:152:6:th_printf	16	static
../tinyml_api/submitter_implemented.c:32:6:th_load_tensor	32	static
../tinyml_api/submitter_implemented.c:48:6:th_results	56	static
../tinyml_api/submitter_implemented.c:174:6:th_getchar	8	static
../tinyml_api/submitter_implemented.c:176:6:th_serialport_initialize	0	static
../tinyml_api/submitter_implemented.c:181:6:th_timestamp	0	static
../tinyml_api/submitter_implemented.c:202:6:th_timestamp_initialize	8	static
