../Drivers/STM32U5xx_HAL_Driver/Src/stm32u5xx_hal_uart.c:3682:13:UART_EndTxTransfer	0	static,ignoring_inline_asm
../Drivers/STM32U5xx_HAL_Driver/Src/stm32u5xx_hal_uart.c:3699:13:UART_EndRxTransfer	8	static,ignoring_inline_asm
../Drivers/STM32U5xx_HAL_Driver/Src/stm32u5xx_hal_uart.c:4118:13:UART_TxISR_8BIT.part.0	0	static,ignoring_inline_asm
../Drivers/STM32U5xx_HAL_Driver/Src/stm32u5xx_hal_uart.c:4118:13:UART_TxISR_8BIT	0	static
../Drivers/STM32U5xx_HAL_Driver/Src/stm32u5xx_hal_uart.c:4147:13:UART_TxISR_16BIT	0	static
../Drivers/STM32U5xx_HAL_Driver/Src/stm32u5xx_hal_uart.c:4179:13:UART_TxISR_8BIT_FIFOEN	8	static,ignoring_inline_asm
../Drivers/STM32U5xx_HAL_Driver/Src/stm32u5xx_hal_uart.c:4219:13:UART_TxISR_16BIT_FIFOEN	8	static,ignoring_inline_asm
../Drivers/STM32U5xx_HAL_Driver/Src/stm32u5xx_hal_uart.c:673:13:HAL_UART_MspInit	0	static
../Drivers/STM32U5xx_HAL_Driver/Src/stm32u5xx_hal_uart.c:688:13:HAL_UART_MspDeInit	0	static
../Drivers/STM32U5xx_HAL_Driver/Src/stm32u5xx_hal_uart.c:626:19:HAL_UART_DeInit	16	static
../Drivers/STM32U5xx_HAL_Driver/Src/stm32u5xx_hal_uart.c:1304:19:HAL_UART_Transmit_IT	8	static,ignoring_inline_asm
../Drivers/STM32U5xx_HAL_Driver/Src/stm32u5xx_hal_uart.c:1430:19:HAL_UART_Transmit_DMA	16	static,ignoring_inline_asm
../Drivers/STM32U5xx_HAL_Driver/Src/stm32u5xx_hal_uart.c:1575:19:HAL_UART_DMAPause	16	static,ignoring_inline_asm
../Drivers/STM32U5xx_HAL_Driver/Src/stm32u5xx_hal_uart.c:1637:19:HAL_UART_DMAResume	8	static,ignoring_inline_asm
../Drivers/STM32U5xx_HAL_Driver/Src/stm32u5xx_hal_uart.c:1686:19:HAL_UART_DMAStop	16	static,ignoring_inline_asm
../Drivers/STM32U5xx_HAL_Driver/Src/stm32u5xx_hal_uart.c:1762:19:HAL_UART_Abort	8	static,ignoring_inline_asm
../Drivers/STM32U5xx_HAL_Driver/Src/stm32u5xx_hal_uart.c:1871:19:HAL_UART_AbortTransmit	8	static,ignoring_inline_asm
../Drivers/STM32U5xx_HAL_Driver/Src/stm32u5xx_hal_uart.c:1934:19:HAL_UART_AbortReceive	8	static,ignoring_inline_asm
../Drivers/STM32U5xx_HAL_Driver/Src/stm32u5xx_hal_uart.c:2679:13:HAL_UART_TxCpltCallback	0	static
../Drivers/STM32U5xx_HAL_Driver/Src/stm32u5xx_hal_uart.c:3726:13:UART_DMATransmitCplt	8	static,ignoring_inline_asm
../Drivers/STM32U5xx_HAL_Driver/Src/stm32u5xx_hal_uart.c:2694:13:HAL_UART_TxHalfCpltCallback	0	static
../Drivers/STM32U5xx_HAL_Driver/Src/stm32u5xx_hal_uart.c:3762:13:UART_DMATxHalfCplt	8	static
../Drivers/STM32U5xx_HAL_Driver/Src/stm32u5xx_hal_uart.c:2709:13:HAL_UART_RxCpltCallback	0	static
../Drivers/STM32U5xx_HAL_Driver/Src/stm32u5xx_hal_uart.c:2724:13:HAL_UART_RxHalfCpltCallback	0	static
../Drivers/STM32U5xx_HAL_Driver/Src/stm32u5xx_hal_uart.c:2739:13:HAL_UART_ErrorCallback	0	static
../Drivers/STM32U5xx_HAL_Driver/Src/stm32u5xx_hal_uart.c:3881:13:UART_DMAError	16	static
../Drivers/STM32U5xx_HAL_Driver/Src/stm32u5xx_hal_uart.c:3921:13:UART_DMAAbortOnError	8	static
../Drivers/STM32U5xx_HAL_Driver/Src/stm32u5xx_hal_uart.c:2754:13:HAL_UART_AbortCpltCallback	0	static
../Drivers/STM32U5xx_HAL_Driver/Src/stm32u5xx_hal_uart.c:2006:19:HAL_UART_Abort_IT	16	static,ignoring_inline_asm
../Drivers/STM32U5xx_HAL_Driver/Src/stm32u5xx_hal_uart.c:3999:13:UART_DMARxAbortCallback	8	static
../Drivers/STM32U5xx_HAL_Driver/Src/stm32u5xx_hal_uart.c:3944:13:UART_DMATxAbortCallback	8	static
../Drivers/STM32U5xx_HAL_Driver/Src/stm32u5xx_hal_uart.c:2769:13:HAL_UART_AbortTransmitCpltCallback	0	static
../Drivers/STM32U5xx_HAL_Driver/Src/stm32u5xx_hal_uart.c:2165:19:HAL_UART_AbortTransmit_IT	8	static,ignoring_inline_asm
../Drivers/STM32U5xx_HAL_Driver/Src/stm32u5xx_hal_uart.c:4051:13:UART_DMATxOnlyAbortCallback	8	static
../Drivers/STM32U5xx_HAL_Driver/Src/stm32u5xx_hal_uart.c:2784:13:HAL_UART_AbortReceiveCpltCallback	0	static
../Drivers/STM32U5xx_HAL_Driver/Src/stm32u5xx_hal_uart.c:2260:19:HAL_UART_AbortReceive_IT	8	static,ignoring_inline_asm
../Drivers/STM32U5xx_HAL_Driver/Src/stm32u5xx_hal_uart.c:4084:13:UART_DMARxOnlyAbortCallback	8	static
../Drivers/STM32U5xx_HAL_Driver/Src/stm32u5xx_hal_uart.c:2801:13:HAL_UARTEx_RxEventCallback	0	static
../Drivers/STM32U5xx_HAL_Driver/Src/stm32u5xx_hal_uart.c:2357:6:HAL_UART_IRQHandler	24	static,ignoring_inline_asm
../Drivers/STM32U5xx_HAL_Driver/Src/stm32u5xx_hal_uart.c:4285:13:UART_RxISR_8BIT	8	static,ignoring_inline_asm
../Drivers/STM32U5xx_HAL_Driver/Src/stm32u5xx_hal_uart.c:4376:13:UART_RxISR_16BIT	8	static,ignoring_inline_asm
../Drivers/STM32U5xx_HAL_Driver/Src/stm32u5xx_hal_uart.c:4469:13:UART_RxISR_8BIT_FIFOEN	40	static,ignoring_inline_asm
../Drivers/STM32U5xx_HAL_Driver/Src/stm32u5xx_hal_uart.c:4631:13:UART_RxISR_16BIT_FIFOEN	40	static,ignoring_inline_asm
../Drivers/STM32U5xx_HAL_Driver/Src/stm32u5xx_hal_uart.c:3843:13:UART_DMARxHalfCplt	8	static
../Drivers/STM32U5xx_HAL_Driver/Src/stm32u5xx_hal_uart.c:3780:13:UART_DMAReceiveCplt	8	static,ignoring_inline_asm
../Drivers/STM32U5xx_HAL_Driver/Src/stm32u5xx_hal_uart.c:2849:6:HAL_UART_ReceiverTimeout_Config	0	static
../Drivers/STM32U5xx_HAL_Driver/Src/stm32u5xx_hal_uart.c:2864:19:HAL_UART_EnableReceiverTimeout	0	static
../Drivers/STM32U5xx_HAL_Driver/Src/stm32u5xx_hal_uart.c:2902:19:HAL_UART_DisableReceiverTimeout	0	static
../Drivers/STM32U5xx_HAL_Driver/Src/stm32u5xx_hal_uart.c:2980:6:HAL_MultiProcessor_EnterMuteMode	0	static
../Drivers/STM32U5xx_HAL_Driver/Src/stm32u5xx_hal_uart.c:2990:19:HAL_HalfDuplex_EnableTransmitter	8	static,ignoring_inline_asm
../Drivers/STM32U5xx_HAL_Driver/Src/stm32u5xx_hal_uart.c:3013:19:HAL_HalfDuplex_EnableReceiver	8	static,ignoring_inline_asm
../Drivers/STM32U5xx_HAL_Driver/Src/stm32u5xx_hal_uart.c:3037:19:HAL_LIN_SendBreak	0	static
../Drivers/STM32U5xx_HAL_Driver/Src/stm32u5xx_hal_uart.c:3082:23:HAL_UART_GetState	0	static
../Drivers/STM32U5xx_HAL_Driver/Src/stm32u5xx_hal_uart.c:3098:10:HAL_UART_GetError	0	static
../Drivers/STM32U5xx_HAL_Driver/Src/stm32u5xx_hal_uart.c:3143:19:UART_SetConfig	16	static
../Drivers/STM32U5xx_HAL_Driver/Src/stm32u5xx_hal_uart.c:3300:6:UART_AdvFeatureConfig	8	static
../Drivers/STM32U5xx_HAL_Driver/Src/stm32u5xx_hal_uart.c:3445:19:UART_WaitOnFlagUntilTimeout	32	static
../Drivers/STM32U5xx_HAL_Driver/Src/stm32u5xx_hal_uart.c:1114:19:HAL_UART_Transmit	40	static
../Drivers/STM32U5xx_HAL_Driver/Src/stm32u5xx_hal_uart.c:1212:19:HAL_UART_Receive	40	static
../Drivers/STM32U5xx_HAL_Driver/Src/stm32u5xx_hal_uart.c:3376:19:UART_CheckIdleState	24	static,ignoring_inline_asm
../Drivers/STM32U5xx_HAL_Driver/Src/stm32u5xx_hal_uart.c:309:19:HAL_UART_Init	8	static
../Drivers/STM32U5xx_HAL_Driver/Src/stm32u5xx_hal_uart.c:382:19:HAL_HalfDuplex_Init	8	static
../Drivers/STM32U5xx_HAL_Driver/Src/stm32u5xx_hal_uart.c:455:19:HAL_LIN_Init	16	static
../Drivers/STM32U5xx_HAL_Driver/Src/stm32u5xx_hal_uart.c:552:19:HAL_MultiProcessor_Init	16	static
../Drivers/STM32U5xx_HAL_Driver/Src/stm32u5xx_hal_uart.c:2940:19:HAL_MultiProcessor_EnableMuteMode	0	static,ignoring_inline_asm
../Drivers/STM32U5xx_HAL_Driver/Src/stm32u5xx_hal_uart.c:2960:19:HAL_MultiProcessor_DisableMuteMode	0	static,ignoring_inline_asm
../Drivers/STM32U5xx_HAL_Driver/Src/stm32u5xx_hal_uart.c:3513:19:UART_Start_Receive_IT	12	static,ignoring_inline_asm
../Drivers/STM32U5xx_HAL_Driver/Src/stm32u5xx_hal_uart.c:1380:19:HAL_UART_Receive_IT	8	static,ignoring_inline_asm
../Drivers/STM32U5xx_HAL_Driver/Src/stm32u5xx_hal_uart.c:3586:19:UART_Start_Receive_DMA	16	static,ignoring_inline_asm
../Drivers/STM32U5xx_HAL_Driver/Src/stm32u5xx_hal_uart.c:1539:19:HAL_UART_Receive_DMA	8	static,ignoring_inline_asm
