../tinyml_api/internally_implemented.c:50:6:ee_serial_callback	16	static
../tinyml_api/internally_implemented.c:96:6:ee_benchmark_initialize	8	static
../tinyml_api/internally_implemented.c:175:6:ee_infer	16	static
../tinyml_api/internally_implemented.c:286:6:ee_hexdec	8	static
../tinyml_api/internally_implemented.c:194:15:ee_buffer_parse	40	static
../tinyml_api/internally_implemented.c:107:15:ee_profile_parse	16	static
../tinyml_api/internally_implemented.c:72:6:ee_serial_command_parser_callback	8	static
../tinyml_api/internally_implemented.c:318:8:ee_get_buffer	8	static
