../Core/Src/stm32u5xx_hal_msp.c:63:6:HAL_MspInit	8	static
../Core/Src/stm32u5xx_hal_msp.c:86:6:HAL_CRC_MspInit	8	static
../Core/Src/stm32u5xx_hal_msp.c:108:6:HAL_CRC_MspDeInit	0	static
../Core/Src/stm32u5xx_hal_msp.c:130:6:HAL_DCACHE_MspInit	8	static
../Core/Src/stm32u5xx_hal_msp.c:152:6:HAL_DCACHE_MspDeInit	0	static
../Core/Src/stm32u5xx_hal_msp.c:174:6:HAL_UART_MspInit	248	static
../Core/Src/stm32u5xx_hal_msp.c:261:6:HAL_UART_MspDeInit	8	static
../Core/Src/stm32u5xx_hal_msp.c:312:6:HAL_TIM_Base_MspInit	8	static
../Core/Src/stm32u5xx_hal_msp.c:334:6:HAL_TIM_Base_MspDeInit	0	static
