../tinyml_api/submitter_implemented.c:74:6:th_infer	0	static
../tinyml_api/submitter_implemented.c:80:6:th_final_initialize	8	static
../tinyml_api/submitter_implemented.c:107:6:th_pre	0	static
../tinyml_api/submitter_implemented.c:114:6:th_post	0	static
../tinyml_api/submitter_implemented.c:135:5:th_strncmp	0	static
../tinyml_api/submitter_implemented.c:139:7:th_strncpy	0	static
../tinyml_api/submitter_implemented.c:143:8:th_strnlen	0	static
../tinyml_api/submitter_implemented.c:147:7:th_strcat	0	static
../tinyml_api/submitter_implemented.c:149:7:th_strtok	0	static
../tinyml_api/submitter_implemented.c:151:5:th_atoi	0	static
../tinyml_api/submitter_implemented.c:153:7:th_memset	0	static
../tinyml_api/submitter_implemented.c:155:7:th_memcpy	0	static
../tinyml_api/submitter_implemented.c:124:6:th_command_ready	8	static
../tinyml_api/submitter_implemented.c:160:5:th_vprintf	0	static
../tinyml_api/submitter_implemented.c:163:6:th_printf	16	static
../tinyml_api/submitter_implemented.c:31:6:th_load_tensor	8	static
../tinyml_api/submitter_implemented.c:47:6:th_results	32	static
../tinyml_api/submitter_implemented.c:185:6:th_getchar	8	static
../tinyml_api/submitter_implemented.c:187:6:th_serialport_initialize	0	static
../tinyml_api/submitter_implemented.c:198:6:th_timestamp	0	static
../tinyml_api/submitter_implemented.c:219:6:th_timestamp_initialize	8	static
