../tinyml_api/submitter_implemented.c:31:6:th_load_tensor	12	static
../tinyml_api/submitter_implemented.c:81:6:th_infer	0	static
../tinyml_api/submitter_implemented.c:87:6:th_final_initialize	8	static
../tinyml_api/submitter_implemented.c:115:6:th_pre	0	static
../tinyml_api/submitter_implemented.c:122:6:th_post	0	static
../tinyml_api/submitter_implemented.c:142:5:th_strncmp	0	static
../tinyml_api/submitter_implemented.c:146:7:th_strncpy	0	static
../tinyml_api/submitter_implemented.c:150:8:th_strnlen	0	static
../tinyml_api/submitter_implemented.c:154:7:th_strcat	0	static
../tinyml_api/submitter_implemented.c:156:7:th_strtok	0	static
../tinyml_api/submitter_implemented.c:158:5:th_atoi	0	static
../tinyml_api/submitter_implemented.c:160:7:th_memset	0	static
../tinyml_api/submitter_implemented.c:162:7:th_memcpy	0	static
../tinyml_api/submitter_implemented.c:131:6:th_command_ready	8	static
../tinyml_api/submitter_implemented.c:167:5:th_vprintf	0	static
../tinyml_api/submitter_implemented.c:170:6:th_printf	16	static
../tinyml_api/submitter_implemented.c:53:6:th_results	56	static
../tinyml_api/submitter_implemented.c:192:6:th_getchar	8	static
../tinyml_api/submitter_implemented.c:194:6:th_serialport_initialize	0	static
../tinyml_api/submitter_implemented.c:205:6:th_timestamp	0	static
../tinyml_api/submitter_implemented.c:226:6:th_timestamp_initialize	8	static
