../Drivers/STM32U5xx_HAL_Driver/Src/stm32u5xx_hal_dma_ex.c:4084:17:DMA_List_CheckNodesBaseAddresses	0	static
../Drivers/STM32U5xx_HAL_Driver/Src/stm32u5xx_hal_dma_ex.c:4127:17:DMA_List_CheckNodesTypes	0	static
../Drivers/STM32U5xx_HAL_Driver/Src/stm32u5xx_hal_dma_ex.c:4228:17:DMA_List_FindNode	28	static
../Drivers/STM32U5xx_HAL_Driver/Src/stm32u5xx_hal_dma_ex.c:4184:13:DMA_List_GetCLLRNodeInfo.isra	0	static
../Drivers/STM32U5xx_HAL_Driver/Src/stm32u5xx_hal_dma_ex.c:4620:13:DMA_List_UpdateStaticQueueNodesCLLR	32	static
../Drivers/STM32U5xx_HAL_Driver/Src/stm32u5xx_hal_dma_ex.c:4544:13:DMA_List_UpdateDynamicQueueNodesCLLR	48	static
../Drivers/STM32U5xx_HAL_Driver/Src/stm32u5xx_hal_dma_ex.c:603:19:HAL_DMAEx_List_Init	16	static
../Drivers/STM32U5xx_HAL_Driver/Src/stm32u5xx_hal_dma_ex.c:672:19:HAL_DMAEx_List_DeInit	16	static
../Drivers/STM32U5xx_HAL_Driver/Src/stm32u5xx_hal_dma_ex.c:809:19:HAL_DMAEx_List_Start	24	static
../Drivers/STM32U5xx_HAL_Driver/Src/stm32u5xx_hal_dma_ex.c:871:19:HAL_DMAEx_List_Start_IT	24	static
../Drivers/STM32U5xx_HAL_Driver/Src/stm32u5xx_hal_dma_ex.c:1039:19:HAL_DMAEx_List_BuildNode	20	static
../Drivers/STM32U5xx_HAL_Driver/Src/stm32u5xx_hal_dma_ex.c:1113:19:HAL_DMAEx_List_GetNodeConfig	12	static
../Drivers/STM32U5xx_HAL_Driver/Src/stm32u5xx_hal_dma_ex.c:1137:19:HAL_DMAEx_List_InsertNode	56	static
../Drivers/STM32U5xx_HAL_Driver/Src/stm32u5xx_hal_dma_ex.c:1267:19:HAL_DMAEx_List_InsertNode_Head	24	static
../Drivers/STM32U5xx_HAL_Driver/Src/stm32u5xx_hal_dma_ex.c:1346:19:HAL_DMAEx_List_InsertNode_Tail	56	static
../Drivers/STM32U5xx_HAL_Driver/Src/stm32u5xx_hal_dma_ex.c:1433:19:HAL_DMAEx_List_RemoveNode	48	static
../Drivers/STM32U5xx_HAL_Driver/Src/stm32u5xx_hal_dma_ex.c:1574:19:HAL_DMAEx_List_RemoveNode_Head	48	static
../Drivers/STM32U5xx_HAL_Driver/Src/stm32u5xx_hal_dma_ex.c:1671:19:HAL_DMAEx_List_RemoveNode_Tail	48	static
../Drivers/STM32U5xx_HAL_Driver/Src/stm32u5xx_hal_dma_ex.c:1766:19:HAL_DMAEx_List_ReplaceNode	56	static
../Drivers/STM32U5xx_HAL_Driver/Src/stm32u5xx_hal_dma_ex.c:1929:19:HAL_DMAEx_List_ReplaceNode_Head	56	static
../Drivers/STM32U5xx_HAL_Driver/Src/stm32u5xx_hal_dma_ex.c:2026:19:HAL_DMAEx_List_ReplaceNode_Tail	56	static
../Drivers/STM32U5xx_HAL_Driver/Src/stm32u5xx_hal_dma_ex.c:2117:19:HAL_DMAEx_List_ResetQ	40	static
../Drivers/STM32U5xx_HAL_Driver/Src/stm32u5xx_hal_dma_ex.c:2189:19:HAL_DMAEx_List_InsertQ	80	static
../Drivers/STM32U5xx_HAL_Driver/Src/stm32u5xx_hal_dma_ex.c:2397:19:HAL_DMAEx_List_InsertQ_Head	80	static
../Drivers/STM32U5xx_HAL_Driver/Src/stm32u5xx_hal_dma_ex.c:2534:19:HAL_DMAEx_List_InsertQ_Tail	80	static
../Drivers/STM32U5xx_HAL_Driver/Src/stm32u5xx_hal_dma_ex.c:2670:19:HAL_DMAEx_List_SetCircularModeConfig	56	static
../Drivers/STM32U5xx_HAL_Driver/Src/stm32u5xx_hal_dma_ex.c:2765:19:HAL_DMAEx_List_SetCircularMode	56	static
../Drivers/STM32U5xx_HAL_Driver/Src/stm32u5xx_hal_dma_ex.c:2848:19:HAL_DMAEx_List_ClearCircularMode	40	static
../Drivers/STM32U5xx_HAL_Driver/Src/stm32u5xx_hal_dma_ex.c:2919:19:HAL_DMAEx_List_ConvertQToDynamic	160	static
../Drivers/STM32U5xx_HAL_Driver/Src/stm32u5xx_hal_dma_ex.c:3021:19:HAL_DMAEx_List_ConvertQToStatic	136	static
../Drivers/STM32U5xx_HAL_Driver/Src/stm32u5xx_hal_dma_ex.c:3098:19:HAL_DMAEx_List_LinkQ	0	static
../Drivers/STM32U5xx_HAL_Driver/Src/stm32u5xx_hal_dma_ex.c:3179:19:HAL_DMAEx_List_UnLinkQ	0	static
../Drivers/STM32U5xx_HAL_Driver/Src/stm32u5xx_hal_dma_ex.c:3249:19:HAL_DMAEx_ConfigDataHandling	0	static
../Drivers/STM32U5xx_HAL_Driver/Src/stm32u5xx_hal_dma_ex.c:3289:19:HAL_DMAEx_ConfigTrigger	8	static
../Drivers/STM32U5xx_HAL_Driver/Src/stm32u5xx_hal_dma_ex.c:3334:19:HAL_DMAEx_ConfigRepeatBlock	8	static
../Drivers/STM32U5xx_HAL_Driver/Src/stm32u5xx_hal_dma_ex.c:3473:19:HAL_DMAEx_Suspend	16	static
../Drivers/STM32U5xx_HAL_Driver/Src/stm32u5xx_hal_dma_ex.c:3532:19:HAL_DMAEx_Suspend_IT	0	static
../Drivers/STM32U5xx_HAL_Driver/Src/stm32u5xx_hal_dma_ex.c:3566:19:HAL_DMAEx_Resume	0	static
../Drivers/STM32U5xx_HAL_Driver/Src/stm32u5xx_hal_dma_ex.c:3627:10:HAL_DMAEx_GetFifoLevel	0	static
