Archive member included to satisfy reference by file (symbol)

../Middlewares/ST/AI/Lib/NetworkRuntime810_CM7_GCC.a(ai_platform.o)
                              ./X-CUBE-AI/App/network.o (ai_buffer_array_item_set_address)
../Middlewares/ST/AI/Lib/NetworkRuntime810_CM7_GCC.a(ai_platform_interface.o)
                              ./X-CUBE-AI/App/network.o (ai_platform_get_weights_map)
../Middlewares/ST/AI/Lib/NetworkRuntime810_CM7_GCC.a(core_common.o)
                              ../Middlewares/ST/AI/Lib/NetworkRuntime810_CM7_GCC.a(ai_platform_interface.o) (core_init)
../Middlewares/ST/AI/Lib/NetworkRuntime810_CM7_GCC.a(core_mem_manager.o)
                              ../Middlewares/ST/AI/Lib/NetworkRuntime810_CM7_GCC.a(ai_platform_interface.o) (core_mem_alloc)
../Middlewares/ST/AI/Lib/NetworkRuntime810_CM7_GCC.a(layers.o)
                              ../Middlewares/ST/AI/Lib/NetworkRuntime810_CM7_GCC.a(ai_platform_interface.o) (ai_check_custom_types)
../Middlewares/ST/AI/Lib/NetworkRuntime810_CM7_GCC.a(layers_conv2d_sssa8_ch.o)
                              ./X-CUBE-AI/App/network.o (forward_conv2d_sssa8_ch)
../Middlewares/ST/AI/Lib/NetworkRuntime810_CM7_GCC.a(layers_conv2d_stm32_integer.o)
                              ../Middlewares/ST/AI/Lib/NetworkRuntime810_CM7_GCC.a(layers.o) (get_conv2d_scratch_size)
../Middlewares/ST/AI/Lib/NetworkRuntime810_CM7_GCC.a(layers_dw_sssa8_ch.o)
                              ./X-CUBE-AI/App/network.o (forward_dw_3x3_ch1st_sssa8_ch)
../Middlewares/ST/AI/Lib/NetworkRuntime810_CM7_GCC.a(layers_generic_float.o)
                              ./X-CUBE-AI/App/network.o (forward_pad)
../Middlewares/ST/AI/Lib/NetworkRuntime810_CM7_GCC.a(layers_nl_stm32_integer.o)
                              ./X-CUBE-AI/App/network.o (forward_sm_integer)
../Middlewares/ST/AI/Lib/NetworkRuntime810_CM7_GCC.a(layers_pad_generic.o)
                              ../Middlewares/ST/AI/Lib/NetworkRuntime810_CM7_GCC.a(layers_generic_float.o) (forward_pad_8bit_ch1st_3x3_constant)
../Middlewares/ST/AI/Lib/NetworkRuntime810_CM7_GCC.a(layers_pool_stm32_integer.o)
                              ./X-CUBE-AI/App/network.o (forward_ap_integer_INT8)
../Middlewares/ST/AI/Lib/NetworkRuntime810_CM7_GCC.a(layers_pw_sssa8_ch.o)
                              ./X-CUBE-AI/App/network.o (forward_pw_sssa8_ch)
../Middlewares/ST/AI/Lib/NetworkRuntime810_CM7_GCC.a(forward_lite_conv2d_sssa8_ch.o)
                              ../Middlewares/ST/AI/Lib/NetworkRuntime810_CM7_GCC.a(layers_conv2d_sssa8_ch.o) (forward_lite_conv2d_dilated_sssa8_ch)
../Middlewares/ST/AI/Lib/NetworkRuntime810_CM7_GCC.a(forward_lite_dw_sssa8_ch.o)
                              ../Middlewares/ST/AI/Lib/NetworkRuntime810_CM7_GCC.a(layers_dw_sssa8_ch.o) (st_dw_sssa8_ch_Wadapt_3x3_ch1st)
../Middlewares/ST/AI/Lib/NetworkRuntime810_CM7_GCC.a(forward_lite_maxpool_is16os16.o)
                              ../Middlewares/ST/AI/Lib/NetworkRuntime810_CM7_GCC.a(layers_pool_stm32_integer.o) (forward_lite_maxpool_is16os16_scalepos)
../Middlewares/ST/AI/Lib/NetworkRuntime810_CM7_GCC.a(forward_lite_maxpool_is8os8.o)
                              ../Middlewares/ST/AI/Lib/NetworkRuntime810_CM7_GCC.a(layers_pool_stm32_integer.o) (forward_lite_maxpool_is8os8_scalepos)
../Middlewares/ST/AI/Lib/NetworkRuntime810_CM7_GCC.a(forward_lite_maxpool_iu16ou16.o)
                              ../Middlewares/ST/AI/Lib/NetworkRuntime810_CM7_GCC.a(layers_pool_stm32_integer.o) (forward_lite_maxpool_iu16ou16_scalepos)
../Middlewares/ST/AI/Lib/NetworkRuntime810_CM7_GCC.a(forward_lite_maxpool_iu8ou8.o)
                              ../Middlewares/ST/AI/Lib/NetworkRuntime810_CM7_GCC.a(layers_pool_stm32_integer.o) (forward_lite_maxpool_iu8ou8_scalepos)
../Middlewares/ST/AI/Lib/NetworkRuntime810_CM7_GCC.a(forward_lite_pw_sssa8_ch.o)
                              ../Middlewares/ST/AI/Lib/NetworkRuntime810_CM7_GCC.a(layers_pw_sssa8_ch.o) (forward_lite_pw_sssa8_ch)
../Middlewares/ST/AI/Lib/NetworkRuntime810_CM7_GCC.a(lite_generic_float.o)
                              ../Middlewares/ST/AI/Lib/NetworkRuntime810_CM7_GCC.a(layers_generic_float.o) (forward_lite_topK_axis_0_if32of32)
../Middlewares/ST/AI/Lib/NetworkRuntime810_CM7_GCC.a(lite_nl_generic_integer.o)
                              ../Middlewares/ST/AI/Lib/NetworkRuntime810_CM7_GCC.a(layers_nl_stm32_integer.o) (forward_lite_nl_softmax_is8os8)
../Middlewares/ST/AI/Lib/NetworkRuntime810_CM7_GCC.a(forward_lite_pad_generic.o)
                              ../Middlewares/ST/AI/Lib/NetworkRuntime810_CM7_GCC.a(layers_pad_generic.o) (forward_lite_pad_8bit_ch1st_3x3_constant)
../Middlewares/ST/AI/Lib/NetworkRuntime810_CM7_GCC.a(st_convolve_reference.o)
                              ../Middlewares/ST/AI/Lib/NetworkRuntime810_CM7_GCC.a(layers_conv2d_stm32_integer.o) (align_factor)
../Middlewares/ST/AI/Lib/NetworkRuntime810_CM7_GCC.a(st_sssa8_ch_convolve.o)
[...]
Memory Configuration

Name             Origin             Length             Attributes
ITCMRAM          0x00000000         0x00010000         xrw
FLASH            0x08000000         0x00200000         xr
DTCMRAM1         0x20000000         0x00010000         xrw
DTCMRAM2         0x20010000         0x00010000         xrw
RAM              0x24000000         0x00100000         xrw
RAM_CD           0x30000000         0x00020000         xrw
RAM_SRD          0x38000000         0x00008000         xrw
DTCMRAM          0x00000000         0xffffffff
*default*        0x00000000         0xffffffff

Linker script and memory map

LOAD /opt/st/stm32cubeide_1.15.1/plugins/com.st.stm32cube.ide.mcu.externaltools.gnu-tools-for-stm32.12.3.rel1.linux64_1.0.100.202403111256/tools/bin/../lib/gcc/arm-none-eabi/12.3.1/thumb/v7e-m+dp/hard/crti.o
LOAD /opt/st/stm32cubeide_1.15.1/plugins/com.st.stm32cube.ide.mcu.externaltools.gnu-tools-for-stm32.12.3.rel1.linux64_1.0.100.202403111256/tools/bin/../lib/gcc/arm-none-eabi/12.3.1/thumb/v7e-m+dp/hard/crtbegin.o
LOAD /opt/st/stm32cubeide_1.15.1/plugins/com.st.stm32cube.ide.mcu.externaltools.gnu-tools-for-stm32.12.3.rel1.linux64_1.0.100.202403111256/tools/bin/../lib/gcc/arm-none-eabi/12.3.1/../../../../arm-none-eabi/lib/thumb/v7e-m+dp/hard/crt0.o
LOAD ./Core/Src/main.o
LOAD ./Core/Src/stm32h7xx_hal_msp.o
LOAD ./Core/Src/stm32h7xx_it.o
LOAD ./Core/Src/syscalls.o
LOAD ./Core/Src/sysmem.o
LOAD ./Core/Src/system_stm32h7xx.o
LOAD ./Core/Startup/startup_stm32h7a3zitxq.o
LOAD ./Drivers/STM32H7xx_HAL_Driver/Src/stm32h7xx_hal.o
LOAD ./Drivers/STM32H7xx_HAL_Driver/Src/stm32h7xx_hal_cortex.o
LOAD ./Drivers/STM32H7xx_HAL_Driver/Src/stm32h7xx_hal_crc.o
LOAD ./Drivers/STM32H7xx_HAL_Driver/Src/stm32h7xx_hal_crc_ex.o
LOAD ./Drivers/STM32H7xx_HAL_Driver/Src/stm32h7xx_hal_dma.o
LOAD ./Drivers/STM32H7xx_HAL_Driver/Src/stm32h7xx_hal_dma_ex.o
LOAD ./Drivers/STM32H7xx_HAL_Driver/Src/stm32h7xx_hal_exti.o
LOAD ./Drivers/STM32H7xx_HAL_Driver/Src/stm32h7xx_hal_flash.o
LOAD ./Drivers/STM32H7xx_HAL_Driver/Src/stm32h7xx_hal_flash_ex.o
LOAD ./Drivers/STM32H7xx_HAL_Driver/Src/stm32h7xx_hal_gpio.o
LOAD ./Drivers/STM32H7xx_HAL_Driver/Src/stm32h7xx_hal_hsem.o
LOAD ./Drivers/STM32H7xx_HAL_Driver/Src/stm32h7xx_hal_i2c.o
LOAD ./Drivers/STM32H7xx_HAL_Driver/Src/stm32h7xx_hal_i2c_ex.o
LOAD ./Drivers/STM32H7xx_HAL_Driver/Src/stm32h7xx_hal_mdma.o
LOAD ./Drivers/STM32H7xx_HAL_Driver/Src/stm32h7xx_hal_pwr.o
LOAD ./Drivers/STM32H7xx_HAL_Driver/Src/stm32h7xx_hal_pwr_ex.o
LOAD ./Drivers/STM32H7xx_HAL_Driver/Src/stm32h7xx_hal_rcc.o
LOAD ./Drivers/STM32H7xx_HAL_Driver/Src/stm32h7xx_hal_rcc_ex.o
LOAD ./Drivers/STM32H7xx_HAL_Driver/Src/stm32h7xx_hal_tim.o
LOAD ./Drivers/STM32H7xx_HAL_Driver/Src/stm32h7xx_hal_tim_ex.o
LOAD ./Drivers/STM32H7xx_HAL_Driver/Src/stm32h7xx_hal_uart.o
LOAD ./Drivers/STM32H7xx_HAL_Driver/Src/stm32h7xx_hal_uart_ex.o
LOAD ./X-CUBE-AI/App/network.o
LOAD ./X-CUBE-AI/App/network_data.o
LOAD ./X-CUBE-AI/App/network_data_params.o
LOAD ./tinyml_api/internally_implemented.o
LOAD ./tinyml_api/st_port.o
LOAD ./tinyml_api/submitter_implemented.o
LOAD ../Middlewares/ST/AI/Lib/NetworkRuntime810_CM7_GCC.a
START GROUP
LOAD /opt/st/stm32cubeide_1.15.1/plugins/com.st.stm32cube.ide.mcu.externaltools.gnu-tools-for-stm32.12.3.rel1.linux64_1.0.100.202403111256/tools/bin/../lib/gcc/arm-none-eabi/12.3.1/../../../../arm-none-eabi/lib/thumb/v7e-m+dp/hard/libc_nano.a
LOAD /opt/st/stm32cubeide_1.15.1/plugins/com.st.stm32cube.ide.mcu.externaltools.gnu-tools-for-stm32.12.3.rel1.linux64_1.0.100.202403111256/tools/bin/../lib/gcc/arm-none-eabi/12.3.1/../../../../arm-none-eabi/lib/thumb/v7e-m+dp/hard/libm.a
END GROUP
START GROUP
LOAD /opt/st/stm32cubeide_1.15.1/plugins/com.st.stm32cube.ide.mcu.externaltools.gnu-tools-for-stm32.12.3.rel1.linux64_1.0.100.202403111256/tools/bin/../lib/gcc/arm-none-eabi/12.3.1/thumb/v7e-m+dp/hard/libgcc.a
LOAD /opt/st/stm32cubeide_1.15.1/plugins/com.st.stm32cube.ide.mcu.externaltools.gnu-tools-for-stm32.12.3.rel1.linux64_1.0.100.202403111256/tools/bin/../lib/gcc/arm-none-eabi/12.3.1/../../../../arm-none-eabi/lib/thumb/v7e-m+dp/hard/libc_nano.a
END GROUP
START GROUP
LOAD /opt/st/stm32cubeide_1.15.1/plugins/com.st.stm32cube.ide.mcu.externaltools.gnu-tools-for-stm32.12.3.rel1.linux64_1.0.100.202403111256/tools/bin/../lib/gcc/arm-none-eabi/12.3.1/thumb/v7e-m+dp/hard/libgcc.a
LOAD /opt/st/stm32cubeide_1.15.1/plugins/com.st.stm32cube.ide.mcu.externaltools.gnu-tools-for-stm32.12.3.rel1.linux64_1.0.100.202403111256/tools/bin/../lib/gcc/arm-none-eabi/12.3.1/../../../../arm-none-eabi/lib/thumb/v7e-m+dp/hard/libc_nano.a
LOAD /opt/st/stm32cubeide_1.15.1/plugins/com.st.stm32cube.ide.mcu.externaltools.gnu-tools-for-stm32.12.3.rel1.linux64_1.0.100.202403111256/tools/bin/../lib/gcc/arm-none-eabi/12.3.1/../../../../arm-none-eabi/lib/thumb/v7e-m+dp/hard/libnosys.a
END GROUP
START GROUP
LOAD /opt/st/stm32cubeide_1.15.1/plugins/com.st.stm32cube.ide.mcu.externaltools.gnu-tools-for-stm32.12.3.rel1.linux64_1.0.100.202403111256/tools/bin/../lib/gcc/arm-none-eabi/12.3.1/thumb/v7e-m+dp/hard/libgcc.a
LOAD /opt/st/stm32cubeide_1.15.1/plugins/com.st.stm32cube.ide.mcu.externaltools.gnu-tools-for-stm32.12.3.rel1.linux64_1.0.100.202403111256/tools/bin/../lib/gcc/arm-none-eabi/12.3.1/../../../../arm-none-eabi/lib/thumb/v7e-m+dp/hard/libc_nano.a
LOAD /opt/st/stm32cubeide_1.15.1/plugins/com.st.stm32cube.ide.mcu.externaltools.gnu-tools-for-stm32.12.3.rel1.linux64_1.0.100.202403111256/tools/bin/../lib/gcc/arm-none-eabi/12.3.1/../../../../arm-none-eabi/lib/thumb/v7e-m+dp/hard/libnosys.a
END GROUP
LOAD /opt/st/stm32cubeide_1.15.1/plugins/com.st.stm32cube.ide.mcu.externaltools.gnu-tools-for-stm32.12.3.rel1.linux64_1.0.100.202403111256/tools/bin/../lib/gcc/arm-none-eabi/12.3.1/thumb/v7e-m+dp/hard/crtend.o
LOAD /opt/st/stm32cubeide_1.15.1/plugins/com.st.stm32cube.ide.mcu.externaltools.gnu-tools-for-stm32.12.3.rel1.linux64_1.0.100.202403111256/tools/bin/../lib/gcc/arm-none-eabi/12.3.1/thumb/v7e-m+dp/hard/crtn.o
                0x24100000                        _estack = (ORIGIN (RAM) + LENGTH (RAM))
                0x00000800                        _Min_Heap_Size = 0x800
                0x00000800                        _Min_Stack_Size = 0x800

.isr_vector     0x08000000      0x2ac
                0x08000000                        . = ALIGN (0x4)
 *(.isr_vector)
 .isr_vector    0x08000000      0x2ac ./Core/Startup/startup_stm32h7a3zitxq.o
                0x08000000                g_pfnVectors
                0x080002ac                        . = ALIGN (0x4)

.text           0x080002b0     0xfbe0
                0x080002b0                        . = ALIGN (0x4)
 *(.text)
 .text          0x080002b0       0x40 /opt/st/stm32cubeide_1.15.1/plugins/com.st.stm32cube.ide.mcu.externaltools.gnu-tools-for-stm32.12.3.rel1.linux64_1.0.100.202403111256/tools/bin/../lib/gcc/arm-none-eabi/12.3.1/thumb/v7e-m+dp/hard/crtbegin.o
 .text          0x080002f0       0x14 /opt/st/stm32cubeide_1.15.1/plugins/com.st.stm32cube.ide.mcu.externaltools.gnu-tools-for-stm32.12.3.rel1.linux64_1.0.100.202403111256/tools/bin/../lib/gcc/arm-none-eabi/12.3.1/../../../../arm-none-eabi/lib/thumb/v7e-m+dp/hard/libc_nano.a(libc_a-strcmp.o)
                0x080002f0                strcmp
 *fill*         0x08000304        0xc 
 .text          0x08000310       0xa0 /opt/st/stm32cubeide_1.15.1/plugins/com.st.stm32cube.ide.mcu.externaltools.gnu-tools-for-stm32.12.3.rel1.linux64_1.0.100.202403111256/tools/bin/../lib/gcc/arm-none-eabi/12.3.1/../../../../arm-none-eabi/lib/thumb/v7e-m+dp/hard/libc_nano.a(libc_a-memchr.o)
                0x08000310                memchr
 .text          0x080003b0       0x10 /opt/st/stm32cubeide_1.15.1/plugins/com.st.stm32cube.ide.mcu.externaltools.gnu-tools-for-stm32.12.3.rel1.linux64_1.0.100.202403111256/tools/bin/../lib/gcc/arm-none-eabi/12.3.1/../../../../arm-none-eabi/lib/thumb/v7e-m+dp/hard/libc_nano.a(libc_a-strlen.o)
                0x080003b0                strlen
 .text          0x080003c0       0x30 /opt/st/stm32cubeide_1.15.1/plugins/com.st.stm32cube.ide.mcu.externaltools.gnu-tools-for-stm32.12.3.rel1.linux64_1.0.100.202403111256/tools/bin/../lib/gcc/arm-none-eabi/12.3.1/thumb/v7e-m+dp/hard/libgcc.a(_aeabi_uldivmod.o)
                0x080003c0                __aeabi_uldivmod
 .text          0x080003f0       0x28 /opt/st/stm32cubeide_1.15.1/plugins/com.st.stm32cube.ide.mcu.externaltools.gnu-tools-for-stm32.12.3.rel1.linux64_1.0.100.202403111256/tools/bin/../lib/gcc/arm-none-eabi/12.3.1/thumb/v7e-m+dp/hard/libgcc.a(_fixsfdi.o)
                0x080003f0                __aeabi_f2lz
                0x080003f0                __fixsfdi
 .text          0x08000418       0x40 /opt/st/stm32cubeide_1.15.1/plugins/com.st.stm32cube.ide.mcu.externaltools.gnu-tools-for-stm32.12.3.rel1.linux64_1.0.100.202403111256/tools/bin/../lib/gcc/arm-none-eabi/12.3.1/thumb/v7e-m+dp/hard/libgcc.a(_fixunssfdi.o)
                0x08000418                __aeabi_f2ulz
                0x08000418                __fixunssfdi
 .text          0x08000458      0x2bc /opt/st/stm32cubeide_1.15.1/plugins/com.st.stm32cube.ide.mcu.externaltools.gnu-tools-for-stm32.12.3.rel1.linux64_1.0.100.202403111256/tools/bin/../lib/gcc/arm-none-eabi/12.3.1/thumb/v7e-m+dp/hard/libgcc.a(_udivmoddi4.o)
                0x08000458                __udivmoddi4
 .text          0x08000714        0x4 /opt/st/stm32cubeide_1.15.1/plugins/com.st.stm32cube.ide.mcu.externaltools.gnu-tools-for-stm32.12.3.rel1.linux64_1.0.100.202403111256/tools/bin/../lib/gcc/arm-none-eabi/12.3.1/thumb/v7e-m+dp/hard/libgcc.a(_dvmd_tls.o)
                0x08000714                __aeabi_ldiv0
                0x08000714                __aeabi_idiv0
 *(.text*)
 .text.SystemClock_Config
                0x08000718       0xb0 ./Core/Src/main.o
                0x08000718                SystemClock_Config
 .text.startup.main
                0x080007c8      0x31c ./Core/Src/main.o
                0x080007c8                main
 .text.Error_Handler
                0x08000ae4        0x4 ./Core/Src/main.o
                0x08000ae4                Error_Handler
 .text.HAL_MspInit
                0x08000ae8       0x24 ./Core/Src/stm32h7xx_hal_msp.o
                0x08000ae8                HAL_MspInit
 .text.HAL_CRC_MspInit
                0x08000b0c       0x30 ./Core/Src/stm32h7xx_hal_msp.o
                0x08000b0c                HAL_CRC_MspInit
 .text.HAL_TIM_Base_MspInit
                0x08000b3c       0x30 ./Core/Src/stm32h7xx_hal_msp.o
                0x08000b3c                HAL_TIM_Base_MspInit
 .text.HAL_UART_MspInit
                0x08000b6c      0x124 ./Core/Src/stm32h7xx_hal_msp.o
                0x08000b6c                HAL_UART_MspInit
 .text.NMI_Handler
                0x08000c90        0x2 ./Core/Src/stm32h7xx_it.o
                0x08000c90                NMI_Handler
 .text.HardFault_Handler
                0x08000c92        0x2 ./Core/Src/stm32h7xx_it.o
                0x08000c92                HardFault_Handler
 .text.MemManage_Handler
                0x08000c94        0x2 ./Core/Src/stm32h7xx_it.o
                0x08000c94                MemManage_Handler
 .text.BusFault_Handler
                0x08000c96        0x2 ./Core/Src/stm32h7xx_it.o
                0x08000c96                BusFault_Handler
 .text.UsageFault_Handler
                0x08000c98        0x2 ./Core/Src/stm32h7xx_it.o
                0x08000c98                UsageFault_Handler
 .text.SVC_Handler
                0x08000c9a        0x2 ./Core/Src/stm32h7xx_it.o
                0x08000c9a                SVC_Handler
 .text.DebugMon_Handler
                0x08000c9c        0x2 ./Core/Src/stm32h7xx_it.o
                0x08000c9c                DebugMon_Handler
 .text.PendSV_Handler
                0x08000c9e        0x2 ./Core/Src/stm32h7xx_it.o
                0x08000c9e                PendSV_Handler
 .text.SysTick_Handler
                0x08000ca0        0x4 ./Core/Src/stm32h7xx_it.o
                0x08000ca0                SysTick_Handler
 .text._getpid  0x08000ca4        0x4 ./Core/Src/syscalls.o
                0x08000ca4                _getpid
 .text._kill    0x08000ca8       0x10 ./Core/Src/syscalls.o
                0x08000ca8                _kill
 .text._exit    0x08000cb8        0xc ./Core/Src/syscalls.o
                0x08000cb8                _exit
 .text._read    0x08000cc4       0x1c ./Core/Src/syscalls.o
                0x08000cc4                _read
 .text._write   0x08000ce0       0x1c ./Core/Src/syscalls.o
                0x08000ce0                _write
 .text._close   0x08000cfc        0x6 ./Core/Src/syscalls.o
                0x08000cfc                _close
 .text._fstat   0x08000d02        0xa ./Core/Src/syscalls.o
                0x08000d02                _fstat
 .text._isatty  0x08000d0c        0x4 ./Core/Src/syscalls.o
                0x08000d0c                _isatty
 .text._lseek   0x08000d10        0x4 ./Core/Src/syscalls.o
                0x08000d10                _lseek
 .text._sbrk    0x08000d14       0x40 ./Core/Src/sysmem.o
                0x08000d14                _sbrk
 .text.SystemInit
                0x08000d54       0xa4 ./Core/Src/system_stm32h7xx.o
                0x08000d54                SystemInit
 .text.Reset_Handler
                0x08000df8       0x50 ./Core/Startup/startup_stm32h7a3zitxq.o
                0x08000df8                Reset_Handler
 .text.Default_Handler
                0x08000e48        0x2 ./Core/Startup/startup_stm32h7a3zitxq.o
                0x08000e48                RTC_Alarm_IRQHandler
                0x08000e48                EXTI2_IRQHandler
                0x08000e48                TIM8_CC_IRQHandler
                0x08000e48                UART8_IRQHandler
                0x08000e48                BDMA2_Channel1_IRQHandler
                0x08000e48                SPI4_IRQHandler
                0x08000e48                BDMA2_Channel0_IRQHandler
                0x08000e48                TIM1_CC_IRQHandler
                0x08000e48                DMA2_Stream5_IRQHandler
                0x08000e48                JPEG_IRQHandler
                0x08000e48                DMA1_Stream5_IRQHandler
                0x08000e48                EXTI3_IRQHandler
                0x08000e48                LPTIM4_IRQHandler
                0x08000e48                TIM8_TRG_COM_TIM14_IRQHandler
                0x08000e48                LPTIM2_IRQHandler
                0x08000e48                DFSDM1_FLT1_IRQHandler
                0x08000e48                DMAMUX2_OVR_IRQHandler
                0x08000e48                GFXMMU_IRQHandler
                0x08000e48                TIM8_UP_TIM13_IRQHandler
                0x08000e48                I2C3_ER_IRQHandler
                0x08000e48                DFSDM1_FLT2_IRQHandler
                0x08000e48                USART10_IRQHandler
                0x08000e48                MDMA_IRQHandler
                0x08000e48                LPTIM3_IRQHandler
                0x08000e48                BDMA2_Channel3_IRQHandler
                0x08000e48                HSEM1_IRQHandler
                0x08000e48                EXTI0_IRQHandler
                0x08000e48                I2C2_EV_IRQHandler
                0x08000e48                DAC2_IRQHandler
                0x08000e48                DMA1_Stream2_IRQHandler
                0x08000e48                FPU_IRQHandler
                0x08000e48                OTG_HS_WKUP_IRQHandler
                0x08000e48                FDCAN1_IT1_IRQHandler
                0x08000e48                LTDC_ER_IRQHandler
                0x08000e48                DMA2_Stream2_IRQHandler
                0x08000e48                SPI1_IRQHandler
                0x08000e48                OCTOSPI1_IRQHandler
                0x08000e48                TIM6_DAC_IRQHandler
                0x08000e48                BDMA2_Channel6_IRQHandler
                0x08000e48                DMA2_Stream3_IRQHandler
                0x08000e48                OCTOSPI2_IRQHandler
                0x08000e48                SAI2_IRQHandler
                0x08000e48                BDMA1_IRQHandler
                0x08000e48                DFSDM1_FLT3_IRQHandler
                0x08000e48                USART6_IRQHandler
                0x08000e48                TIM17_IRQHandler
                0x08000e48                LPTIM5_IRQHandler
                0x08000e48                UART5_IRQHandler
                0x08000e48                DMA2_Stream0_IRQHandler
                0x08000e48                TIM4_IRQHandler
                0x08000e48                I2C1_EV_IRQHandler
                0x08000e48                DMA1_Stream6_IRQHandler
                0x08000e48                DMAMUX1_OVR_IRQHandler
                0x08000e48                DMA1_Stream1_IRQHandler
                0x08000e48                TIM16_IRQHandler
                0x08000e48                UART4_IRQHandler
                0x08000e48                TIM3_IRQHandler
                0x08000e48                RCC_IRQHandler
                0x08000e48                UART9_IRQHandler
                0x08000e48                TIM8_BRK_TIM12_IRQHandler
                0x08000e48                TIM1_TRG_COM_IRQHandler
                0x08000e48                Default_Handler
                0x08000e48                ECC_IRQHandler
                0x08000e48                BDMA2_Channel2_IRQHandler
                0x08000e48                CEC_IRQHandler
                0x08000e48                EXTI15_10_IRQHandler
                0x08000e48                DFSDM1_FLT4_IRQHandler
                0x08000e48                ADC_IRQHandler
                0x08000e48                DMA1_Stream7_IRQHandler
                0x08000e48                SPI5_IRQHandler
                0x08000e48                TIM7_IRQHandler
                0x08000e48                SDMMC1_IRQHandler
                0x08000e48                TIM5_IRQHandler
                0x08000e48                DMA2_Stream7_IRQHandler
                0x08000e48                TIM15_IRQHandler
                0x08000e48                I2C3_EV_IRQHandler
                0x08000e48                DFSDM2_IRQHandler
                0x08000e48                EXTI9_5_IRQHandler
                0x08000e48                RTC_WKUP_IRQHandler
                0x08000e48                LTDC_IRQHandler
                0x08000e48                SPDIF_RX_IRQHandler
                0x08000e48                PVD_PVM_IRQHandler
                0x08000e48                SPI2_IRQHandler
                0x08000e48                OTG_HS_EP1_IN_IRQHandler
                0x08000e48                DFSDM1_FLT5_IRQHandler
                0x08000e48                DMA1_Stream0_IRQHandler
                0x08000e48                CRS_IRQHandler
                0x08000e48                EXTI4_IRQHandler
                0x08000e48                DFSDM1_FLT6_IRQHandler
                0x08000e48                RNG_IRQHandler
                0x08000e48                FDCAN2_IT1_IRQHandler
                0x08000e48                COMP_IRQHandler
                0x08000e48                TIM1_UP_IRQHandler
                0x08000e48                OTG_HS_EP1_OUT_IRQHandler
                0x08000e48                WWDG_IRQHandler
                0x08000e48                SPI6_IRQHandler
                0x08000e48                MDIOS_IRQHandler
                0x08000e48                I2C4_EV_IRQHandler
                0x08000e48                FDCAN2_IT0_IRQHandler
                0x08000e48                LPUART1_IRQHandler
                0x08000e48                FDCAN1_IT0_IRQHandler
                0x08000e48                TIM2_IRQHandler
                0x08000e48                BDMA2_Channel5_IRQHandler
                0x08000e48                OTG_HS_IRQHandler
                0x08000e48                DMA2D_IRQHandler
                0x08000e48                TIM1_BRK_IRQHandler
                0x08000e48                EXTI1_IRQHandler
                0x08000e48                SDMMC2_IRQHandler
                0x08000e48                DTS_IRQHandler
                0x08000e48                UART7_IRQHandler
                0x08000e48                MDIOS_WKUP_IRQHandler
                0x08000e48                USART2_IRQHandler
                0x08000e48                DFSDM1_FLT0_IRQHandler
                0x08000e48                I2C2_ER_IRQHandler
                0x08000e48                DMA2_Stream1_IRQHandler
                0x08000e48                DFSDM1_FLT7_IRQHandler
                0x08000e48                FLASH_IRQHandler
                0x08000e48                DMA2_Stream4_IRQHandler
                0x08000e48                SPI3_IRQHandler
                0x08000e48                WAKEUP_PIN_IRQHandler
                0x08000e48                DMA1_Stream4_IRQHandler
                0x08000e48                I2C1_ER_IRQHandler
                0x08000e48                FMC_IRQHandler
                0x08000e48                BDMA2_Channel7_IRQHandler
                0x08000e48                FDCAN_CAL_IRQHandler
                0x08000e48                SWPMI1_IRQHandler
                0x08000e48                LPTIM1_IRQHandler
                0x08000e48                DCMI_PSSI_IRQHandler
                0x08000e48                I2C4_ER_IRQHandler
                0x08000e48                DMA2_Stream6_IRQHandler
                0x08000e48                SAI1_IRQHandler
                0x08000e48                DMA1_Stream3_IRQHandler
                0x08000e48                RTC_TAMP_STAMP_CSS_LSE_IRQHandler
                0x08000e48                BDMA2_Channel4_IRQHandler
 *fill*         0x08000e4a        0x2 
 .text.HAL_InitTick
                0x08000e4c       0x4c ./Drivers/STM32H7xx_HAL_Driver/Src/stm32h7xx_hal.o
                0x08000e4c                HAL_InitTick
 .text.HAL_Init
                0x08000e98       0x5c ./Drivers/STM32H7xx_HAL_Driver/Src/stm32h7xx_hal.o
                0x08000e98                HAL_Init
 .text.HAL_IncTick
                0x08000ef4       0x18 ./Drivers/STM32H7xx_HAL_Driver/Src/stm32h7xx_hal.o
                0x08000ef4                HAL_IncTick
 .text.HAL_GetTick
                0x08000f0c        0xc ./Drivers/STM32H7xx_HAL_Driver/Src/stm32h7xx_hal.o
                0x08000f0c                HAL_GetTick
 .text.HAL_NVIC_SetPriorityGrouping
                0x08000f18       0x24 ./Drivers/STM32H7xx_HAL_Driver/Src/stm32h7xx_hal_cortex.o
                0x08000f18                HAL_NVIC_SetPriorityGrouping
 .text.HAL_NVIC_SetPriority
                0x08000f3c       0x64 ./Drivers/STM32H7xx_HAL_Driver/Src/stm32h7xx_hal_cortex.o
                0x08000f3c                HAL_NVIC_SetPriority
 .text.HAL_NVIC_EnableIRQ
                0x08000fa0       0x1c ./Drivers/STM32H7xx_HAL_Driver/Src/stm32h7xx_hal_cortex.o
                0x08000fa0                HAL_NVIC_EnableIRQ
 .text.HAL_SYSTICK_Config
                0x08000fbc       0x28 ./Drivers/STM32H7xx_HAL_Driver/Src/stm32h7xx_hal_cortex.o
                0x08000fbc                HAL_SYSTICK_Config
 .text.HAL_CRC_Init
                0x08000fe4       0x74 ./Drivers/STM32H7xx_HAL_Driver/Src/stm32h7xx_hal_crc.o
                0x08000fe4                HAL_CRC_Init
 .text.HAL_CRCEx_Polynomial_Set
                0x08001058       0x4e ./Drivers/STM32H7xx_HAL_Driver/Src/stm32h7xx_hal_crc_ex.o
                0x08001058                HAL_CRCEx_Polynomial_Set
 *fill*         0x080010a6        0x2 
 .text.HAL_DMA_Abort
                0x080010a8      0x34c ./Drivers/STM32H7xx_HAL_Driver/Src/stm32h7xx_hal_dma.o
                0x080010a8                HAL_DMA_Abort
 .text.HAL_DMA_Abort_IT
                0x080013f4      0x120 ./Drivers/STM32H7xx_HAL_Driver/Src/stm32h7xx_hal_dma.o
                0x080013f4                HAL_DMA_Abort_IT
 .text.HAL_GPIO_Init
                0x08001514      0x1d0 ./Drivers/STM32H7xx_HAL_Driver/Src/stm32h7xx_hal_gpio.o
                0x08001514                HAL_GPIO_Init
 .text.HAL_GPIO_WritePin
                0x080016e4        0xa ./Drivers/STM32H7xx_HAL_Driver/Src/stm32h7xx_hal_gpio.o
                0x080016e4                HAL_GPIO_WritePin
 *fill*         0x080016ee        0x2 
 .text.HAL_PWREx_ConfigSupply
                0x080016f0       0x78 ./Drivers/STM32H7xx_HAL_Driver/Src/stm32h7xx_hal_pwr_ex.o
                0x080016f0                HAL_PWREx_ConfigSupply
 .text.HAL_RCC_OscConfig
                0x08001768      0x550 ./Drivers/STM32H7xx_HAL_Driver/Src/stm32h7xx_hal_rcc.o
                0x08001768                HAL_RCC_OscConfig
 .text.HAL_RCC_GetSysClockFreq
                0x08001cb8      0x144 ./Drivers/STM32H7xx_HAL_Driver/Src/stm32h7xx_hal_rcc.o
                0x08001cb8                HAL_RCC_GetSysClockFreq
 .text.HAL_RCC_ClockConfig
                0x08001dfc      0x24c ./Drivers/STM32H7xx_HAL_Driver/Src/stm32h7xx_hal_rcc.o
                0x08001dfc                HAL_RCC_ClockConfig
 .text.HAL_RCC_GetHCLKFreq
                0x08002048       0x44 ./Drivers/STM32H7xx_HAL_Driver/Src/stm32h7xx_hal_rcc.o
                0x08002048                HAL_RCC_GetHCLKFreq
 .text.HAL_RCC_GetPCLK1Freq
                0x0800208c       0x24 ./Drivers/STM32H7xx_HAL_Driver/Src/stm32h7xx_hal_rcc.o
                0x0800208c                HAL_RCC_GetPCLK1Freq
 .text.HAL_RCC_GetPCLK2Freq
                0x080020b0       0x24 ./Drivers/STM32H7xx_HAL_Driver/Src/stm32h7xx_hal_rcc.o
                0x080020b0                HAL_RCC_GetPCLK2Freq
 .text.RCCEx_PLL2_Config
                0x080020d4       0xf0 ./Drivers/STM32H7xx_HAL_Driver/Src/stm32h7xx_hal_rcc_ex.o
 .text.RCCEx_PLL3_Config
                0x080021c4       0xf0 ./Drivers/STM32H7xx_HAL_Driver/Src/stm32h7xx_hal_rcc_ex.o
 .text.HAL_RCCEx_PeriphCLKConfig
                0x080022b4      0x978 ./Drivers/STM32H7xx_HAL_Driver/Src/stm32h7xx_hal_rcc_ex.o
                0x080022b4                HAL_RCCEx_PeriphCLKConfig
 .text.HAL_RCCEx_GetD3PCLK1Freq
                0x08002c2c       0x24 ./Drivers/STM32H7xx_HAL_Driver/Src/stm32h7xx_hal_rcc_ex.o
                0x08002c2c                HAL_RCCEx_GetD3PCLK1Freq
 .text.HAL_RCCEx_GetPLL2ClockFreq
                0x08002c50      0x154 ./Drivers/STM32H7xx_HAL_Driver/Src/stm32h7xx_hal_rcc_ex.o
                0x08002c50                HAL_RCCEx_GetPLL2ClockFreq
 .text.HAL_RCCEx_GetPLL3ClockFreq
                0x08002da4      0x154 ./Drivers/STM32H7xx_HAL_Driver/Src/stm32h7xx_hal_rcc_ex.o
                0x08002da4                HAL_RCCEx_GetPLL3ClockFreq
 .text.HAL_TIM_Base_Start
                0x08002ef8       0x74 ./Drivers/STM32H7xx_HAL_Driver/Src/stm32h7xx_hal_tim.o
                0x08002ef8                HAL_TIM_Base_Start
 .text.TIM_Base_SetConfig
                0x08002f6c       0xcc ./Drivers/STM32H7xx_HAL_Driver/Src/stm32h7xx_hal_tim.o
                0x08002f6c                TIM_Base_SetConfig
 .text.HAL_TIM_Base_Init
                0x08003038       0x60 ./Drivers/STM32H7xx_HAL_Driver/Src/stm32h7xx_hal_tim.o
                0x08003038                HAL_TIM_Base_Init
 .text.TIM_ETR_SetConfig
                0x08003098       0x14 ./Drivers/STM32H7xx_HAL_Driver/Src/stm32h7xx_hal_tim.o
                0x08003098                TIM_ETR_SetConfig
 .text.HAL_TIM_ConfigClockSource
                0x080030ac      0x174 ./Drivers/STM32H7xx_HAL_Driver/Src/stm32h7xx_hal_tim.o
                0x080030ac                HAL_TIM_ConfigClockSource
 .text.HAL_TIMEx_MasterConfigSynchronization
                0x08003220       0x94 ./Drivers/STM32H7xx_HAL_Driver/Src/stm32h7xx_hal_tim_ex.o
                0x08003220                HAL_TIMEx_MasterConfigSynchronization
 .text.UART_EndRxTransfer
                0x080032b4       0x58 ./Drivers/STM32H7xx_HAL_Driver/Src/stm32h7xx_hal_uart.o
 .text.HAL_UART_TxCpltCallback
                0x0800330c        0x2 ./Drivers/STM32H7xx_HAL_Driver/Src/stm32h7xx_hal_uart.o
                0x0800330c                HAL_UART_TxCpltCallback
 .text.HAL_UART_RxCpltCallback
                0x0800330e        0x2 ./Drivers/STM32H7xx_HAL_Driver/Src/stm32h7xx_hal_uart.o
                0x0800330e                HAL_UART_RxCpltCallback
 .text.HAL_UART_ErrorCallback
                0x08003310        0x2 ./Drivers/STM32H7xx_HAL_Driver/Src/stm32h7xx_hal_uart.o
                0x08003310                HAL_UART_ErrorCallback
 .text.UART_DMAAbortOnError
                0x08003312       0x14 ./Drivers/STM32H7xx_HAL_Driver/Src/stm32h7xx_hal_uart.o
 .text.HAL_UARTEx_RxEventCallback
                0x08003326        0x2 ./Drivers/STM32H7xx_HAL_Driver/Src/stm32h7xx_hal_uart.o
                0x08003326                HAL_UARTEx_RxEventCallback
 .text.HAL_UART_IRQHandler
                0x08003328      0x348 ./Drivers/STM32H7xx_HAL_Driver/Src/stm32h7xx_hal_uart.o
                0x08003328                HAL_UART_IRQHandler
 .text.UART_RxISR_8BIT
                0x08003670       0xcc ./Drivers/STM32H7xx_HAL_Driver/Src/stm32h7xx_hal_uart.o
 .text.UART_RxISR_16BIT
                0x0800373c       0xc4 ./Drivers/STM32H7xx_HAL_Driver/Src/stm32h7xx_hal_uart.o
 .text.UART_RxISR_8BIT_FIFOEN
                0x08003800      0x1a8 ./Drivers/STM32H7xx_HAL_Driver/Src/stm32h7xx_hal_uart.o
 .text.UART_RxISR_16BIT_FIFOEN
                0x080039a8      0x1a4 ./Drivers/STM32H7xx_HAL_Driver/Src/stm32h7xx_hal_uart.o
 .text.UART_SetConfig
                0x08003b4c      0x348 ./Drivers/STM32H7xx_HAL_Driver/Src/stm32h7xx_hal_uart.o
                0x08003b4c                UART_SetConfig
 .text.UART_AdvFeatureConfig
                0x08003e94       0xaa ./Drivers/STM32H7xx_HAL_Driver/Src/stm32h7xx_hal_uart.o
                0x08003e94                UART_AdvFeatureConfig
 .text.UART_WaitOnFlagUntilTimeout
                0x08003f3e       0x88 ./Drivers/STM32H7xx_HAL_Driver/Src/stm32h7xx_hal_uart.o
                0x08003f3e                UART_WaitOnFlagUntilTimeout
 .text.HAL_UART_Transmit
                0x08003fc6       0xaa ./Drivers/STM32H7xx_HAL_Driver/Src/stm32h7xx_hal_uart.o
                0x08003fc6                HAL_UART_Transmit
 .text.UART_CheckIdleState
                0x08004070       0xb6 ./Drivers/STM32H7xx_HAL_Driver/Src/stm32h7xx_hal_uart.o
                0x08004070                UART_CheckIdleState
 .text.HAL_UART_Init
                0x08004126       0x60 ./Drivers/STM32H7xx_HAL_Driver/Src/stm32h7xx_hal_uart.o
                0x08004126                HAL_UART_Init
 *fill*         0x08004186        0x2 
 .text.UART_Start_Receive_IT
                0x08004188      0x108 ./Drivers/STM32H7xx_HAL_Driver/Src/stm32h7xx_hal_uart.o
                0x08004188                UART_Start_Receive_IT
 .text.HAL_UART_Receive_IT
                0x08004290       0x44 ./Drivers/STM32H7xx_HAL_Driver/Src/stm32h7xx_hal_uart.o
                0x08004290                HAL_UART_Receive_IT
 .text.UARTEx_SetNbDataToProcess
                0x080042d4       0x44 ./Drivers/STM32H7xx_HAL_Driver/Src/stm32h7xx_hal_uart_ex.o
 .text.HAL_UARTEx_WakeupCallback
                0x08004318        0x2 ./Drivers/STM32H7xx_HAL_Driver/Src/stm32h7xx_hal_uart_ex.o
                0x08004318                HAL_UARTEx_WakeupCallback
 .text.HAL_UARTEx_RxFifoFullCallback
                0x0800431a        0x2 ./Drivers/STM32H7xx_HAL_Driver/Src/stm32h7xx_hal_uart_ex.o
                0x0800431a                HAL_UARTEx_RxFifoFullCallback
 .text.HAL_UARTEx_TxFifoEmptyCallback
                0x0800431c        0x2 ./Drivers/STM32H7xx_HAL_Driver/Src/stm32h7xx_hal_uart_ex.o
                0x0800431c                HAL_UARTEx_TxFifoEmptyCallback
 .text.HAL_UARTEx_DisableFifoMode
                0x0800431e       0x36 ./Drivers/STM32H7xx_HAL_Driver/Src/stm32h7xx_hal_uart_ex.o
                0x0800431e                HAL_UARTEx_DisableFifoMode
 .text.HAL_UARTEx_SetTxFifoThreshold
                0x08004354       0x40 ./Drivers/STM32H7xx_HAL_Driver/Src/stm32h7xx_hal_uart_ex.o
                0x08004354                HAL_UARTEx_SetTxFifoThreshold
 .text.HAL_UARTEx_SetRxFifoThreshold
                0x08004394       0x40 ./Drivers/STM32H7xx_HAL_Driver/Src/stm32h7xx_hal_uart_ex.o
                0x08004394                HAL_UARTEx_SetRxFifoThreshold
 .text.ai_network_create
                0x080043d4       0x1c ./X-CUBE-AI/App/network.o
                0x080043d4                ai_network_create
 .text.ai_network_inputs_get
                0x080043f0       0x14 ./X-CUBE-AI/App/network.o
                0x080043f0                ai_network_inputs_get
 .text.ai_network_outputs_get
                0x08004404       0x14 ./X-CUBE-AI/App/network.o
                0x08004404                ai_network_outputs_get
 .text.ai_network_init
                0x08004418      0x370 ./X-CUBE-AI/App/network.o
                0x08004418                ai_network_init
 .text.ai_network_create_and_init
                0x08004788       0x8e ./X-CUBE-AI/App/network.o
                0x08004788                ai_network_create_and_init
 .text.ai_network_run
                0x08004816        0x4 ./X-CUBE-AI/App/network.o
                0x08004816                ai_network_run
 *fill*         0x0800481a        0x2 
 .text.ai_network_data_params_get
                0x0800481c       0x30 ./X-CUBE-AI/App/network_data.o
                0x0800481c                ai_network_data_params_get
 .text.ee_serial_callback
                0x0800484c       0x38 ./tinyml_api/internally_implemented.o
                0x0800484c                ee_serial_callback
 .text.ee_benchmark_initialize
                0x08004884       0x30 ./tinyml_api/internally_implemented.o
                0x08004884                ee_benchmark_initialize
 .text.ee_infer
                0x080048b4       0x64 ./tinyml_api/internally_implemented.o
                0x080048b4                ee_infer
 .text.ee_hexdec
                0x08004918       0x42 ./tinyml_api/internally_implemented.o
                0x08004918                ee_hexdec
 *fill*         0x0800495a        0x2 
 .text.ee_buffer_parse
                0x0800495c      0x168 ./tinyml_api/internally_implemented.o
                0x0800495c                ee_buffer_parse
 .text.ee_profile_parse
                0x08004ac4      0x138 ./tinyml_api/internally_implemented.o
                0x08004ac4                ee_profile_parse
 .text.ee_serial_command_parser_callback
                0x08004bfc       0x78 ./tinyml_api/internally_implemented.o
                0x08004bfc                ee_serial_command_parser_callback
 .text.AI_Init  0x08004c74       0x38 ./tinyml_api/st_port.o
                0x08004c74                AI_Init
 .text.AI_Run   0x08004cac       0x24 ./tinyml_api/st_port.o
                0x08004cac                AI_Run
 .text.USART3_IRQHandler
                0x08004cd0       0x28 ./tinyml_api/st_port.o
                0x08004cd0                USART3_IRQHandler
 .text.USART1_IRQHandler
                0x08004cf8        0xc ./tinyml_api/st_port.o
                0x08004cf8                USART1_IRQHandler
 .text.rxSetInterrupt
                0x08004d04       0x1c ./tinyml_api/st_port.o
                0x08004d04                rxSetInterrupt
 .text.rxInit   0x08004d20        0xc ./tinyml_api/st_port.o
                0x08004d20                rxInit
 .text.th_load_tensor
                0x08004d2c       0x20 ./tinyml_api/submitter_implemented.o
                0x08004d2c                th_load_tensor
 .text.th_infer
                0x08004d4c       0x10 ./tinyml_api/submitter_implemented.o
                0x08004d4c                th_infer
 .text.th_final_initialize
                0x08004d5c       0xb0 ./tinyml_api/submitter_implemented.o
                0x08004d5c                th_final_initialize
 .text.th_pre   0x08004e0c        0x2 ./tinyml_api/submitter_implemented.o
                0x08004e0c                th_pre
 .text.th_post  0x08004e0e        0x2 ./tinyml_api/submitter_implemented.o
                0x08004e0e                th_post
 .text.th_strnlen
                0x08004e10        0x4 ./tinyml_api/submitter_implemented.o
                0x08004e10                th_strnlen
 .text.th_memcpy
                0x08004e14        0x4 ./tinyml_api/submitter_implemented.o
                0x08004e14                th_memcpy
 .text.th_command_ready
                0x08004e18       0x24 ./tinyml_api/submitter_implemented.o
                0x08004e18                th_command_ready
 .text.th_printf
                0x08004e3c       0x3c ./tinyml_api/submitter_implemented.o
                0x08004e3c                th_printf
 .text.th_results
                0x08004e78       0x84 ./tinyml_api/submitter_implemented.o
                0x08004e78                th_results
 .text.th_serialport_initialize
                0x08004efc       0x10 ./tinyml_api/submitter_implemented.o
                0x08004efc                th_serialport_initialize
 .text.th_timestamp
                0x08004f0c       0x14 ./tinyml_api/submitter_implemented.o
                0x08004f0c                th_timestamp
 .text.th_timestamp_initialize
                0x08004f20       0x14 ./tinyml_api/submitter_implemented.o
                0x08004f20                th_timestamp_initialize
 .text.ai_buffer_get_size
                0x08004f34       0x68 ../Middlewares/ST/AI/Lib/NetworkRuntime810_CM7_GCC.a(ai_platform.o)
                0x08004f34                ai_buffer_get_size
 .text.ai_buffer_array_sane
                0x08004f9c       0x14 ../Middlewares/ST/AI/Lib/NetworkRuntime810_CM7_GCC.a(ai_platform.o)
                0x08004f9c                ai_buffer_array_sane
 .text.ai_buffer_array_item_set_address
                0x08004fb0       0x20 ../Middlewares/ST/AI/Lib/NetworkRuntime810_CM7_GCC.a(ai_platform.o)
                0x08004fb0                ai_buffer_array_item_set_address
 .text._ai_platform_acquire_crc
                0x08004fd0        0x4 ../Middlewares/ST/AI/Lib/NetworkRuntime810_CM7_GCC.a(ai_platform_interface.o)
                0x08004fd0                _ai_platform_acquire_crc
 .text._ai_platform_release_crc
                0x08004fd4        0x4 ../Middlewares/ST/AI/Lib/NetworkRuntime810_CM7_GCC.a(ai_platform_interface.o)
                0x08004fd4                _ai_platform_release_crc
 .text.ai_platform_get_weights_map
                0x08004fd8       0xb0 ../Middlewares/ST/AI/Lib/NetworkRuntime810_CM7_GCC.a(ai_platform_interface.o)
                0x08004fd8                ai_platform_get_weights_map
 .text.ai_platform_get_activations_map
                0x08005088       0xb0 ../Middlewares/ST/AI/Lib/NetworkRuntime810_CM7_GCC.a(ai_platform_interface.o)
                0x08005088                ai_platform_get_activations_map
 .text.ai_platform_bind_network_params
                0x08005138       0x34 ../Middlewares/ST/AI/Lib/NetworkRuntime810_CM7_GCC.a(ai_platform_interface.o)
                0x08005138                ai_platform_bind_network_params
 .text.ai_platform_network_get_error
                0x0800516c      0x218 ../Middlewares/ST/AI/Lib/NetworkRuntime810_CM7_GCC.a(ai_platform_interface.o)
                0x0800516c                ai_platform_network_get_error
 .text.ai_platform_network_set_error
                0x08005384        0xc ../Middlewares/ST/AI/Lib/NetworkRuntime810_CM7_GCC.a(ai_platform_interface.o)
                0x08005384                ai_platform_network_set_error
 .text.ai_platform_inputs_get
                0x08005390      0x318 ../Middlewares/ST/AI/Lib/NetworkRuntime810_CM7_GCC.a(ai_platform_interface.o)
                0x08005390                ai_platform_inputs_get
 .text.ai_platform_outputs_get
                0x080056a8      0x310 ../Middlewares/ST/AI/Lib/NetworkRuntime810_CM7_GCC.a(ai_platform_interface.o)
                0x080056a8                ai_platform_outputs_get
 .text.ai_platform_network_create
                0x080059b8      0x3b4 ../Middlewares/ST/AI/Lib/NetworkRuntime810_CM7_GCC.a(ai_platform_interface.o)
                0x080059b8                ai_platform_network_create
 .text.ai_platform_network_init
                0x08005d6c      0x338 ../Middlewares/ST/AI/Lib/NetworkRuntime810_CM7_GCC.a(ai_platform_interface.o)
                0x08005d6c                ai_platform_network_init
 .text.ai_platform_network_post_init
                0x080060a4      0x254 ../Middlewares/ST/AI/Lib/NetworkRuntime810_CM7_GCC.a(ai_platform_interface.o)
                0x080060a4                ai_platform_network_post_init
 .text.ai_platform_network_process
                0x080062f8      0x5b8 ../Middlewares/ST/AI/Lib/NetworkRuntime810_CM7_GCC.a(ai_platform_interface.o)
                0x080062f8                ai_platform_network_process
 .text.core_init
                0x080068b0        0x4 ../Middlewares/ST/AI/Lib/NetworkRuntime810_CM7_GCC.a(core_common.o)
                0x080068b0                core_init
 .text.core_get_error
                0x080068b4        0xc ../Middlewares/ST/AI/Lib/NetworkRuntime810_CM7_GCC.a(core_common.o)
                0x080068b4                core_get_error
 .text.core_set_error
                0x080068c0       0x18 ../Middlewares/ST/AI/Lib/NetworkRuntime810_CM7_GCC.a(core_common.o)
                0x080068c0                core_set_error
 .text.ai_check_custom_types
                0x080068d8       0x50 ../Middlewares/ST/AI/Lib/NetworkRuntime810_CM7_GCC.a(layers.o)
                0x080068d8                ai_check_custom_types
 .text.ai_layers_init_all
                0x08006928       0x1c ../Middlewares/ST/AI/Lib/NetworkRuntime810_CM7_GCC.a(layers.o)
                0x08006928                ai_layers_init_all
 .text.ai_layers_post_init_all
                0x08006944       0x28 ../Middlewares/ST/AI/Lib/NetworkRuntime810_CM7_GCC.a(layers.o)
                0x08006944                ai_layers_post_init_all
 .text.ai_layers_forward_all
                0x0800696c       0x90 ../Middlewares/ST/AI/Lib/NetworkRuntime810_CM7_GCC.a(layers.o)
                0x0800696c                ai_layers_forward_all
 .text.func_dummy
                0x080069fc        0x4 ../Middlewares/ST/AI/Lib/NetworkRuntime810_CM7_GCC.a(layers_conv2d_sssa8_ch.o)
 .text.forward_conv2d_sssa8_ch
                0x08006a00      0x2ac ../Middlewares/ST/AI/Lib/NetworkRuntime810_CM7_GCC.a(layers_conv2d_sssa8_ch.o)
                0x08006a00                forward_conv2d_sssa8_ch
 .text.forward_dense_integer_SSSA
                0x08006cac      0x2f8 ../Middlewares/ST/AI/Lib/NetworkRuntime810_CM7_GCC.a(layers_conv2d_stm32_integer.o)
                0x08006cac                forward_dense_integer_SSSA
 .text.func_dummy
                0x08006fa4        0x4 ../Middlewares/ST/AI/Lib/NetworkRuntime810_CM7_GCC.a(layers_dw_sssa8_ch.o)
 .text.forward_dw_3x3_ch1st_sssa8_ch
                0x08006fa8      0x210 ../Middlewares/ST/AI/Lib/NetworkRuntime810_CM7_GCC.a(layers_dw_sssa8_ch.o)
                0x08006fa8                forward_dw_3x3_ch1st_sssa8_ch
 .text.forward_pad
                0x080071b8       0x20 ../Middlewares/ST/AI/Lib/NetworkRuntime810_CM7_GCC.a(layers_generic_float.o)
                0x080071b8                forward_pad
 .text.forward_sm_integer
                0x080071d8       0xb8 ../Middlewares/ST/AI/Lib/NetworkRuntime810_CM7_GCC.a(layers_nl_stm32_integer.o)
                0x080071d8                forward_sm_integer
 .text.forward_pad_8bit_ch1st_3x3_constant
                0x08007290       0x64 ../Middlewares/ST/AI/Lib/NetworkRuntime810_CM7_GCC.a(layers_pad_generic.o)
                0x08007290                forward_pad_8bit_ch1st_3x3_constant
 .text.forward_pad_constant
                0x080072f4       0x94 ../Middlewares/ST/AI/Lib/NetworkRuntime810_CM7_GCC.a(layers_pad_generic.o)
                0x080072f4                forward_pad_constant
 .text.forward_pad_edge
                0x08007388       0x84 ../Middlewares/ST/AI/Lib/NetworkRuntime810_CM7_GCC.a(layers_pad_generic.o)
                0x08007388                forward_pad_edge
 .text.forward_pad_reflect
                0x0800740c       0xa0 ../Middlewares/ST/AI/Lib/NetworkRuntime810_CM7_GCC.a(layers_pad_generic.o)
                0x0800740c                forward_pad_reflect
 .text.forward_ap_integer_INT8
                0x080074ac      0x1e4 ../Middlewares/ST/AI/Lib/NetworkRuntime810_CM7_GCC.a(layers_pool_stm32_integer.o)
                0x080074ac                forward_ap_integer_INT8
 .text.func_dummy
                0x08007690        0x4 ../Middlewares/ST/AI/Lib/NetworkRuntime810_CM7_GCC.a(layers_pw_sssa8_ch.o)
 .text.forward_pw_sssa8_ch
                0x08007694      0x2a4 ../Middlewares/ST/AI/Lib/NetworkRuntime810_CM7_GCC.a(layers_pw_sssa8_ch.o)
                0x08007694                forward_pw_sssa8_ch
 .text.forward_lite_conv2d_sssa8_ch
                0x08007938      0xae0 ../Middlewares/ST/AI/Lib/NetworkRuntime810_CM7_GCC.a(forward_lite_conv2d_sssa8_ch.o)
                0x08007938                forward_lite_conv2d_sssa8_ch
 .text.st_dw_sssa8_ch_Wadapt_3x3_ch1st
                0x08008418       0x7c ../Middlewares/ST/AI/Lib/NetworkRuntime810_CM7_GCC.a(forward_lite_dw_sssa8_ch.o)
                0x08008418                st_dw_sssa8_ch_Wadapt_3x3_ch1st
 .text.forward_lite_dw_3x3_ch1st_sssa8_ch
                0x08008494      0x36c ../Middlewares/ST/AI/Lib/NetworkRuntime810_CM7_GCC.a(forward_lite_dw_sssa8_ch.o)
                0x08008494                forward_lite_dw_3x3_ch1st_sssa8_ch
 .text.forward_lite_pw_sssa8_ch
                0x08008800      0x170 ../Middlewares/ST/AI/Lib/NetworkRuntime810_CM7_GCC.a(forward_lite_pw_sssa8_ch.o)
                0x08008800                forward_lite_pw_sssa8_ch
 .text.forward_lite_nl_softmax_is8os8
                0x08008970      0x834 ../Middlewares/ST/AI/Lib/NetworkRuntime810_CM7_GCC.a(lite_nl_generic_integer.o)
                0x08008970                forward_lite_nl_softmax_is8os8
 .text.forward_lite_nl_softmax_iu8ou8
                0x080091a4      0x844 ../Middlewares/ST/AI/Lib/NetworkRuntime810_CM7_GCC.a(lite_nl_generic_integer.o)
                0x080091a4                forward_lite_nl_softmax_iu8ou8
 .text.forward_lite_pad_8bit_ch1st_3x3_constant
                0x080099e8      0x198 ../Middlewares/ST/AI/Lib/NetworkRuntime810_CM7_GCC.a(forward_lite_pad_generic.o)
                0x080099e8                forward_lite_pad_8bit_ch1st_3x3_constant
 .text.forward_lite_pad_constant
                0x08009b80      0x140 ../Middlewares/ST/AI/Lib/NetworkRuntime810_CM7_GCC.a(forward_lite_pad_generic.o)
                0x08009b80                forward_lite_pad_constant
 .text.forward_lite_pad_edge
                0x08009cc0       0xe4 ../Middlewares/ST/AI/Lib/NetworkRuntime810_CM7_GCC.a(forward_lite_pad_generic.o)
                0x08009cc0                forward_lite_pad_edge
 .text.forward_lite_pad_reflect
                0x08009da4      0x150 ../Middlewares/ST/AI/Lib/NetworkRuntime810_CM7_GCC.a(forward_lite_pad_generic.o)
                0x08009da4                forward_lite_pad_reflect
 .text.align_factor
                0x08009ef4       0xa4 ../Middlewares/ST/AI/Lib/NetworkRuntime810_CM7_GCC.a(st_convolve_reference.o)
                0x08009ef4                align_factor
 .text.align_factor_ch
                0x08009f98       0x60 ../Middlewares/ST/AI/Lib/NetworkRuntime810_CM7_GCC.a(st_convolve_reference.o)
                0x08009f98                align_factor_ch
 .text.st_sssa8_ch_convolve_rank1upd
                0x08009ff8      0x114 ../Middlewares/ST/AI/Lib/NetworkRuntime810_CM7_GCC.a(st_sssa8_ch_convolve.o)
                0x08009ff8                st_sssa8_ch_convolve_rank1upd
 .text.st_sssa8_fully_connected
                0x0800a10c      0x5f4 ../Middlewares/ST/AI/Lib/NetworkRuntime810_CM7_GCC.a(st_sssa8_dense.o)
                0x0800a10c                st_sssa8_fully_connected
 .text.st_int8_fill
                0x0800a700       0xbc ../Middlewares/ST/AI/Lib/NetworkRuntime810_CM7_GCC.a(st_int8_fill.o)
                0x0800a700                st_int8_fill
 .text.st_int8_copy
                0x0800a7bc      0x110 ../Middlewares/ST/AI/Lib/NetworkRuntime810_CM7_GCC.a(st_int8_fill.o)
                0x0800a7bc                st_int8_copy
 .text.st_int8_reordered_no_shift_zero
                0x0800a8cc       0x70 ../Middlewares/ST/AI/Lib/NetworkRuntime810_CM7_GCC.a(st_int8_reordered_no_shift.o)
                0x0800a8cc                st_int8_reordered_no_shift_zero
 .text.st_int8_to16_no_shift
                0x0800a93c       0xc4 ../Middlewares/ST/AI/Lib/NetworkRuntime810_CM7_GCC.a(st_int8_to16_no_shift.o)
                0x0800a93c                st_int8_to16_no_shift
 .text.st_int8_to16_no_shift_interleaved
                0x0800aa00       0x88 ../Middlewares/ST/AI/Lib/NetworkRuntime810_CM7_GCC.a(st_int8_to16_no_shift.o)
                0x0800aa00                st_int8_to16_no_shift_interleaved
 .text.st_int8_to16_dual
                0x0800aa88      0x1d4 ../Middlewares/ST/AI/Lib/NetworkRuntime810_CM7_GCC.a(st_int8_to16_no_shift.o)
                0x0800aa88                st_int8_to16_dual
 .text.st_int8_to16_dual_interleaved
                0x0800ac5c      0x174 ../Middlewares/ST/AI/Lib/NetworkRuntime810_CM7_GCC.a(st_int8_to16_no_shift.o)
                0x0800ac5c                st_int8_to16_dual_interleaved
 .text.ai_padding_opt_init
                0x0800add0       0xb4 ../Middlewares/ST/AI/Lib/NetworkRuntime810_CM7_GCC.a(st_padding_opt.o)
                0x0800add0                ai_padding_opt_init
 .text.ai_padding_opt_phase1
                0x0800ae84       0x34 ../Middlewares/ST/AI/Lib/NetworkRuntime810_CM7_GCC.a(st_padding_opt.o)
                0x0800ae84                ai_padding_opt_phase1
 .text.st_sssa8_ch_nn_mat_mult_kernel_opt
                0x0800aeb8      0x7d4 ../Middlewares/ST/AI/Lib/NetworkRuntime810_CM7_GCC.a(st_sssa8_ch_nn_mat_mult_kernel_opt.o)
                0x0800aeb8                st_sssa8_ch_nn_mat_mult_kernel_opt
 .text.st_sssa8_ch_nn_mat_mult_kernel_single_opt
                0x0800b68c      0x47c ../Middlewares/ST/AI/Lib/NetworkRuntime810_CM7_GCC.a(st_sssa8_ch_nn_mat_mult_kernel_opt.o)
                0x0800b68c                st_sssa8_ch_nn_mat_mult_kernel_single_opt
 .text.weights_2channels_prefetch
                0x0800bb08      0x1f0 ../Middlewares/ST/AI/Lib/NetworkRuntime810_CM7_GCC.a(st_sssa8_ch_nn_mat_mult_nt_t.o)
                0x0800bb08                weights_2channels_prefetch
 .text.st_sssa8_ch_fullW_prefetch
                0x0800bcf8       0x80 ../Middlewares/ST/AI/Lib/NetworkRuntime810_CM7_GCC.a(st_sssa8_ch_nn_mat_mult_nt_t.o)
                0x0800bcf8                st_sssa8_ch_fullW_prefetch
 .text.st_sssa8_ch_nn_mat_mult_nt_t
                0x0800bd78      0xd8c ../Middlewares/ST/AI/Lib/NetworkRuntime810_CM7_GCC.a(st_sssa8_ch_nn_mat_mult_nt_t.o)
                0x0800bd78                st_sssa8_ch_nn_mat_mult_nt_t
 .text.st_int8_avepool
                0x0800cb04      0x3b4 ../Middlewares/ST/AI/Lib/NetworkRuntime810_CM7_GCC.a(st_int8_pool.o)
                0x0800cb04                st_int8_avepool
 .text.arm_fill_q15
                0x0800ceb8       0x5c ../Middlewares/ST/AI/Lib/NetworkRuntime810_CM7_GCC.a(arm_fill_q15.o)
                0x0800ceb8                arm_fill_q15
 .text.ai_array_to_buffer_fmt
                0x0800cf14       0xd8 ../Middlewares/ST/AI/Lib/NetworkRuntime810_CM7_GCC.a(ai_datatypes_format.o)
                0x0800cf14                ai_array_to_buffer_fmt
 .text.ai_array_get_byte_size
                0x0800cfec       0x50 ../Middlewares/ST/AI/Lib/NetworkRuntime810_CM7_GCC.a(ai_datatypes_format.o)
                0x0800cfec                ai_array_get_byte_size
 .text.ai_array_get_data_byte_size
                0x0800d03c       0x20 ../Middlewares/ST/AI/Lib/NetworkRuntime810_CM7_GCC.a(ai_datatypes_format.o)
                0x0800d03c                ai_array_get_data_byte_size
 .text.ai_version_get
                0x0800d05c        0xc ../Middlewares/ST/AI/Lib/NetworkRuntime810_CM7_GCC.a(ai_datatypes_internal.o)
                0x0800d05c                ai_version_get
 .text.get_tensor_byte_size
                0x0800d068       0x2c ../Middlewares/ST/AI/Lib/NetworkRuntime810_CM7_GCC.a(ai_datatypes_internal.o)
                0x0800d068                get_tensor_byte_size
 .text.atoi     0x0800d094        0x8 /opt/st/stm32cubeide_1.15.1/plugins/com.st.stm32cube.ide.mcu.externaltools.gnu-tools-for-stm32.12.3.rel1.linux64_1.0.100.202403111256/tools/bin/../lib/gcc/arm-none-eabi/12.3.1/../../../../arm-none-eabi/lib/thumb/v7e-m+dp/hard/libc_nano.a(libc_a-atoi.o)
                0x0800d094                atoi
 .text.malloc   0x0800d09c       0x10 /opt/st/stm32cubeide_1.15.1/plugins/com.st.stm32cube.ide.mcu.externaltools.gnu-tools-for-stm32.12.3.rel1.linux64_1.0.100.202403111256/tools/bin/../lib/gcc/arm-none-eabi/12.3.1/../../../../arm-none-eabi/lib/thumb/v7e-m+dp/hard/libc_nano.a(libc_a-malloc.o)
                0x0800d09c                malloc
 .text.sbrk_aligned
                0x0800d0ac       0x44 /opt/st/stm32cubeide_1.15.1/plugins/com.st.stm32cube.ide.mcu.externaltools.gnu-tools-for-stm32.12.3.rel1.linux64_1.0.100.202403111256/tools/bin/../lib/gcc/arm-none-eabi/12.3.1/../../../../arm-none-eabi/lib/thumb/v7e-m+dp/hard/libc_nano.a(libc_a-mallocr.o)
 .text._malloc_r
                0x0800d0f0      0x100 /opt/st/stm32cubeide_1.15.1/plugins/com.st.stm32cube.ide.mcu.externaltools.gnu-tools-for-stm32.12.3.rel1.linux64_1.0.100.202403111256/tools/bin/../lib/gcc/arm-none-eabi/12.3.1/../../../../arm-none-eabi/lib/thumb/v7e-m+dp/hard/libc_nano.a(libc_a-mallocr.o)
                0x0800d0f0                _malloc_r
 .text.__malloc_lock
                0x0800d1f0        0xc /opt/st/stm32cubeide_1.15.1/plugins/com.st.stm32cube.ide.mcu.externaltools.gnu-tools-for-stm32.12.3.rel1.linux64_1.0.100.202403111256/tools/bin/../lib/gcc/arm-none-eabi/12.3.1/../../../../arm-none-eabi/lib/thumb/v7e-m+dp/hard/libc_nano.a(libc_a-mlock.o)
                0x0800d1f0                __malloc_lock
 .text.__malloc_unlock
                0x0800d1fc        0xc /opt/st/stm32cubeide_1.15.1/plugins/com.st.stm32cube.ide.mcu.externaltools.gnu-tools-for-stm32.12.3.rel1.linux64_1.0.100.202403111256/tools/bin/../lib/gcc/arm-none-eabi/12.3.1/../../../../arm-none-eabi/lib/thumb/v7e-m+dp/hard/libc_nano.a(libc_a-mlock.o)
                0x0800d1fc                __malloc_unlock
 .text._realloc_r
                0x0800d208       0x5c /opt/st/stm32cubeide_1.15.1/plugins/com.st.stm32cube.ide.mcu.externaltools.gnu-tools-for-stm32.12.3.rel1.linux64_1.0.100.202403111256/tools/bin/../lib/gcc/arm-none-eabi/12.3.1/../../../../arm-none-eabi/lib/thumb/v7e-m+dp/hard/libc_nano.a(libc_a-reallocr.o)
                0x0800d208                _realloc_r
 .text._strtol_l.constprop.0
                0x0800d264       0xf4 /opt/st/stm32cubeide_1.15.1/plugins/com.st.stm32cube.ide.mcu.externaltools.gnu-tools-for-stm32.12.3.rel1.linux64_1.0.100.202403111256/tools/bin/../lib/gcc/arm-none-eabi/12.3.1/../../../../arm-none-eabi/lib/thumb/v7e-m+dp/hard/libc_nano.a(libc_a-strtol.o)
 .text.strtol   0x0800d358       0x14 /opt/st/stm32cubeide_1.15.1/plugins/com.st.stm32cube.ide.mcu.externaltools.gnu-tools-for-stm32.12.3.rel1.linux64_1.0.100.202403111256/tools/bin/../lib/gcc/arm-none-eabi/12.3.1/../../../../arm-none-eabi/lib/thumb/v7e-m+dp/hard/libc_nano.a(libc_a-strtol.o)
                0x0800d358                strtol
 .text.__cvt    0x0800d36c       0xa8 /opt/st/stm32cubeide_1.15.1/plugins/com.st.stm32cube.ide.mcu.externaltools.gnu-tools-for-stm32.12.3.rel1.linux64_1.0.100.202403111256/tools/bin/../lib/gcc/arm-none-eabi/12.3.1/../../../../arm-none-eabi/lib/thumb/v7e-m+dp/hard/libc_nano.a(libc_a-nano-vfprintf_float.o)
                0x0800d36c                __cvt
 .text.__exponent
                0x0800d414       0x74 /opt/st/stm32cubeide_1.15.1/plugins/com.st.stm32cube.ide.mcu.externaltools.gnu-tools-for-stm32.12.3.rel1.linux64_1.0.100.202403111256/tools/bin/../lib/gcc/arm-none-eabi/12.3.1/../../../../arm-none-eabi/lib/thumb/v7e-m+dp/hard/libc_nano.a(libc_a-nano-vfprintf_float.o)
                0x0800d414                __exponent
 .text._printf_float
                0x0800d488      0x434 /opt/st/stm32cubeide_1.15.1/plugins/com.st.stm32cube.ide.mcu.externaltools.gnu-tools-for-stm32.12.3.rel1.linux64_1.0.100.202403111256/tools/bin/../lib/gcc/arm-none-eabi/12.3.1/../../../../arm-none-eabi/lib/thumb/v7e-m+dp/hard/libc_nano.a(libc_a-nano-vfprintf_float.o)
                0x0800d488                _printf_float
 .text._printf_common
                0x0800d8bc       0xda /opt/st/stm32cubeide_1.15.1/plugins/com.st.stm32cube.ide.mcu.externaltools.gnu-tools-for-stm32.12.3.rel1.linux64_1.0.100.202403111256/tools/bin/../lib/gcc/arm-none-eabi/12.3.1/../../../../arm-none-eabi/lib/thumb/v7e-m+dp/hard/libc_nano.a(libc_a-nano-vfprintf_i.o)
                0x0800d8bc                _printf_common
 *fill*         0x0800d996        0x2 
 .text._printf_i
                0x0800d998      0x240 /opt/st/stm32cubeide_1.15.1/plugins/com.st.stm32cube.ide.mcu.externaltools.gnu-tools-for-stm32.12.3.rel1.linux64_1.0.100.202403111256/tools/bin/../lib/gcc/arm-none-eabi/12.3.1/../../../../arm-none-eabi/lib/thumb/v7e-m+dp/hard/libc_nano.a(libc_a-nano-vfprintf_i.o)
                0x0800d998                _printf_i
 .text.std      0x0800dbd8       0x6c /opt/st/stm32cubeide_1.15.1/plugins/com.st.stm32cube.ide.mcu.externaltools.gnu-tools-for-stm32.12.3.rel1.linux64_1.0.100.202403111256/tools/bin/../lib/gcc/arm-none-eabi/12.3.1/../../../../arm-none-eabi/lib/thumb/v7e-m+dp/hard/libc_nano.a(libc_a-findfp.o)
 .text.stdio_exit_handler
                0x0800dc44       0x18 /opt/st/stm32cubeide_1.15.1/plugins/com.st.stm32cube.ide.mcu.externaltools.gnu-tools-for-stm32.12.3.rel1.linux64_1.0.100.202403111256/tools/bin/../lib/gcc/arm-none-eabi/12.3.1/../../../../arm-none-eabi/lib/thumb/v7e-m+dp/hard/libc_nano.a(libc_a-findfp.o)
 .text.cleanup_stdio
                0x0800dc5c       0x40 /opt/st/stm32cubeide_1.15.1/plugins/com.st.stm32cube.ide.mcu.externaltools.gnu-tools-for-stm32.12.3.rel1.linux64_1.0.100.202403111256/tools/bin/../lib/gcc/arm-none-eabi/12.3.1/../../../../arm-none-eabi/lib/thumb/v7e-m+dp/hard/libc_nano.a(libc_a-findfp.o)
 .text.global_stdio_init.part.0
                0x0800dc9c       0x3c /opt/st/stm32cubeide_1.15.1/plugins/com.st.stm32cube.ide.mcu.externaltools.gnu-tools-for-stm32.12.3.rel1.linux64_1.0.100.202403111256/tools/bin/../lib/gcc/arm-none-eabi/12.3.1/../../../../arm-none-eabi/lib/thumb/v7e-m+dp/hard/libc_nano.a(libc_a-findfp.o)
 .text.__sfp_lock_acquire
                0x0800dcd8        0xc /opt/st/stm32cubeide_1.15.1/plugins/com.st.stm32cube.ide.mcu.externaltools.gnu-tools-for-stm32.12.3.rel1.linux64_1.0.100.202403111256/tools/bin/../lib/gcc/arm-none-eabi/12.3.1/../../../../arm-none-eabi/lib/thumb/v7e-m+dp/hard/libc_nano.a(libc_a-findfp.o)
                0x0800dcd8                __sfp_lock_acquire
 .text.__sfp_lock_release
                0x0800dce4        0xc /opt/st/stm32cubeide_1.15.1/plugins/com.st.stm32cube.ide.mcu.externaltools.gnu-tools-for-stm32.12.3.rel1.linux64_1.0.100.202403111256/tools/bin/../lib/gcc/arm-none-eabi/12.3.1/../../../../arm-none-eabi/lib/thumb/v7e-m+dp/hard/libc_nano.a(libc_a-findfp.o)
                0x0800dce4                __sfp_lock_release
 .text.__sinit  0x0800dcf0       0x30 /opt/st/stm32cubeide_1.15.1/plugins/com.st.stm32cube.ide.mcu.externaltools.gnu-tools-for-stm32.12.3.rel1.linux64_1.0.100.202403111256/tools/bin/../lib/gcc/arm-none-eabi/12.3.1/../../../../arm-none-eabi/lib/thumb/v7e-m+dp/hard/libc_nano.a(libc_a-findfp.o)
                0x0800dcf0                __sinit
 .text._fwalk_sglue
                0x0800dd20       0x3c /opt/st/stm32cubeide_1.15.1/plugins/com.st.stm32cube.ide.mcu.externaltools.gnu-tools-for-stm32.12.3.rel1.linux64_1.0.100.202403111256/tools/bin/../lib/gcc/arm-none-eabi/12.3.1/../../../../arm-none-eabi/lib/thumb/v7e-m+dp/hard/libc_nano.a(libc_a-fwalk.o)
                0x0800dd20                _fwalk_sglue
 .text.snprintf
                0x0800dd5c       0x68 /opt/st/stm32cubeide_1.15.1/plugins/com.st.stm32cube.ide.mcu.externaltools.gnu-tools-for-stm32.12.3.rel1.linux64_1.0.100.202403111256/tools/bin/../lib/gcc/arm-none-eabi/12.3.1/../../../../arm-none-eabi/lib/thumb/v7e-m+dp/hard/libc_nano.a(libc_a-snprintf.o)
                0x0800dd5c                snprintf
                0x0800dd5c                sniprintf
 .text.__sread  0x0800ddc4       0x22 /opt/st/stm32cubeide_1.15.1/plugins/com.st.stm32cube.ide.mcu.externaltools.gnu-tools-for-stm32.12.3.rel1.linux64_1.0.100.202403111256/tools/bin/../lib/gcc/arm-none-eabi/12.3.1/../../../../arm-none-eabi/lib/thumb/v7e-m+dp/hard/libc_nano.a(libc_a-stdio.o)
                0x0800ddc4                __sread
 .text.__swrite
                0x0800dde6       0x38 /opt/st/stm32cubeide_1.15.1/plugins/com.st.stm32cube.ide.mcu.externaltools.gnu-tools-for-stm32.12.3.rel1.linux64_1.0.100.202403111256/tools/bin/../lib/gcc/arm-none-eabi/12.3.1/../../../../arm-none-eabi/lib/thumb/v7e-m+dp/hard/libc_nano.a(libc_a-stdio.o)
                0x0800dde6                __swrite
 .text.__sseek  0x0800de1e       0x24 /opt/st/stm32cubeide_1.15.1/plugins/com.st.stm32cube.ide.mcu.externaltools.gnu-tools-for-stm32.12.3.rel1.linux64_1.0.100.202403111256/tools/bin/../lib/gcc/arm-none-eabi/12.3.1/../../../../arm-none-eabi/lib/thumb/v7e-m+dp/hard/libc_nano.a(libc_a-stdio.o)
                0x0800de1e                __sseek
 .text.__sclose
                0x0800de42        0x8 /opt/st/stm32cubeide_1.15.1/plugins/com.st.stm32cube.ide.mcu.externaltools.gnu-tools-for-stm32.12.3.rel1.linux64_1.0.100.202403111256/tools/bin/../lib/gcc/arm-none-eabi/12.3.1/../../../../arm-none-eabi/lib/thumb/v7e-m+dp/hard/libc_nano.a(libc_a-stdio.o)
                0x0800de42                __sclose
 .text._vsnprintf_r
                0x0800de4a       0x56 /opt/st/stm32cubeide_1.15.1/plugins/com.st.stm32cube.ide.mcu.externaltools.gnu-tools-for-stm32.12.3.rel1.linux64_1.0.100.202403111256/tools/bin/../lib/gcc/arm-none-eabi/12.3.1/../../../../arm-none-eabi/lib/thumb/v7e-m+dp/hard/libc_nano.a(libc_a-vsnprintf.o)
                0x0800de4a                _vsnprintf_r
                0x0800de4a                _vsniprintf_r
 .text.vsnprintf
                0x0800dea0       0x1c /opt/st/stm32cubeide_1.15.1/plugins/com.st.stm32cube.ide.mcu.externaltools.gnu-tools-for-stm32.12.3.rel1.linux64_1.0.100.202403111256/tools/bin/../lib/gcc/arm-none-eabi/12.3.1/../../../../arm-none-eabi/lib/thumb/v7e-m+dp/hard/libc_nano.a(libc_a-vsnprintf.o)
                0x0800dea0                vsnprintf
                0x0800dea0                vsniprintf
 .text.memmove  0x0800debc       0x34 /opt/st/stm32cubeide_1.15.1/plugins/com.st.stm32cube.ide.mcu.externaltools.gnu-tools-for-stm32.12.3.rel1.linux64_1.0.100.202403111256/tools/bin/../lib/gcc/arm-none-eabi/12.3.1/../../../../arm-none-eabi/lib/thumb/v7e-m+dp/hard/libc_nano.a(libc_a-memmove.o)
                0x0800debc                memmove
 .text.memset   0x0800def0       0x10 /opt/st/stm32cubeide_1.15.1/plugins/com.st.stm32cube.ide.mcu.externaltools.gnu-tools-for-stm32.12.3.rel1.linux64_1.0.100.202403111256/tools/bin/../lib/gcc/arm-none-eabi/12.3.1/../../../../arm-none-eabi/lib/thumb/v7e-m+dp/hard/libc_nano.a(libc_a-memset.o)
                0x0800def0                memset
 .text.strnlen  0x0800df00       0x18 /opt/st/stm32cubeide_1.15.1/plugins/com.st.stm32cube.ide.mcu.externaltools.gnu-tools-for-stm32.12.3.rel1.linux64_1.0.100.202403111256/tools/bin/../lib/gcc/arm-none-eabi/12.3.1/../../../../arm-none-eabi/lib/thumb/v7e-m+dp/hard/libc_nano.a(libc_a-strnlen.o)
                0x0800df00                strnlen
 .text.strtok   0x0800df18       0x68 /opt/st/stm32cubeide_1.15.1/plugins/com.st.stm32cube.ide.mcu.externaltools.gnu-tools-for-stm32.12.3.rel1.linux64_1.0.100.202403111256/tools/bin/../lib/gcc/arm-none-eabi/12.3.1/../../../../arm-none-eabi/lib/thumb/v7e-m+dp/hard/libc_nano.a(libc_a-strtok.o)
                0x0800df18                strtok
 .text.__strtok_r
                0x0800df80       0x50 /opt/st/stm32cubeide_1.15.1/plugins/com.st.stm32cube.ide.mcu.externaltools.gnu-tools-for-stm32.12.3.rel1.linux64_1.0.100.202403111256/tools/bin/../lib/gcc/arm-none-eabi/12.3.1/../../../../arm-none-eabi/lib/thumb/v7e-m+dp/hard/libc_nano.a(libc_a-strtok_r.o)
                0x0800df80                __strtok_r
 .text._localeconv_r
                0x0800dfd0        0x8 /opt/st/stm32cubeide_1.15.1/plugins/com.st.stm32cube.ide.mcu.externaltools.gnu-tools-for-stm32.12.3.rel1.linux64_1.0.100.202403111256/tools/bin/../lib/gcc/arm-none-eabi/12.3.1/../../../../arm-none-eabi/lib/thumb/v7e-m+dp/hard/libc_nano.a(libc_a-localeconv.o)
                0x0800dfd0                _localeconv_r
 .text._close_r
                0x0800dfd8       0x20 /opt/st/stm32cubeide_1.15.1/plugins/com.st.stm32cube.ide.mcu.externaltools.gnu-tools-for-stm32.12.3.rel1.linux64_1.0.100.202403111256/tools/bin/../lib/gcc/arm-none-eabi/12.3.1/../../../../arm-none-eabi/lib/thumb/v7e-m+dp/hard/libc_nano.a(libc_a-closer.o)
                0x0800dfd8                _close_r
 .text._lseek_r
                0x0800dff8       0x24 /opt/st/stm32cubeide_1.15.1/plugins/com.st.stm32cube.ide.mcu.externaltools.gnu-tools-for-stm32.12.3.rel1.linux64_1.0.100.202403111256/tools/bin/../lib/gcc/arm-none-eabi/12.3.1/../../../../arm-none-eabi/lib/thumb/v7e-m+dp/hard/libc_nano.a(libc_a-lseekr.o)
                0x0800dff8                _lseek_r
 .text._read_r  0x0800e01c       0x24 /opt/st/stm32cubeide_1.15.1/plugins/com.st.stm32cube.ide.mcu.externaltools.gnu-tools-for-stm32.12.3.rel1.linux64_1.0.100.202403111256/tools/bin/../lib/gcc/arm-none-eabi/12.3.1/../../../../arm-none-eabi/lib/thumb/v7e-m+dp/hard/libc_nano.a(libc_a-readr.o)
                0x0800e01c                _read_r
 .text._sbrk_r  0x0800e040       0x20 /opt/st/stm32cubeide_1.15.1/plugins/com.st.stm32cube.ide.mcu.externaltools.gnu-tools-for-stm32.12.3.rel1.linux64_1.0.100.202403111256/tools/bin/../lib/gcc/arm-none-eabi/12.3.1/../../../../arm-none-eabi/lib/thumb/v7e-m+dp/hard/libc_nano.a(libc_a-sbrkr.o)
                0x0800e040                _sbrk_r
 .text._write_r
                0x0800e060       0x24 /opt/st/stm32cubeide_1.15.1/plugins/com.st.stm32cube.ide.mcu.externaltools.gnu-tools-for-stm32.12.3.rel1.linux64_1.0.100.202403111256/tools/bin/../lib/gcc/arm-none-eabi/12.3.1/../../../../arm-none-eabi/lib/thumb/v7e-m+dp/hard/libc_nano.a(libc_a-writer.o)
                0x0800e060                _write_r
 .text.__errno  0x0800e084        0xc /opt/st/stm32cubeide_1.15.1/plugins/com.st.stm32cube.ide.mcu.externaltools.gnu-tools-for-stm32.12.3.rel1.linux64_1.0.100.202403111256/tools/bin/../lib/gcc/arm-none-eabi/12.3.1/../../../../arm-none-eabi/lib/thumb/v7e-m+dp/hard/libc_nano.a(libc_a-errno.o)
                0x0800e084                __errno
 .text.__libc_init_array
                0x0800e090       0x48 /opt/st/stm32cubeide_1.15.1/plugins/com.st.stm32cube.ide.mcu.externaltools.gnu-tools-for-stm32.12.3.rel1.linux64_1.0.100.202403111256/tools/bin/../lib/gcc/arm-none-eabi/12.3.1/../../../../arm-none-eabi/lib/thumb/v7e-m+dp/hard/libc_nano.a(libc_a-init.o)
                0x0800e090                __libc_init_array
 .text.__retarget_lock_init_recursive
                0x0800e0d8        0x2 /opt/st/stm32cubeide_1.15.1/plugins/com.st.stm32cube.ide.mcu.externaltools.gnu-tools-for-stm32.12.3.rel1.linux64_1.0.100.202403111256/tools/bin/../lib/gcc/arm-none-eabi/12.3.1/../../../../arm-none-eabi/lib/thumb/v7e-m+dp/hard/libc_nano.a(libc_a-lock.o)
                0x0800e0d8                __retarget_lock_init_recursive
 .text.__retarget_lock_acquire_recursive
                0x0800e0da        0x2 /opt/st/stm32cubeide_1.15.1/plugins/com.st.stm32cube.ide.mcu.externaltools.gnu-tools-for-stm32.12.3.rel1.linux64_1.0.100.202403111256/tools/bin/../lib/gcc/arm-none-eabi/12.3.1/../../../../arm-none-eabi/lib/thumb/v7e-m+dp/hard/libc_nano.a(libc_a-lock.o)
                0x0800e0da                __retarget_lock_acquire_recursive
 .text.__retarget_lock_release_recursive
                0x0800e0dc        0x2 /opt/st/stm32cubeide_1.15.1/plugins/com.st.stm32cube.ide.mcu.externaltools.gnu-tools-for-stm32.12.3.rel1.linux64_1.0.100.202403111256/tools/bin/../lib/gcc/arm-none-eabi/12.3.1/../../../../arm-none-eabi/lib/thumb/v7e-m+dp/hard/libc_nano.a(libc_a-lock.o)
                0x0800e0dc                __retarget_lock_release_recursive
 .text.memcpy   0x0800e0de       0x1c /opt/st/stm32cubeide_1.15.1/plugins/com.st.stm32cube.ide.mcu.externaltools.gnu-tools-for-stm32.12.3.rel1.linux64_1.0.100.202403111256/tools/bin/../lib/gcc/arm-none-eabi/12.3.1/../../../../arm-none-eabi/lib/thumb/v7e-m+dp/hard/libc_nano.a(libc_a-memcpy-stub.o)
                0x0800e0de                memcpy
 *fill*         0x0800e0fa        0x2 
 .text.__assert_func
                0x0800e0fc       0x3c /opt/st/stm32cubeide_1.15.1/plugins/com.st.stm32cube.ide.mcu.externaltools.gnu-tools-for-stm32.12.3.rel1.linux64_1.0.100.202403111256/tools/bin/../lib/gcc/arm-none-eabi/12.3.1/../../../../arm-none-eabi/lib/thumb/v7e-m+dp/hard/libc_nano.a(libc_a-assert.o)
                0x0800e0fc                __assert_func
 .text.quorem   0x0800e138      0x110 /opt/st/stm32cubeide_1.15.1/plugins/com.st.stm32cube.ide.mcu.externaltools.gnu-tools-for-stm32.12.3.rel1.linux64_1.0.100.202403111256/tools/bin/../lib/gcc/arm-none-eabi/12.3.1/../../../../arm-none-eabi/lib/thumb/v7e-m+dp/hard/libc_nano.a(libc_a-dtoa.o)
 .text._dtoa_r  0x0800e248      0xaac /opt/st/stm32cubeide_1.15.1/plugins/com.st.stm32cube.ide.mcu.externaltools.gnu-tools-for-stm32.12.3.rel1.linux64_1.0.100.202403111256/tools/bin/../lib/gcc/arm-none-eabi/12.3.1/../../../../arm-none-eabi/lib/thumb/v7e-m+dp/hard/libc_nano.a(libc_a-dtoa.o)
                0x0800e248                _dtoa_r
 .text._free_r  0x0800ecf4       0x94 /opt/st/stm32cubeide_1.15.1/plugins/com.st.stm32cube.ide.mcu.externaltools.gnu-tools-for-stm32.12.3.rel1.linux64_1.0.100.202403111256/tools/bin/../lib/gcc/arm-none-eabi/12.3.1/../../../../arm-none-eabi/lib/thumb/v7e-m+dp/hard/libc_nano.a(libc_a-freer.o)
                0x0800ecf4                _free_r
 .text._Balloc  0x0800ed88       0x80 /opt/st/stm32cubeide_1.15.1/plugins/com.st.stm32cube.ide.mcu.externaltools.gnu-tools-for-stm32.12.3.rel1.linux64_1.0.100.202403111256/tools/bin/../lib/gcc/arm-none-eabi/12.3.1/../../../../arm-none-eabi/lib/thumb/v7e-m+dp/hard/libc_nano.a(libc_a-mprec.o)
                0x0800ed88                _Balloc
 .text._Bfree   0x0800ee08       0x44 /opt/st/stm32cubeide_1.15.1/plugins/com.st.stm32cube.ide.mcu.externaltools.gnu-tools-for-stm32.12.3.rel1.linux64_1.0.100.202403111256/tools/bin/../lib/gcc/arm-none-eabi/12.3.1/../../../../arm-none-eabi/lib/thumb/v7e-m+dp/hard/libc_nano.a(libc_a-mprec.o)
                0x0800ee08                _Bfree
 .text.__multadd
                0x0800ee4c       0x8c /opt/st/stm32cubeide_1.15.1/plugins/com.st.stm32cube.ide.mcu.externaltools.gnu-tools-for-stm32.12.3.rel1.linux64_1.0.100.202403111256/tools/bin/../lib/gcc/arm-none-eabi/12.3.1/../../../../arm-none-eabi/lib/thumb/v7e-m+dp/hard/libc_nano.a(libc_a-mprec.o)
                0x0800ee4c                __multadd
 .text.__hi0bits
                0x0800eed8       0x3e /opt/st/stm32cubeide_1.15.1/plugins/com.st.stm32cube.ide.mcu.externaltools.gnu-tools-for-stm32.12.3.rel1.linux64_1.0.100.202403111256/tools/bin/../lib/gcc/arm-none-eabi/12.3.1/../../../../arm-none-eabi/lib/thumb/v7e-m+dp/hard/libc_nano.a(libc_a-mprec.o)
                0x0800eed8                __hi0bits
 .text.__lo0bits
                0x0800ef16       0x5a /opt/st/stm32cubeide_1.15.1/plugins/com.st.stm32cube.ide.mcu.externaltools.gnu-tools-for-stm32.12.3.rel1.linux64_1.0.100.202403111256/tools/bin/../lib/gcc/arm-none-eabi/12.3.1/../../../../arm-none-eabi/lib/thumb/v7e-m+dp/hard/libc_nano.a(libc_a-mprec.o)
                0x0800ef16                __lo0bits
 .text.__i2b    0x0800ef70       0x2c /opt/st/stm32cubeide_1.15.1/plugins/com.st.stm32cube.ide.mcu.externaltools.gnu-tools-for-stm32.12.3.rel1.linux64_1.0.100.202403111256/tools/bin/../lib/gcc/arm-none-eabi/12.3.1/../../../../arm-none-eabi/lib/thumb/v7e-m+dp/hard/libc_nano.a(libc_a-mprec.o)
                0x0800ef70                __i2b
 .text.__multiply
                0x0800ef9c      0x154 /opt/st/stm32cubeide_1.15.1/plugins/com.st.stm32cube.ide.mcu.externaltools.gnu-tools-for-stm32.12.3.rel1.linux64_1.0.100.202403111256/tools/bin/../lib/gcc/arm-none-eabi/12.3.1/../../../../arm-none-eabi/lib/thumb/v7e-m+dp/hard/libc_nano.a(libc_a-mprec.o)
                0x0800ef9c                __multiply
 .text.__pow5mult
                0x0800f0f0       0xb4 /opt/st/stm32cubeide_1.15.1/plugins/com.st.stm32cube.ide.mcu.externaltools.gnu-tools-for-stm32.12.3.rel1.linux64_1.0.100.202403111256/tools/bin/../lib/gcc/arm-none-eabi/12.3.1/../../../../arm-none-eabi/lib/thumb/v7e-m+dp/hard/libc_nano.a(libc_a-mprec.o)
                0x0800f0f0                __pow5mult
 .text.__lshift
                0x0800f1a4       0xd8 /opt/st/stm32cubeide_1.15.1/plugins/com.st.stm32cube.ide.mcu.externaltools.gnu-tools-for-stm32.12.3.rel1.linux64_1.0.100.202403111256/tools/bin/../lib/gcc/arm-none-eabi/12.3.1/../../../../arm-none-eabi/lib/thumb/v7e-m+dp/hard/libc_nano.a(libc_a-mprec.o)
                0x0800f1a4                __lshift
 .text.__mcmp   0x0800f27c       0x36 /opt/st/stm32cubeide_1.15.1/plugins/com.st.stm32cube.ide.mcu.externaltools.gnu-tools-for-stm32.12.3.rel1.linux64_1.0.100.202403111256/tools/bin/../lib/gcc/arm-none-eabi/12.3.1/../../../../arm-none-eabi/lib/thumb/v7e-m+dp/hard/libc_nano.a(libc_a-mprec.o)
                0x0800f27c                __mcmp
 *fill*         0x0800f2b2        0x2 
 .text.__mdiff  0x0800f2b4      0x128 /opt/st/stm32cubeide_1.15.1/plugins/com.st.stm32cube.ide.mcu.externaltools.gnu-tools-for-stm32.12.3.rel1.linux64_1.0.100.202403111256/tools/bin/../lib/gcc/arm-none-eabi/12.3.1/../../../../arm-none-eabi/lib/thumb/v7e-m+dp/hard/libc_nano.a(libc_a-mprec.o)
                0x0800f2b4                __mdiff
 .text.__d2b    0x0800f3dc       0xb0 /opt/st/stm32cubeide_1.15.1/plugins/com.st.stm32cube.ide.mcu.externaltools.gnu-tools-for-stm32.12.3.rel1.linux64_1.0.100.202403111256/tools/bin/../lib/gcc/arm-none-eabi/12.3.1/../../../../arm-none-eabi/lib/thumb/v7e-m+dp/hard/libc_nano.a(libc_a-mprec.o)
                0x0800f3dc                __d2b
 .text._malloc_usable_size_r
                0x0800f48c       0x10 /opt/st/stm32cubeide_1.15.1/plugins/com.st.stm32cube.ide.mcu.externaltools.gnu-tools-for-stm32.12.3.rel1.linux64_1.0.100.202403111256/tools/bin/../lib/gcc/arm-none-eabi/12.3.1/../../../../arm-none-eabi/lib/thumb/v7e-m+dp/hard/libc_nano.a(libc_a-msizer.o)
                0x0800f48c                _malloc_usable_size_r
 .text.__ssputs_r
                0x0800f49c       0xb6 /opt/st/stm32cubeide_1.15.1/plugins/com.st.stm32cube.ide.mcu.externaltools.gnu-tools-for-stm32.12.3.rel1.linux64_1.0.100.202403111256/tools/bin/../lib/gcc/arm-none-eabi/12.3.1/../../../../arm-none-eabi/lib/thumb/v7e-m+dp/hard/libc_nano.a(libc_a-nano-svfprintf.o)
                0x0800f49c                __ssputs_r
 *fill*         0x0800f552        0x2 
 .text._svfprintf_r
                0x0800f554      0x1f8 /opt/st/stm32cubeide_1.15.1/plugins/com.st.stm32cube.ide.mcu.externaltools.gnu-tools-for-stm32.12.3.rel1.linux64_1.0.100.202403111256/tools/bin/../lib/gcc/arm-none-eabi/12.3.1/../../../../arm-none-eabi/lib/thumb/v7e-m+dp/hard/libc_nano.a(libc_a-nano-svfprintf.o)
                0x0800f554                _svfprintf_r
                0x0800f554                _svfiprintf_r
 .text.__sfputc_r
                0x0800f74c       0x2e /opt/st/stm32cubeide_1.15.1/plugins/com.st.stm32cube.ide.mcu.externaltools.gnu-tools-for-stm32.12.3.rel1.linux64_1.0.100.202403111256/tools/bin/../lib/gcc/arm-none-eabi/12.3.1/../../../../arm-none-eabi/lib/thumb/v7e-m+dp/hard/libc_nano.a(libc_a-nano-vfprintf.o)
 .text.__sfputs_r
                0x0800f77a       0x24 /opt/st/stm32cubeide_1.15.1/plugins/com.st.stm32cube.ide.mcu.externaltools.gnu-tools-for-stm32.12.3.rel1.linux64_1.0.100.202403111256/tools/bin/../lib/gcc/arm-none-eabi/12.3.1/../../../../arm-none-eabi/lib/thumb/v7e-m+dp/hard/libc_nano.a(libc_a-nano-vfprintf.o)
                0x0800f77a                __sfputs_r
 *fill*         0x0800f79e        0x2 
 .text._vfprintf_r
                0x0800f7a0      0x230 /opt/st/stm32cubeide_1.15.1/plugins/com.st.stm32cube.ide.mcu.externaltools.gnu-tools-for-stm32.12.3.rel1.linux64_1.0.100.202403111256/tools/bin/../lib/gcc/arm-none-eabi/12.3.1/../../../../arm-none-eabi/lib/thumb/v7e-m+dp/hard/libc_nano.a(libc_a-nano-vfprintf.o)
                0x0800f7a0                _vfiprintf_r
                0x0800f7a0                _vfprintf_r
 .text.__sflush_r
                0x0800f9d0      0x108 /opt/st/stm32cubeide_1.15.1/plugins/com.st.stm32cube.ide.mcu.externaltools.gnu-tools-for-stm32.12.3.rel1.linux64_1.0.100.202403111256/tools/bin/../lib/gcc/arm-none-eabi/12.3.1/../../../../arm-none-eabi/lib/thumb/v7e-m+dp/hard/libc_nano.a(libc_a-fflush.o)
                0x0800f9d0                __sflush_r
 .text._fflush_r
                0x0800fad8       0x50 /opt/st/stm32cubeide_1.15.1/plugins/com.st.stm32cube.ide.mcu.externaltools.gnu-tools-for-stm32.12.3.rel1.linux64_1.0.100.202403111256/tools/bin/../lib/gcc/arm-none-eabi/12.3.1/../../../../arm-none-eabi/lib/thumb/v7e-m+dp/hard/libc_nano.a(libc_a-fflush.o)
                0x0800fad8                _fflush_r
 .text.fprintf  0x0800fb28       0x24 /opt/st/stm32cubeide_1.15.1/plugins/com.st.stm32cube.ide.mcu.externaltools.gnu-tools-for-stm32.12.3.rel1.linux64_1.0.100.202403111256/tools/bin/../lib/gcc/arm-none-eabi/12.3.1/../../../../arm-none-eabi/lib/thumb/v7e-m+dp/hard/libc_nano.a(libc_a-fprintf.o)
                0x0800fb28                fprintf
                0x0800fb28                fiprintf
 .text.__swbuf_r
                0x0800fb4c       0x7c /opt/st/stm32cubeide_1.15.1/plugins/com.st.stm32cube.ide.mcu.externaltools.gnu-tools-for-stm32.12.3.rel1.linux64_1.0.100.202403111256/tools/bin/../lib/gcc/arm-none-eabi/12.3.1/../../../../arm-none-eabi/lib/thumb/v7e-m+dp/hard/libc_nano.a(libc_a-wbuf.o)
                0x0800fb4c                __swbuf_r
 .text.__swsetup_r
                0x0800fbc8       0xac /opt/st/stm32cubeide_1.15.1/plugins/com.st.stm32cube.ide.mcu.externaltools.gnu-tools-for-stm32.12.3.rel1.linux64_1.0.100.202403111256/tools/bin/../lib/gcc/arm-none-eabi/12.3.1/../../../../arm-none-eabi/lib/thumb/v7e-m+dp/hard/libc_nano.a(libc_a-wsetup.o)
                0x0800fbc8                __swsetup_r
 .text.abort    0x0800fc74        0xe /opt/st/stm32cubeide_1.15.1/plugins/com.st.stm32cube.ide.mcu.externaltools.gnu-tools-for-stm32.12.3.rel1.linux64_1.0.100.202403111256/tools/bin/../lib/gcc/arm-none-eabi/12.3.1/../../../../arm-none-eabi/lib/thumb/v7e-m+dp/hard/libc_nano.a(libc_a-abort.o)
                0x0800fc74                abort
 .text._calloc_r
                0x0800fc82       0x28 /opt/st/stm32cubeide_1.15.1/plugins/com.st.stm32cube.ide.mcu.externaltools.gnu-tools-for-stm32.12.3.rel1.linux64_1.0.100.202403111256/tools/bin/../lib/gcc/arm-none-eabi/12.3.1/../../../../arm-none-eabi/lib/thumb/v7e-m+dp/hard/libc_nano.a(libc_a-callocr.o)
                0x0800fc82                _calloc_r
 .text.__ascii_mbtowc
                0x0800fcaa       0x24 /opt/st/stm32cubeide_1.15.1/plugins/com.st.stm32cube.ide.mcu.externaltools.gnu-tools-for-stm32.12.3.rel1.linux64_1.0.100.202403111256/tools/bin/../lib/gcc/arm-none-eabi/12.3.1/../../../../arm-none-eabi/lib/thumb/v7e-m+dp/hard/libc_nano.a(libc_a-mbtowc_r.o)
                0x0800fcaa                __ascii_mbtowc
 .text.__ascii_wctomb
                0x0800fcce       0x1a /opt/st/stm32cubeide_1.15.1/plugins/com.st.stm32cube.ide.mcu.externaltools.gnu-tools-for-stm32.12.3.rel1.linux64_1.0.100.202403111256/tools/bin/../lib/gcc/arm-none-eabi/12.3.1/../../../../arm-none-eabi/lib/thumb/v7e-m+dp/hard/libc_nano.a(libc_a-wctomb_r.o)
                0x0800fcce                __ascii_wctomb
 .text.__swhatbuf_r
                0x0800fce8       0x4c /opt/st/stm32cubeide_1.15.1/plugins/com.st.stm32cube.ide.mcu.externaltools.gnu-tools-for-stm32.12.3.rel1.linux64_1.0.100.202403111256/tools/bin/../lib/gcc/arm-none-eabi/12.3.1/../../../../arm-none-eabi/lib/thumb/v7e-m+dp/hard/libc_nano.a(libc_a-makebuf.o)
                0x0800fce8                __swhatbuf_r
 .text.__smakebuf_r
                0x0800fd34       0x78 /opt/st/stm32cubeide_1.15.1/plugins/com.st.stm32cube.ide.mcu.externaltools.gnu-tools-for-stm32.12.3.rel1.linux64_1.0.100.202403111256/tools/bin/../lib/gcc/arm-none-eabi/12.3.1/../../../../arm-none-eabi/lib/thumb/v7e-m+dp/hard/libc_nano.a(libc_a-makebuf.o)
                0x0800fd34                __smakebuf_r
 .text._raise_r
                0x0800fdac       0x50 /opt/st/stm32cubeide_1.15.1/plugins/com.st.stm32cube.ide.mcu.externaltools.gnu-tools-for-stm32.12.3.rel1.linux64_1.0.100.202403111256/tools/bin/../lib/gcc/arm-none-eabi/12.3.1/../../../../arm-none-eabi/lib/thumb/v7e-m+dp/hard/libc_nano.a(libc_a-signal.o)
                0x0800fdac                _raise_r
 .text.raise    0x0800fdfc       0x10 /opt/st/stm32cubeide_1.15.1/plugins/com.st.stm32cube.ide.mcu.externaltools.gnu-tools-for-stm32.12.3.rel1.linux64_1.0.100.202403111256/tools/bin/../lib/gcc/arm-none-eabi/12.3.1/../../../../arm-none-eabi/lib/thumb/v7e-m+dp/hard/libc_nano.a(libc_a-signal.o)
                0x0800fdfc                raise
 .text._fstat_r
                0x0800fe0c       0x24 /opt/st/stm32cubeide_1.15.1/plugins/com.st.stm32cube.ide.mcu.externaltools.gnu-tools-for-stm32.12.3.rel1.linux64_1.0.100.202403111256/tools/bin/../lib/gcc/arm-none-eabi/12.3.1/../../../../arm-none-eabi/lib/thumb/v7e-m+dp/hard/libc_nano.a(libc_a-fstatr.o)
                0x0800fe0c                _fstat_r
 .text._isatty_r
                0x0800fe30       0x20 /opt/st/stm32cubeide_1.15.1/plugins/com.st.stm32cube.ide.mcu.externaltools.gnu-tools-for-stm32.12.3.rel1.linux64_1.0.100.202403111256/tools/bin/../lib/gcc/arm-none-eabi/12.3.1/../../../../arm-none-eabi/lib/thumb/v7e-m+dp/hard/libc_nano.a(libc_a-isattyr.o)
                0x0800fe30                _isatty_r
 .text._kill_r  0x0800fe50       0x24 /opt/st/stm32cubeide_1.15.1/plugins/com.st.stm32cube.ide.mcu.externaltools.gnu-tools-for-stm32.12.3.rel1.linux64_1.0.100.202403111256/tools/bin/../lib/gcc/arm-none-eabi/12.3.1/../../../../arm-none-eabi/lib/thumb/v7e-m+dp/hard/libc_nano.a(libc_a-signalr.o)
                0x0800fe50                _kill_r
 .text._getpid_r
                0x0800fe74        0x4 /opt/st/stm32cubeide_1.15.1/plugins/com.st.stm32cube.ide.mcu.externaltools.gnu-tools-for-stm32.12.3.rel1.linux64_1.0.100.202403111256/tools/bin/../lib/gcc/arm-none-eabi/12.3.1/../../../../arm-none-eabi/lib/thumb/v7e-m+dp/hard/libc_nano.a(libc_a-signalr.o)
                0x0800fe74                _getpid_r
 *(.glue_7)
 .glue_7        0x0800fe78        0x0 linker stubs
 *(.glue_7t)
 .glue_7t       0x0800fe78        0x0 linker stubs
 *(.eh_frame)
 .eh_frame      0x0800fe78        0x0 /opt/st/stm32cubeide_1.15.1/plugins/com.st.stm32cube.ide.mcu.externaltools.gnu-tools-for-stm32.12.3.rel1.linux64_1.0.100.202403111256/tools/bin/../lib/gcc/arm-none-eabi/12.3.1/thumb/v7e-m+dp/hard/crtbegin.o
 *(.init)
 .init          0x0800fe78        0x4 /opt/st/stm32cubeide_1.15.1/plugins/com.st.stm32cube.ide.mcu.externaltools.gnu-tools-for-stm32.12.3.rel1.linux64_1.0.100.202403111256/tools/bin/../lib/gcc/arm-none-eabi/12.3.1/thumb/v7e-m+dp/hard/crti.o
                0x0800fe78                _init
 .init          0x0800fe7c        0x8 /opt/st/stm32cubeide_1.15.1/plugins/com.st.stm32cube.ide.mcu.externaltools.gnu-tools-for-stm32.12.3.rel1.linux64_1.0.100.202403111256/tools/bin/../lib/gcc/arm-none-eabi/12.3.1/thumb/v7e-m+dp/hard/crtn.o
 *(.fini)
 .fini          0x0800fe84        0x4 /opt/st/stm32cubeide_1.15.1/plugins/com.st.stm32cube.ide.mcu.externaltools.gnu-tools-for-stm32.12.3.rel1.linux64_1.0.100.202403111256/tools/bin/../lib/gcc/arm-none-eabi/12.3.1/thumb/v7e-m+dp/hard/crti.o
                0x0800fe84                _fini
 .fini          0x0800fe88        0x8 /opt/st/stm32cubeide_1.15.1/plugins/com.st.stm32cube.ide.mcu.externaltools.gnu-tools-for-stm32.12.3.rel1.linux64_1.0.100.202403111256/tools/bin/../lib/gcc/arm-none-eabi/12.3.1/thumb/v7e-m+dp/hard/crtn.o
                0x0800fe90                        . = ALIGN (0x4)
                0x0800fe90                        _etext = .

.vfp11_veneer   0x0800fe90        0x0
 .vfp11_veneer  0x0800fe90        0x0 linker stubs

.v4_bx          0x0800fe90        0x0
 .v4_bx         0x0800fe90        0x0 linker stubs

.iplt           0x0800fe90        0x0
 .iplt          0x0800fe90        0x0 /opt/st/stm32cubeide_1.15.1/plugins/com.st.stm32cube.ide.mcu.externaltools.gnu-tools-for-stm32.12.3.rel1.linux64_1.0.100.202403111256/tools/bin/../lib/gcc/arm-none-eabi/12.3.1/thumb/v7e-m+dp/hard/crtbegin.o

.rodata         0x0800fea0     0x7674
                0x0800fea0                        . = ALIGN (0x4)
 *(.rodata)
 .rodata        0x0800fea0       0x10 ./X-CUBE-AI/App/network_data.o
 *(.rodata*)
 .rodata.D1CorePrescTable
                0x0800feb0       0x10 ./Core/Src/system_stm32h7xx.o
                0x0800feb0                D1CorePrescTable
 .rodata.UARTPrescTable
                0x0800fec0       0x18 ./Drivers/STM32H7xx_HAL_Driver/Src/stm32h7xx_hal_uart.o
                0x0800fec0                UARTPrescTable
 .rodata.denominator.0
                0x0800fed8        0x8 ./Drivers/STM32H7xx_HAL_Driver/Src/stm32h7xx_hal_uart_ex.o
 .rodata.numerator.1
                0x0800fee0        0x8 ./Drivers/STM32H7xx_HAL_Driver/Src/stm32h7xx_hal_uart_ex.o
 .rodata.conv2d_0_chain
                0x0800fee8        0x8 ./X-CUBE-AI/App/network.o
 .rodata.conv2d_1_pad_before_chain
                0x0800fef0        0x8 ./X-CUBE-AI/App/network.o
 .rodata.conv2d_1_pad_before_value
                0x0800fef8       0x10 ./X-CUBE-AI/App/network.o
 .rodata.conv2d_1_pad_before_value_data
                0x0800ff08        0x1 ./X-CUBE-AI/App/network.o
 *fill*         0x0800ff09        0x3 
 .rodata.conv2d_1_chain
                0x0800ff0c        0x8 ./X-CUBE-AI/App/network.o
 .rodata.conv2d_2_chain
                0x0800ff14        0x8 ./X-CUBE-AI/App/network.o
 .rodata.conv2d_3_pad_before_chain
                0x0800ff1c        0x8 ./X-CUBE-AI/App/network.o
 .rodata.conv2d_3_pad_before_value
                0x0800ff24       0x10 ./X-CUBE-AI/App/network.o
 .rodata.conv2d_3_pad_before_value_data
                0x0800ff34        0x1 ./X-CUBE-AI/App/network.o
 *fill*         0x0800ff35        0x3 
 .rodata.conv2d_3_chain
                0x0800ff38        0x8 ./X-CUBE-AI/App/network.o
 .rodata.conv2d_4_chain
                0x0800ff40        0x8 ./X-CUBE-AI/App/network.o
 .rodata.conv2d_5_pad_before_chain
                0x0800ff48        0x8 ./X-CUBE-AI/App/network.o
 .rodata.conv2d_5_pad_before_value
                0x0800ff50       0x10 ./X-CUBE-AI/App/network.o
 .rodata.conv2d_5_pad_before_value_data
                0x0800ff60        0x1 ./X-CUBE-AI/App/network.o
 *fill*         0x0800ff61        0x3 
 .rodata.conv2d_5_chain
                0x0800ff64        0x8 ./X-CUBE-AI/App/network.o
 .rodata.conv2d_6_chain
                0x0800ff6c        0x8 ./X-CUBE-AI/App/network.o
 .rodata.conv2d_7_pad_before_chain
                0x0800ff74        0x8 ./X-CUBE-AI/App/network.o
 .rodata.conv2d_7_pad_before_value
                0x0800ff7c       0x10 ./X-CUBE-AI/App/network.o
 .rodata.conv2d_7_pad_before_value_data
                0x0800ff8c        0x1 ./X-CUBE-AI/App/network.o
 *fill*         0x0800ff8d        0x3 
 .rodata.conv2d_7_chain
                0x0800ff90        0x8 ./X-CUBE-AI/App/network.o
 .rodata.conv2d_8_chain
                0x0800ff98        0x8 ./X-CUBE-AI/App/network.o
 .rodata.pool_9_chain
                0x0800ffa0        0x8 ./X-CUBE-AI/App/network.o
 .rodata.gemm_11_chain
                0x0800ffa8        0x8 ./X-CUBE-AI/App/network.o
 .rodata.nl_12_chain
                0x0800ffb0        0x8 ./X-CUBE-AI/App/network.o
 .rodata.nl_12_nl_params
                0x0800ffb8       0x10 ./X-CUBE-AI/App/network.o
 .rodata.nl_12_nl_params_data
                0x0800ffc8        0xc ./X-CUBE-AI/App/network.o
 .rodata.conv2d_1_weights_array_intq
                0x0800ffd4        0x8 ./X-CUBE-AI/App/network.o
 .rodata.__compound_literal.80
                0x0800ffdc        0x8 ./X-CUBE-AI/App/network.o
 .rodata.__compound_literal.79
                0x0800ffe4       0x40 ./X-CUBE-AI/App/network.o
 .rodata.__compound_literal.78
                0x08010024      0x100 ./X-CUBE-AI/App/network.o
 .rodata.conv2d_0_weights_array_intq
                0x08010124        0x8 ./X-CUBE-AI/App/network.o
 .rodata.__compound_literal.77
                0x0801012c        0x8 ./X-CUBE-AI/App/network.o
 .rodata.__compound_literal.76
                0x08010134       0x40 ./X-CUBE-AI/App/network.o
 .rodata.__compound_literal.75
                0x08010174      0x100 ./X-CUBE-AI/App/network.o
 .rodata.nl_12_output_array_intq
                0x08010274        0x8 ./X-CUBE-AI/App/network.o
 .rodata.__compound_literal.74
                0x0801027c        0x8 ./X-CUBE-AI/App/network.o
 .rodata.__compound_literal.73
                0x08010284        0x1 ./X-CUBE-AI/App/network.o
 *fill*         0x08010285        0x3 
 .rodata.__compound_literal.72
                0x08010288        0x4 ./X-CUBE-AI/App/network.o
 .rodata.gemm_11_output_array_intq
                0x0801028c        0x8 ./X-CUBE-AI/App/network.o
 .rodata.__compound_literal.71
                0x08010294        0x8 ./X-CUBE-AI/App/network.o
 .rodata.__compound_literal.70
                0x0801029c        0x1 ./X-CUBE-AI/App/network.o
 *fill*         0x0801029d        0x3 
 .rodata.__compound_literal.69
                0x080102a0        0x4 ./X-CUBE-AI/App/network.o
 .rodata.pool_9_output_array_intq
                0x080102a4        0x8 ./X-CUBE-AI/App/network.o
 .rodata.__compound_literal.68
                0x080102ac        0x8 ./X-CUBE-AI/App/network.o
 .rodata.__compound_literal.67
                0x080102b4        0x1 ./X-CUBE-AI/App/network.o
 *fill*         0x080102b5        0x3 
 .rodata.__compound_literal.66
                0x080102b8        0x4 ./X-CUBE-AI/App/network.o
 .rodata.conv2d_8_output_array_intq
                0x080102bc        0x8 ./X-CUBE-AI/App/network.o
 .rodata.__compound_literal.65
                0x080102c4        0x8 ./X-CUBE-AI/App/network.o
 .rodata.__compound_literal.64
                0x080102cc        0x1 ./X-CUBE-AI/App/network.o
 *fill*         0x080102cd        0x3 
 .rodata.__compound_literal.63
                0x080102d0        0x4 ./X-CUBE-AI/App/network.o
 .rodata.conv2d_7_output_array_intq
                0x080102d4        0x8 ./X-CUBE-AI/App/network.o
 .rodata.__compound_literal.62
                0x080102dc        0x8 ./X-CUBE-AI/App/network.o
 .rodata.__compound_literal.61
                0x080102e4        0x1 ./X-CUBE-AI/App/network.o
 *fill*         0x080102e5        0x3 
 .rodata.__compound_literal.60
                0x080102e8        0x4 ./X-CUBE-AI/App/network.o
 .rodata.conv2d_7_pad_before_output_array_intq
                0x080102ec        0x8 ./X-CUBE-AI/App/network.o
 .rodata.__compound_literal.59
                0x080102f4        0x8 ./X-CUBE-AI/App/network.o
 .rodata.__compound_literal.58
                0x080102fc        0x1 ./X-CUBE-AI/App/network.o
 *fill*         0x080102fd        0x3 
 .rodata.__compound_literal.57
                0x08010300        0x4 ./X-CUBE-AI/App/network.o
 .rodata.conv2d_6_output_array_intq
                0x08010304        0x8 ./X-CUBE-AI/App/network.o
 .rodata.__compound_literal.56
                0x0801030c        0x8 ./X-CUBE-AI/App/network.o
 .rodata.__compound_literal.55
                0x08010314        0x1 ./X-CUBE-AI/App/network.o
 *fill*         0x08010315        0x3 
 .rodata.__compound_literal.54
                0x08010318        0x4 ./X-CUBE-AI/App/network.o
 .rodata.conv2d_5_output_array_intq
                0x0801031c        0x8 ./X-CUBE-AI/App/network.o
 .rodata.__compound_literal.53
                0x08010324        0x8 ./X-CUBE-AI/App/network.o
 .rodata.__compound_literal.52
                0x0801032c        0x1 ./X-CUBE-AI/App/network.o
 *fill*         0x0801032d        0x3 
 .rodata.__compound_literal.51
                0x08010330        0x4 ./X-CUBE-AI/App/network.o
 .rodata.conv2d_5_pad_before_output_array_intq
                0x08010334        0x8 ./X-CUBE-AI/App/network.o
 .rodata.__compound_literal.50
                0x0801033c        0x8 ./X-CUBE-AI/App/network.o
 .rodata.__compound_literal.49
                0x08010344        0x1 ./X-CUBE-AI/App/network.o
 *fill*         0x08010345        0x3 
 .rodata.__compound_literal.48
                0x08010348        0x4 ./X-CUBE-AI/App/network.o
 .rodata.conv2d_4_output_array_intq
                0x0801034c        0x8 ./X-CUBE-AI/App/network.o
 .rodata.__compound_literal.47
                0x08010354        0x8 ./X-CUBE-AI/App/network.o
 .rodata.__compound_literal.46
                0x0801035c        0x1 ./X-CUBE-AI/App/network.o
 *fill*         0x0801035d        0x3 
 .rodata.__compound_literal.45
                0x08010360        0x4 ./X-CUBE-AI/App/network.o
 .rodata.conv2d_3_output_array_intq
                0x08010364        0x8 ./X-CUBE-AI/App/network.o
 .rodata.__compound_literal.44
                0x0801036c        0x8 ./X-CUBE-AI/App/network.o
 .rodata.__compound_literal.43
                0x08010374        0x1 ./X-CUBE-AI/App/network.o
 *fill*         0x08010375        0x3 
 .rodata.__compound_literal.42
                0x08010378        0x4 ./X-CUBE-AI/App/network.o
 .rodata.conv2d_3_pad_before_output_array_intq
                0x0801037c        0x8 ./X-CUBE-AI/App/network.o
 .rodata.__compound_literal.41
                0x08010384        0x8 ./X-CUBE-AI/App/network.o
 .rodata.__compound_literal.40
                0x0801038c        0x1 ./X-CUBE-AI/App/network.o
 *fill*         0x0801038d        0x3 
 .rodata.__compound_literal.39
                0x08010390        0x4 ./X-CUBE-AI/App/network.o
 .rodata.conv2d_2_output_array_intq
                0x08010394        0x8 ./X-CUBE-AI/App/network.o
 .rodata.__compound_literal.38
                0x0801039c        0x8 ./X-CUBE-AI/App/network.o
 .rodata.__compound_literal.37
                0x080103a4        0x1 ./X-CUBE-AI/App/network.o
 *fill*         0x080103a5        0x3 
 .rodata.__compound_literal.36
                0x080103a8        0x4 ./X-CUBE-AI/App/network.o
 .rodata.conv2d_1_output_array_intq